Component: ARM Compiler 5.06 update 7 (build 960) Tool: armlink [4d3601]

==============================================================================

Section Cross References

    startup_stm32f103xe.o(RESET) refers to startup_stm32f103xe.o(STACK) for __initial_sp
    startup_stm32f103xe.o(RESET) refers to startup_stm32f103xe.o(.text) for Reset_Handler
    startup_stm32f103xe.o(RESET) refers to stm32f1xx_it.o(i.NMI_Handler) for NMI_Handler
    startup_stm32f103xe.o(RESET) refers to stm32f1xx_it.o(i.HardFault_Handler) for HardFault_Handler
    startup_stm32f103xe.o(RESET) refers to stm32f1xx_it.o(i.MemManage_Handler) for MemManage_Handler
    startup_stm32f103xe.o(RESET) refers to stm32f1xx_it.o(i.BusFault_Handler) for BusFault_Handler
    startup_stm32f103xe.o(RESET) refers to stm32f1xx_it.o(i.UsageFault_Handler) for UsageFault_Handler
    startup_stm32f103xe.o(RESET) refers to port.o(.emb_text) for SVC_Handler
    startup_stm32f103xe.o(RESET) refers to stm32f1xx_it.o(i.DebugMon_Handler) for DebugMon_Handler
    startup_stm32f103xe.o(RESET) refers to port.o(i.SysTick_Handler) for SysTick_Handler
    startup_stm32f103xe.o(RESET) refers to stm32f1xx_it.o(i.DMA1_Channel3_IRQHandler) for DMA1_Channel3_IRQHandler
    startup_stm32f103xe.o(RESET) refers to stm32f1xx_it.o(i.DMA1_Channel4_IRQHandler) for DMA1_Channel4_IRQHandler
    startup_stm32f103xe.o(RESET) refers to stm32f1xx_it.o(i.DMA1_Channel5_IRQHandler) for DMA1_Channel5_IRQHandler
    startup_stm32f103xe.o(RESET) refers to stm32f1xx_it.o(i.USB_HP_CAN1_TX_IRQHandler) for USB_HP_CAN1_TX_IRQHandler
    startup_stm32f103xe.o(RESET) refers to stm32f1xx_it.o(i.USB_LP_CAN1_RX0_IRQHandler) for USB_LP_CAN1_RX0_IRQHandler
    startup_stm32f103xe.o(RESET) refers to stm32f1xx_it.o(i.CAN1_RX1_IRQHandler) for CAN1_RX1_IRQHandler
    startup_stm32f103xe.o(RESET) refers to stm32f1xx_it.o(i.CAN1_SCE_IRQHandler) for CAN1_SCE_IRQHandler
    startup_stm32f103xe.o(RESET) refers to stm32f1xx_it.o(i.USART1_IRQHandler) for USART1_IRQHandler
    startup_stm32f103xe.o(RESET) refers to stm32f1xx_it.o(i.USART3_IRQHandler) for USART3_IRQHandler
    startup_stm32f103xe.o(RESET) refers to stm32f1xx_it.o(i.TIM7_IRQHandler) for TIM7_IRQHandler
    startup_stm32f103xe.o(.text) refers to system_stm32f1xx.o(i.SystemInit) for SystemInit
    startup_stm32f103xe.o(.text) refers to entry.o(.ARM.Collect$$$$00000000) for __main
    main.o(i.HAL_TIM_PeriodElapsedCallback) refers to stm32f1xx_hal.o(i.HAL_IncTick) for HAL_IncTick
    main.o(i.SystemClock_Config) refers to memseta.o(.text) for __aeabi_memclr4
    main.o(i.SystemClock_Config) refers to stm32f1xx_hal_rcc.o(i.HAL_RCC_OscConfig) for HAL_RCC_OscConfig
    main.o(i.SystemClock_Config) refers to main.o(i.Error_Handler) for Error_Handler
    main.o(i.SystemClock_Config) refers to stm32f1xx_hal_rcc.o(i.HAL_RCC_ClockConfig) for HAL_RCC_ClockConfig
    main.o(i.main) refers to stm32f1xx_hal.o(i.HAL_Init) for HAL_Init
    main.o(i.main) refers to main.o(i.SystemClock_Config) for SystemClock_Config
    main.o(i.main) refers to gpio.o(i.MX_GPIO_Init) for MX_GPIO_Init
    main.o(i.main) refers to dma.o(i.MX_DMA_Init) for MX_DMA_Init
    main.o(i.main) refers to usart.o(i.MX_USART1_UART_Init) for MX_USART1_UART_Init
    main.o(i.main) refers to usart.o(i.MX_USART2_UART_Init) for MX_USART2_UART_Init
    main.o(i.main) refers to usart.o(i.MX_USART3_UART_Init) for MX_USART3_UART_Init
    main.o(i.main) refers to can.o(i.MX_CAN_Init) for MX_CAN_Init
    main.o(i.main) refers to cmsis_os2.o(i.osKernelInitialize) for osKernelInitialize
    main.o(i.main) refers to freertos.o(i.MX_FREERTOS_Init) for MX_FREERTOS_Init
    main.o(i.main) refers to cmsis_os2.o(i.osKernelStart) for osKernelStart
    gpio.o(i.MX_GPIO_Init) refers to stm32f1xx_hal_gpio.o(i.HAL_GPIO_WritePin) for HAL_GPIO_WritePin
    gpio.o(i.MX_GPIO_Init) refers to stm32f1xx_hal_gpio.o(i.HAL_GPIO_Init) for HAL_GPIO_Init
    freertos.o(i.MX_FREERTOS_Init) refers to cmsis_os2.o(i.osThreadNew) for osThreadNew
    freertos.o(i.MX_FREERTOS_Init) refers to freertos.o(.constdata) for system_service_attributes
    freertos.o(i.MX_FREERTOS_Init) refers to init.o(i.system_service_task) for system_service_task
    freertos.o(i.MX_FREERTOS_Init) refers to freertos.o(.data) for system_serviceHandle
    freertos.o(i.system_service_task) refers to cmsis_os2.o(i.osDelay) for osDelay
    freertos.o(.constdata) refers to freertos.o(.conststring) for .conststring
    can.o(i.HAL_CAN_MspDeInit) refers to stm32f1xx_hal_gpio.o(i.HAL_GPIO_DeInit) for HAL_GPIO_DeInit
    can.o(i.HAL_CAN_MspDeInit) refers to stm32f1xx_hal_cortex.o(i.HAL_NVIC_DisableIRQ) for HAL_NVIC_DisableIRQ
    can.o(i.HAL_CAN_MspInit) refers to stm32f1xx_hal_gpio.o(i.HAL_GPIO_Init) for HAL_GPIO_Init
    can.o(i.HAL_CAN_MspInit) refers to stm32f1xx_hal_cortex.o(i.HAL_NVIC_SetPriority) for HAL_NVIC_SetPriority
    can.o(i.HAL_CAN_MspInit) refers to stm32f1xx_hal_cortex.o(i.HAL_NVIC_EnableIRQ) for HAL_NVIC_EnableIRQ
[...]
    i.xTaskIncrementTick                     0x08007618   Section        0  tasks.o(i.xTaskIncrementTick)
    i.xTaskPriorityDisinherit                0x0800775c   Section        0  tasks.o(i.xTaskPriorityDisinherit)
    i.xTaskRemoveFromEventList               0x08007800   Section        0  tasks.o(i.xTaskRemoveFromEventList)
    i.xTaskResumeAll                         0x08007898   Section        0  tasks.o(i.xTaskResumeAll)
    i.xTimerCreateTimerTask                  0x0800799c   Section        0  timers.o(i.xTimerCreateTimerTask)
    i.xTimerGenericCommand                   0x08007a14   Section        0  timers.o(i.xTimerGenericCommand)
    .constdata                               0x08007a98   Section       36  freertos.o(.constdata)
    .constdata                               0x08007abc   Section       18  stm32f1xx_hal_rcc.o(.constdata)
    aPLLMULFactorTable                       0x08007abc   Data          16  stm32f1xx_hal_rcc.o(.constdata)
    aPredivFactorTable                       0x08007acc   Data           2  stm32f1xx_hal_rcc.o(.constdata)
    .constdata                               0x08007ace   Section       24  system_stm32f1xx.o(.constdata)
    .constdata                               0x08007ae8   Section       48  chassis_task.o(.constdata)
    __FUNCTION__                             0x08007b0c   Data          12  chassis_task.o(.constdata)
    .constdata                               0x08007b18   Section       36  os_timer.o(.constdata)
    .conststring                             0x08007b3c   Section       15  freertos.o(.conststring)
    .conststring                             0x08007b4c   Section       12  chassis_task.o(.conststring)
    .conststring                             0x08007b58   Section       37  device.o(.conststring)
    .conststring                             0x08007b80   Section       10  os_timer.o(.conststring)
    .conststring                             0x08007b8c   Section       39  log.o(.conststring)
    .data                                    0x20000000   Section        4  freertos.o(.data)
    .data                                    0x20000004   Section        9  stm32f1xx_hal.o(.data)
    .data                                    0x20000010   Section        4  system_stm32f1xx.o(.data)
    .data                                    0x20000014   Section       60  tasks.o(.data)
    pxDelayedTaskList                        0x20000018   Data           4  tasks.o(.data)
    pxOverflowDelayedTaskList                0x2000001c   Data           4  tasks.o(.data)
    uxDeletedTasksWaitingCleanUp             0x20000020   Data           4  tasks.o(.data)
    uxCurrentNumberOfTasks                   0x20000024   Data           4  tasks.o(.data)
    xTickCount                               0x20000028   Data           4  tasks.o(.data)
    uxTopReadyPriority                       0x2000002c   Data           4  tasks.o(.data)
    xSchedulerRunning                        0x20000030   Data           4  tasks.o(.data)
    uxPendedTicks                            0x20000034   Data           4  tasks.o(.data)
    xYieldPending                            0x20000038   Data           4  tasks.o(.data)
    xNumOfOverflows                          0x2000003c   Data           4  tasks.o(.data)
    uxTaskNumber                             0x20000040   Data           4  tasks.o(.data)
    xNextTaskUnblockTime                     0x20000044   Data           4  tasks.o(.data)
    xIdleTaskHandle                          0x20000048   Data           4  tasks.o(.data)
    uxSchedulerSuspended                     0x2000004c   Data           4  tasks.o(.data)
    .data                                    0x20000050   Section       20  timers.o(.data)
    pxCurrentTimerList                       0x20000050   Data           4  timers.o(.data)
    pxOverflowTimerList                      0x20000054   Data           4  timers.o(.data)
    xTimerQueue                              0x20000058   Data           4  timers.o(.data)
    xTimerTaskHandle                         0x2000005c   Data           4  timers.o(.data)
    xLastTime                                0x20000060   Data           4  timers.o(.data)
    .data                                    0x20000064   Section        4  cmsis_os2.o(.data)
    KernelState                              0x20000064   Data           4  cmsis_os2.o(.data)
    .data                                    0x20000068   Section       24  heap_4.o(.data)
    xStart                                   0x20000068   Data           8  heap_4.o(.data)
    pxEnd                                    0x20000070   Data           4  heap_4.o(.data)
    xFreeBytesRemaining                      0x20000074   Data           4  heap_4.o(.data)
    xMinimumEverFreeBytesRemaining           0x20000078   Data           4  heap_4.o(.data)
    xBlockAllocatedBit                       0x2000007c   Data           4  heap_4.o(.data)
    .data                                    0x20000080   Section       12  port.o(.data)
    uxCriticalNesting                        0x20000080   Data           4  port.o(.data)
    ucMaxSysCallPriority                     0x20000084   Data           1  port.o(.data)
    ulMaxPRIGROUPValue                       0x20000088   Data           4  port.o(.data)
    .data                                    0x2000008c   Section       20  chassis_task.o(.data)
    .data                                    0x200000a0   Section       28  device.o(.data)
    object_container                         0x200000b4   Data           8  device.o(.data)
    .data                                    0x200000bc   Section        4  motor.o(.data)
    motor_can_send                           0x200000bc   Data           4  motor.o(.data)
    .data                                    0x200000c0   Section        8  drv_t12.o(.data)
    .data                                    0x200000c8   Section        4  os_timer.o(.data)
    .data                                    0x200000cc   Section       25  log.o(.data)
    .bss                                     0x200000e8   Section       40  can.o(.bss)
    .bss                                     0x20000110   Section      420  usart.o(.bss)
    .bss                                     0x200002b4   Section       72  stm32f1xx_hal_timebase_tim.o(.bss)
    .bss                                     0x200002fc   Section       64  queue.o(.bss)
    .bss                                     0x2000033c   Section     1220  tasks.o(.bss)
    pxReadyTasksLists                        0x2000033c   Data        1120  tasks.o(.bss)
    xDelayedTaskList1                        0x2000079c   Data          20  tasks.o(.bss)
    xDelayedTaskList2                        0x200007b0   Data          20  tasks.o(.bss)
    xPendingReadyList                        0x200007c4   Data          20  tasks.o(.bss)
    xTasksWaitingTermination                 0x200007d8   Data          20  tasks.o(.bss)
    xSuspendedTaskList                       0x200007ec   Data          20  tasks.o(.bss)
    .bss                                     0x20000800   Section      280  timers.o(.bss)
    xActiveTimerList1                        0x20000800   Data          20  timers.o(.bss)
    xActiveTimerList2                        0x20000814   Data          20  timers.o(.bss)
    xStaticTimerQueue                        0x20000828   Data          80  timers.o(.bss)
    ucStaticTimerQueueStorage                0x20000878   Data         160  timers.o(.bss)
    .bss                                     0x20000918   Section     1720  cmsis_os2.o(.bss)
    Idle_TCB                                 0x20000918   Data          92  cmsis_os2.o(.bss)
    Idle_Stack                               0x20000974   Data         512  cmsis_os2.o(.bss)
    Timer_TCB                                0x20000b74   Data          92  cmsis_os2.o(.bss)
    Timer_Stack                              0x20000bd0   Data        1024  cmsis_os2.o(.bss)
    .bss                                     0x20000fd0   Section    10240  heap_4.o(.bss)
    ucHeap                                   0x20000fd0   Data       10240  heap_4.o(.bss)
    .bss                                     0x200037d0   Section      408  chassis_task.o(.bss)
    .bss                                     0x20003968   Section     4144  drv_can.o(.bss)
    can_tx_fifo_buff                         0x20003998   Data        4096  drv_can.o(.bss)
    .bss                                     0x20004998   Section       50  drv_t12.o(.bss)
    t12_uart_rx_buff                         0x20004998   Data          50  drv_t12.o(.bss)
    .bss                                     0x200049cc   Section     5256  drv_uart.o(.bss)
    usart3_rx_buff                           0x200049cc   Data         512  drv_uart.o(.bss)
    usart3_tx_buff                           0x20004bcc   Data         512  drv_uart.o(.bss)
    usart3_tx_fifo_buff                      0x20004dcc   Data        1024  drv_uart.o(.bss)
    usart1_rx_buff                           0x200051cc   Data         512  drv_uart.o(.bss)
    usart1_tx_buff                           0x200053cc   Data         512  drv_uart.o(.bss)
    usart1_tx_fifo_buff                      0x200055cc   Data        2048  drv_uart.o(.bss)
    .bss                                     0x20005e54   Section      336  os_timer.o(.bss)
    .bss                                     0x20005fa4   Section      168  soft_timer.o(.bss)
    STACK                                    0x20006050   Section     1024  startup_stm32f103xe.o(STACK)

    Global Symbols

    Symbol Name                              Value     Ov Type        Size  Object(Section)

    BuildAttributes$$THM_ISAv4$P$D$K$B$S$PE$A:L22UL41UL21$X:L11$S22US41US21$IEEE1$IW$USESV6$~STKCKD$USESV7$~SHL$OTIME$ROPI$IEEEX$EBA8$MICROLIB$REQ8$PRES8$EABIv2 0x00000000   Number         0  anon$$obj.o ABSOLUTE
    __ARM_use_no_argv                        0x00000000   Number         0  main.o ABSOLUTE
    _printf_a                                0x00000000   Number         0  stubs.o ABSOLUTE
    _printf_c                                0x00000000   Number         0  stubs.o ABSOLUTE
    _printf_charcount                        0x00000000   Number         0  stubs.o ABSOLUTE
    _printf_d                                0x00000000   Number         0  stubs.o ABSOLUTE
    _printf_e                                0x00000000   Number         0  stubs.o ABSOLUTE
    _printf_f                                0x00000000   Number         0  stubs.o ABSOLUTE
    _printf_flags                            0x00000000   Number         0  stubs.o ABSOLUTE
    _printf_fp_dec                           0x00000000   Number         0  stubs.o ABSOLUTE
    _printf_fp_hex                           0x00000000   Number         0  stubs.o ABSOLUTE
    _printf_g                                0x00000000   Number         0  stubs.o ABSOLUTE
    _printf_i                                0x00000000   Number         0  stubs.o ABSOLUTE
    _printf_int_dec                          0x00000000   Number         0  stubs.o ABSOLUTE
    _printf_l                                0x00000000   Number         0  stubs.o ABSOLUTE
    _printf_lc                               0x00000000   Number         0  stubs.o ABSOLUTE
    _printf_ll                               0x00000000   Number         0  stubs.o ABSOLUTE
    _printf_lld                              0x00000000   Number         0  stubs.o ABSOLUTE
    _printf_lli                              0x00000000   Number         0  stubs.o ABSOLUTE
    _printf_llo                              0x00000000   Number         0  stubs.o ABSOLUTE
    _printf_llu                              0x00000000   Number         0  stubs.o ABSOLUTE
    _printf_llx                              0x00000000   Number         0  stubs.o ABSOLUTE
    _printf_longlong_dec                     0x00000000   Number         0  stubs.o ABSOLUTE
    _printf_longlong_hex                     0x00000000   Number         0  stubs.o ABSOLUTE
    _printf_longlong_oct                     0x00000000   Number         0  stubs.o ABSOLUTE
    _printf_ls                               0x00000000   Number         0  stubs.o ABSOLUTE
    _printf_mbtowc                           0x00000000   Number         0  stubs.o ABSOLUTE
    _printf_n                                0x00000000   Number         0  stubs.o ABSOLUTE
    _printf_o                                0x00000000   Number         0  stubs.o ABSOLUTE
    _printf_p                                0x00000000   Number         0  stubs.o ABSOLUTE
    _printf_percent                          0x00000000   Number         0  stubs.o ABSOLUTE
    _printf_pre_padding                      0x00000000   Number         0  stubs.o ABSOLUTE
    _printf_return_value                     0x00000000   Number         0  stubs.o ABSOLUTE
    _printf_s                                0x00000000   Number         0  stubs.o ABSOLUTE
    _printf_sizespec                         0x00000000   Number         0  stubs.o ABSOLUTE
    _printf_str                              0x00000000   Number         0  stubs.o ABSOLUTE
    _printf_truncate_signed                  0x00000000   Number         0  stubs.o ABSOLUTE
    _printf_truncate_unsigned                0x00000000   Number         0  stubs.o ABSOLUTE
    _printf_u                                0x00000000   Number         0  stubs.o ABSOLUTE
    _printf_wc                               0x00000000   Number         0  stubs.o ABSOLUTE
    _printf_wctomb                           0x00000000   Number         0  stubs.o ABSOLUTE
    _printf_widthprec                        0x00000000   Number         0  stubs.o ABSOLUTE
    _printf_x                                0x00000000   Number         0  stubs.o ABSOLUTE
    __arm_fini_                               - Undefined Weak Reference
    __cpp_initialize__aeabi_                  - Undefined Weak Reference
    __cxa_finalize                            - Undefined Weak Reference
    __decompress                              - Undefined Weak Reference
    _clock_init                               - Undefined Weak Reference
    _microlib_exit                            - Undefined Weak Reference
    __Vectors_Size                           0x00000130   Number         0  startup_stm32f103xe.o ABSOLUTE
    __Vectors                                0x08000000   Data           4  startup_stm32f103xe.o(RESET)
    __Vectors_End                            0x08000130   Data           0  startup_stm32f103xe.o(RESET)
    __main                                   0x08000131   Thumb Code     0  entry.o(.ARM.Collect$$$$00000000)
    _main_stk                                0x08000131   Thumb Code     0  entry2.o(.ARM.Collect$$$$00000001)
    _main_scatterload                        0x08000135   Thumb Code     0  entry5.o(.ARM.Collect$$$$00000004)
    __main_after_scatterload                 0x08000139   Thumb Code     0  entry5.o(.ARM.Collect$$$$00000004)
    _main_clock                              0x08000139   Thumb Code     0  entry7b.o(.ARM.Collect$$$$00000008)
    _main_cpp_init                           0x08000139   Thumb Code     0  entry8b.o(.ARM.Collect$$$$0000000A)
    _main_init                               0x08000139   Thumb Code     0  entry9a.o(.ARM.Collect$$$$0000000B)
    __rt_lib_shutdown_fini                   0x08000141   Thumb Code     0  entry12b.o(.ARM.Collect$$$$0000000E)
    __rt_final_cpp                           0x08000145   Thumb Code     0  entry10a.o(.ARM.Collect$$$$0000000F)
    __rt_final_exit                          0x08000145   Thumb Code     0  entry11a.o(.ARM.Collect$$$$00000011)
    SVC_Handler                              0x08000149   Thumb Code    32  port.o(.emb_text)
    __asm___6_port_c_39a90d8d__prvStartFirstTask 0x0800016d   Thumb Code    28  port.o(.emb_text)
    PendSV_Handler                           0x0800018d   Thumb Code    72  port.o(.emb_text)
    vPortGetIPSR                             0x080001d9   Thumb Code     6  port.o(.emb_text)
    Reset_Handler                            0x080001e1   Thumb Code     8  startup_stm32f103xe.o(.text)
    ADC1_2_IRQHandler                        0x080001fb   Thumb Code     0  startup_stm32f103xe.o(.text)
    ADC3_IRQHandler                          0x080001fb   Thumb Code     0  startup_stm32f103xe.o(.text)
    DMA1_Channel1_IRQHandler                 0x080001fb   Thumb Code     0  startup_stm32f103xe.o(.text)
    DMA1_Channel2_IRQHandler                 0x080001fb   Thumb Code     0  startup_stm32f103xe.o(.text)
    DMA1_Channel6_IRQHandler                 0x080001fb   Thumb Code     0  startup_stm32f103xe.o(.text)
    DMA1_Channel7_IRQHandler                 0x080001fb   Thumb Code     0  startup_stm32f103xe.o(.text)
    DMA2_Channel1_IRQHandler                 0x080001fb   Thumb Code     0  startup_stm32f103xe.o(.text)
    DMA2_Channel2_IRQHandler                 0x080001fb   Thumb Code     0  startup_stm32f103xe.o(.text)
    DMA2_Channel3_IRQHandler                 0x080001fb   Thumb Code     0  startup_stm32f103xe.o(.text)
    DMA2_Channel4_5_IRQHandler               0x080001fb   Thumb Code     0  startup_stm32f103xe.o(.text)
    EXTI0_IRQHandler                         0x080001fb   Thumb Code     0  startup_stm32f103xe.o(.text)
    EXTI15_10_IRQHandler                     0x080001fb   Thumb Code     0  startup_stm32f103xe.o(.text)
    EXTI1_IRQHandler                         0x080001fb   Thumb Code     0  startup_stm32f103xe.o(.text)
    EXTI2_IRQHandler                         0x080001fb   Thumb Code     0  startup_stm32f103xe.o(.text)
    EXTI3_IRQHandler                         0x080001fb   Thumb Code     0  startup_stm32f103xe.o(.text)
    EXTI4_IRQHandler                         0x080001fb   Thumb Code     0  startup_stm32f103xe.o(.text)
    EXTI9_5_IRQHandler                       0x080001fb   Thumb Code     0  startup_stm32f103xe.o(.text)
    FLASH_IRQHandler                         0x080001fb   Thumb Code     0  startup_stm32f103xe.o(.text)
    FSMC_IRQHandler                          0x080001fb   Thumb Code     0  startup_stm32f103xe.o(.text)
    I2C1_ER_IRQHandler                       0x080001fb   Thumb Code     0  startup_stm32f103xe.o(.text)
    I2C1_EV_IRQHandler                       0x080001fb   Thumb Code     0  startup_stm32f103xe.o(.text)
    I2C2_ER_IRQHandler                       0x080001fb   Thumb Code     0  startup_stm32f103xe.o(.text)
    I2C2_EV_IRQHandler                       0x080001fb   Thumb Code     0  startup_stm32f103xe.o(.text)
    PVD_IRQHandler                           0x080001fb   Thumb Code     0  startup_stm32f103xe.o(.text)
    RCC_IRQHandler                           0x080001fb   Thumb Code     0  startup_stm32f103xe.o(.text)
    RTC_Alarm_IRQHandler                     0x080001fb   Thumb Code     0  startup_stm32f103xe.o(.text)
    RTC_IRQHandler                           0x080001fb   Thumb Code     0  startup_stm32f103xe.o(.text)
    SDIO_IRQHandler                          0x080001fb   Thumb Code     0  startup_stm32f103xe.o(.text)
    SPI1_IRQHandler                          0x080001fb   Thumb Code     0  startup_stm32f103xe.o(.text)
    SPI2_IRQHandler                          0x080001fb   Thumb Code     0  startup_stm32f103xe.o(.text)
    SPI3_IRQHandler                          0x080001fb   Thumb Code     0  startup_stm32f103xe.o(.text)
    TAMPER_IRQHandler                        0x080001fb   Thumb Code     0  startup_stm32f103xe.o(.text)
    TIM1_BRK_IRQHandler                      0x080001fb   Thumb Code     0  startup_stm32f103xe.o(.text)
    TIM1_CC_IRQHandler                       0x080001fb   Thumb Code     0  startup_stm32f103xe.o(.text)
    TIM1_TRG_COM_IRQHandler                  0x080001fb   Thumb Code     0  startup_stm32f103xe.o(.text)
    TIM1_UP_IRQHandler                       0x080001fb   Thumb Code     0  startup_stm32f103xe.o(.text)
    TIM2_IRQHandler                          0x080001fb   Thumb Code     0  startup_stm32f103xe.o(.text)
    TIM3_IRQHandler                          0x080001fb   Thumb Code     0  startup_stm32f103xe.o(.text)
    TIM4_IRQHandler                          0x080001fb   Thumb Code     0  startup_stm32f103xe.o(.text)
    TIM5_IRQHandler                          0x080001fb   Thumb Code     0  startup_stm32f103xe.o(.text)
    TIM6_IRQHandler                          0x080001fb   Thumb Code     0  startup_stm32f103xe.o(.text)
    TIM8_BRK_IRQHandler                      0x080001fb   Thumb Code     0  startup_stm32f103xe.o(.text)
    TIM8_CC_IRQHandler                       0x080001fb   Thumb Code     0  startup_stm32f103xe.o(.text)
    TIM8_TRG_COM_IRQHandler                  0x080001fb   Thumb Code     0  startup_stm32f103xe.o(.text)
    TIM8_UP_IRQHandler                       0x080001fb   Thumb Code     0  startup_stm32f103xe.o(.text)
    UART4_IRQHandler                         0x080001fb   Thumb Code     0  startup_stm32f103xe.o(.text)
    UART5_IRQHandler                         0x080001fb   Thumb Code     0  startup_stm32f103xe.o(.text)
    USART2_IRQHandler                        0x080001fb   Thumb Code     0  startup_stm32f103xe.o(.text)
    USBWakeUp_IRQHandler                     0x080001fb   Thumb Code     0  startup_stm32f103xe.o(.text)
    WWDG_IRQHandler                          0x080001fb   Thumb Code     0  startup_stm32f103xe.o(.text)
    __aeabi_llsr                             0x08000205   Thumb Code    32  llushr.o(.text)
    _ll_ushift_r                             0x08000205   Thumb Code     0  llushr.o(.text)
    __aeabi_memcpy                           0x08000225   Thumb Code    36  memcpya.o(.text)
    __aeabi_memcpy4                          0x08000225   Thumb Code     0  memcpya.o(.text)
    __aeabi_memcpy8                          0x08000225   Thumb Code     0  memcpya.o(.text)
    __aeabi_memset                           0x08000249   Thumb Code    14  memseta.o(.text)
    __aeabi_memset4                          0x08000249   Thumb Code     0  memseta.o(.text)
    __aeabi_memset8                          0x08000249   Thumb Code     0  memseta.o(.text)
    __aeabi_memclr                           0x08000257   Thumb Code     4  memseta.o(.text)
    __aeabi_memclr4                          0x08000257   Thumb Code     0  memseta.o(.text)
    __aeabi_memclr8                          0x08000257   Thumb Code     0  memseta.o(.text)
    memset                                   0x0800025b   Thumb Code    18  memseta.o(.text)
    strlen                                   0x0800026d   Thumb Code    14  strlen.o(.text)
    strcpy                                   0x0800027b   Thumb Code    18  strcpy.o(.text)
    __aeabi_dadd                             0x0800028d   Thumb Code   322  dadd.o(.text)
    __aeabi_dsub                             0x080003cf   Thumb Code     6  dadd.o(.text)
    __aeabi_drsub                            0x080003d5   Thumb Code     6  dadd.o(.text)
    __aeabi_dmul                             0x080003db   Thumb Code   228  dmul.o(.text)
    __aeabi_ddiv                             0x080004bf   Thumb Code   222  ddiv.o(.text)
    __aeabi_uidiv                            0x0800059d   Thumb Code     0  uidiv.o(.text)
    __aeabi_uidivmod                         0x0800059d   Thumb Code    44  uidiv.o(.text)
    __aeabi_uldivmod                         0x080005c9   Thumb Code    98  uldiv.o(.text)
    __aeabi_llsl                             0x0800062b   Thumb Code    30  llshl.o(.text)
    _ll_shift_l                              0x0800062b   Thumb Code     0  llshl.o(.text)
    __aeabi_lasr                             0x08000649   Thumb Code    36  llsshr.o(.text)
    _ll_sshift_r                             0x08000649   Thumb Code     0  llsshr.o(.text)
    __I$use$fp                               0x0800066d   Thumb Code     0  iusefp.o(.text)
    _double_round                            0x0800066d   Thumb Code    30  depilogue.o(.text)
    _double_epilogue                         0x0800068b   Thumb Code   156  depilogue.o(.text)
    __aeabi_d2ulz                            0x08000727   Thumb Code    48  dfixul.o(.text)
    __aeabi_cdrcmple                         0x08000759   Thumb Code    48  cdrcmple.o(.text)
    __scatterload                            0x08000789   Thumb Code    28  init.o(.text)
    __scatterload_rt2                        0x08000789   Thumb Code     0  init.o(.text)
    BusFault_Handler                         0x080007ad   Thumb Code     4  stm32f1xx_it.o(i.BusFault_Handler)
    CAN1_RX1_IRQHandler                      0x080007b1   Thumb Code    10  stm32f1xx_it.o(i.CAN1_RX1_IRQHandler)
    CAN1_SCE_IRQHandler                      0x080007c1   Thumb Code    10  stm32f1xx_it.o(i.CAN1_SCE_IRQHandler)
    DMA1_Channel3_IRQHandler                 0x080007d1   Thumb Code    10  stm32f1xx_it.o(i.DMA1_Channel3_IRQHandler)
    DMA1_Channel4_IRQHandler                 0x080007e1   Thumb Code    10  stm32f1xx_it.o(i.DMA1_Channel4_IRQHandler)
    DMA1_Channel5_IRQHandler                 0x080007f1   Thumb Code    10  stm32f1xx_it.o(i.DMA1_Channel5_IRQHandler)
    DebugMon_Handler                         0x0800082d   Thumb Code     2  stm32f1xx_it.o(i.DebugMon_Handler)
    Error_Handler                            0x0800082f   Thumb Code     6  main.o(i.Error_Handler)
    HAL_CAN_ActivateNotification             0x08000835   Thumb Code    42  stm32f1xx_hal_can.o(i.HAL_CAN_ActivateNotification)
    HAL_CAN_AddTxMessage                     0x0800085f   Thumb Code   330  stm32f1xx_hal_can.o(i.HAL_CAN_AddTxMessage)
    HAL_CAN_ConfigFilter                     0x080009a9   Thumb Code   266  stm32f1xx_hal_can.o(i.HAL_CAN_ConfigFilter)
    HAL_CAN_ErrorCallback                    0x08000ab5   Thumb Code    18  drv_can.o(i.HAL_CAN_ErrorCallback)
    HAL_CAN_GetRxMessage                     0x08000ad1   Thumb Code   404  stm32f1xx_hal_can.o(i.HAL_CAN_GetRxMessage)
    HAL_CAN_GetTxMailboxesFreeLevel          0x08000c65   Thumb Code    54  stm32f1xx_hal_can.o(i.HAL_CAN_GetTxMailboxesFreeLevel)
    HAL_CAN_IRQHandler                       0x08000c9b   Thumb Code   590  stm32f1xx_hal_can.o(i.HAL_CAN_IRQHandler)
    HAL_CAN_Init                             0x08000ee9   Thumb Code   372  stm32f1xx_hal_can.o(i.HAL_CAN_Init)
    HAL_CAN_MspInit                          0x0800105d   Thumb Code   186  can.o(i.HAL_CAN_MspInit)
    HAL_CAN_RxFifo0FullCallback              0x08001125   Thumb Code     2  stm32f1xx_hal_can.o(i.HAL_CAN_RxFifo0FullCallback)
    HAL_CAN_RxFifo0MsgPendingCallback        0x08001129   Thumb Code    44  drv_can.o(i.HAL_CAN_RxFifo0MsgPendingCallback)
    HAL_CAN_RxFifo1FullCallback              0x0800115d   Thumb Code     2  stm32f1xx_hal_can.o(i.HAL_CAN_RxFifo1FullCallback)
    HAL_CAN_RxFifo1MsgPendingCallback        0x0800115f   Thumb Code     2  stm32f1xx_hal_can.o(i.HAL_CAN_RxFifo1MsgPendingCallback)
    HAL_CAN_SleepCallback                    0x08001161   Thumb Code     2  stm32f1xx_hal_can.o(i.HAL_CAN_SleepCallback)
    HAL_CAN_Start                            0x08001163   Thumb Code    94  stm32f1xx_hal_can.o(i.HAL_CAN_Start)
    HAL_CAN_TxMailbox0AbortCallback          0x080011c1   Thumb Code     2  stm32f1xx_hal_can.o(i.HAL_CAN_TxMailbox0AbortCallback)
    HAL_CAN_TxMailbox0CompleteCallback       0x080011c5   Thumb Code    18  drv_can.o(i.HAL_CAN_TxMailbox0CompleteCallback)
    HAL_CAN_TxMailbox1AbortCallback          0x080011e1   Thumb Code     2  stm32f1xx_hal_can.o(i.HAL_CAN_TxMailbox1AbortCallback)
    HAL_CAN_TxMailbox1CompleteCallback       0x080011e5   Thumb Code    18  drv_can.o(i.HAL_CAN_TxMailbox1CompleteCallback)
    HAL_CAN_TxMailbox2AbortCallback          0x08001201   Thumb Code     2  stm32f1xx_hal_can.o(i.HAL_CAN_TxMailbox2AbortCallback)
    HAL_CAN_TxMailbox2CompleteCallback       0x08001205   Thumb Code    18  drv_can.o(i.HAL_CAN_TxMailbox2CompleteCallback)
    HAL_CAN_WakeUpFromRxMsgCallback          0x08001221   Thumb Code     2  stm32f1xx_hal_can.o(i.HAL_CAN_WakeUpFromRxMsgCallback)
    HAL_DMA_Abort                            0x08001223   Thumb Code    86  stm32f1xx_hal_dma.o(i.HAL_DMA_Abort)
    HAL_DMA_Abort_IT                         0x08001279   Thumb Code   414  stm32f1xx_hal_dma.o(i.HAL_DMA_Abort_IT)
    HAL_DMA_IRQHandler                       0x08001421   Thumb Code   910  stm32f1xx_hal_dma.o(i.HAL_DMA_IRQHandler)
    HAL_DMA_Init                             0x080017b9   Thumb Code   132  stm32f1xx_hal_dma.o(i.HAL_DMA_Init)
    HAL_DMA_Start                            0x08001845   Thumb Code   114  stm32f1xx_hal_dma.o(i.HAL_DMA_Start)
    HAL_DMA_Start_IT                         0x080018b7   Thumb Code   156  stm32f1xx_hal_dma.o(i.HAL_DMA_Start_IT)
    HAL_GPIO_Init                            0x08001955   Thumb Code   792  stm32f1xx_hal_gpio.o(i.HAL_GPIO_Init)
    HAL_GPIO_WritePin                        0x08001c95   Thumb Code    12  stm32f1xx_hal_gpio.o(i.HAL_GPIO_WritePin)
    HAL_GetTick                              0x08001ca1   Thumb Code     6  stm32f1xx_hal.o(i.HAL_GetTick)
    HAL_IncTick                              0x08001cad   Thumb Code    16  stm32f1xx_hal.o(i.HAL_IncTick)
    HAL_Init                                 0x08001cc5   Thumb Code    34  stm32f1xx_hal.o(i.HAL_Init)
    HAL_InitTick                             0x08001ced   Thumb Code   158  stm32f1xx_hal_timebase_tim.o(i.HAL_InitTick)
    HAL_MspInit                              0x08001da1   Thumb Code    86  stm32f1xx_hal_msp.o(i.HAL_MspInit)
    HAL_NVIC_EnableIRQ                       0x08001e01   Thumb Code    32  stm32f1xx_hal_cortex.o(i.HAL_NVIC_EnableIRQ)
    HAL_NVIC_SetPriority                     0x08001e21   Thumb Code   124  stm32f1xx_hal_cortex.o(i.HAL_NVIC_SetPriority)
    HAL_NVIC_SetPriorityGrouping             0x08001e9d   Thumb Code    32  stm32f1xx_hal_cortex.o(i.HAL_NVIC_SetPriorityGrouping)
    HAL_RCC_ClockConfig                      0x08001ec5   Thumb Code   376  stm32f1xx_hal_rcc.o(i.HAL_RCC_ClockConfig)
    HAL_RCC_GetClockConfig                   0x08002051   Thumb Code    58  stm32f1xx_hal_rcc.o(i.HAL_RCC_GetClockConfig)
    HAL_RCC_GetHCLKFreq                      0x08002095   Thumb Code     6  stm32f1xx_hal_rcc.o(i.HAL_RCC_GetHCLKFreq)
    HAL_RCC_GetPCLK1Freq                     0x080020a1   Thumb Code    22  stm32f1xx_hal_rcc.o(i.HAL_RCC_GetPCLK1Freq)
    HAL_RCC_GetPCLK2Freq                     0x080020c1   Thumb Code    22  stm32f1xx_hal_rcc.o(i.HAL_RCC_GetPCLK2Freq)
    HAL_RCC_GetSysClockFreq                  0x080020e1   Thumb Code    92  stm32f1xx_hal_rcc.o(i.HAL_RCC_GetSysClockFreq)
    HAL_RCC_OscConfig                        0x08002151   Thumb Code  1114  stm32f1xx_hal_rcc.o(i.HAL_RCC_OscConfig)
    HAL_TIMEx_BreakCallback                  0x080025b5   Thumb Code     2  stm32f1xx_hal_tim_ex.o(i.HAL_TIMEx_BreakCallback)
    HAL_TIMEx_CommutCallback                 0x080025b7   Thumb Code     2  stm32f1xx_hal_tim_ex.o(i.HAL_TIMEx_CommutCallback)
    HAL_TIM_Base_Init                        0x080025b9   Thumb Code   102  stm32f1xx_hal_tim.o(i.HAL_TIM_Base_Init)
    HAL_TIM_Base_MspInit                     0x0800261f   Thumb Code     2  stm32f1xx_hal_tim.o(i.HAL_TIM_Base_MspInit)
    HAL_TIM_Base_Start_IT                    0x08002621   Thumb Code   122  stm32f1xx_hal_tim.o(i.HAL_TIM_Base_Start_IT)
    HAL_TIM_IC_CaptureCallback               0x080026b1   Thumb Code     2  stm32f1xx_hal_tim.o(i.HAL_TIM_IC_CaptureCallback)
    HAL_TIM_IRQHandler                       0x080026b3   Thumb Code   406  stm32f1xx_hal_tim.o(i.HAL_TIM_IRQHandler)
    HAL_TIM_OC_DelayElapsedCallback          0x08002849   Thumb Code     2  stm32f1xx_hal_tim.o(i.HAL_TIM_OC_DelayElapsedCallback)
    HAL_TIM_PWM_PulseFinishedCallback        0x0800284b   Thumb Code     2  stm32f1xx_hal_tim.o(i.HAL_TIM_PWM_PulseFinishedCallback)
    HAL_TIM_PeriodElapsedCallback            0x0800284d   Thumb Code    18  main.o(i.HAL_TIM_PeriodElapsedCallback)
    HAL_TIM_TriggerCallback                  0x08002865   Thumb Code     2  stm32f1xx_hal_tim.o(i.HAL_TIM_TriggerCallback)
    HAL_UARTEx_RxEventCallback               0x08002867   Thumb Code     2  stm32f1xx_hal_uart.o(i.HAL_UARTEx_RxEventCallback)
    HAL_UART_ErrorCallback                   0x08002869   Thumb Code     2  stm32f1xx_hal_uart.o(i.HAL_UART_ErrorCallback)
    HAL_UART_IRQHandler                      0x0800286d   Thumb Code   736  stm32f1xx_hal_uart.o(i.HAL_UART_IRQHandler)
    HAL_UART_Init                            0x08002b51   Thumb Code   118  stm32f1xx_hal_uart.o(i.HAL_UART_Init)
    HAL_UART_MspInit                         0x08002bc9   Thumb Code   522  usart.o(i.HAL_UART_MspInit)
    HAL_UART_Receive_DMA                     0x08002dfd   Thumb Code    44  stm32f1xx_hal_uart.o(i.HAL_UART_Receive_DMA)
    HAL_UART_RxCpltCallback                  0x08002e29   Thumb Code    36  drv_uart.o(i.HAL_UART_RxCpltCallback)
    HAL_UART_RxHalfCpltCallback              0x08002e5d   Thumb Code    36  drv_uart.o(i.HAL_UART_RxHalfCpltCallback)
    HAL_UART_Transmit_DMA                    0x08002e91   Thumb Code   128  stm32f1xx_hal_uart.o(i.HAL_UART_Transmit_DMA)
    HAL_UART_TxCpltCallback                  0x08002f1d   Thumb Code    32  drv_uart.o(i.HAL_UART_TxCpltCallback)
    HAL_UART_TxHalfCpltCallback              0x08002f4d   Thumb Code     2  stm32f1xx_hal_uart.o(i.HAL_UART_TxHalfCpltCallback)
    HardFault_Handler                        0x08002f4f   Thumb Code     4  stm32f1xx_it.o(i.HardFault_Handler)
    MX_CAN_Init                              0x08002f55   Thumb Code    58  can.o(i.MX_CAN_Init)
    MX_DMA_Init                              0x08002f99   Thumb Code    80  dma.o(i.MX_DMA_Init)
    MX_FREERTOS_Init                         0x08002fed   Thumb Code    18  freertos.o(i.MX_FREERTOS_Init)
    MX_GPIO_Init                             0x0800300d   Thumb Code   196  gpio.o(i.MX_GPIO_Init)
    MX_USART1_UART_Init                      0x080030dd   Thumb Code    46  usart.o(i.MX_USART1_UART_Init)
    MX_USART2_UART_Init                      0x08003115   Thumb Code    46  usart.o(i.MX_USART2_UART_Init)
    MX_USART3_UART_Init                      0x0800314d   Thumb Code    46  usart.o(i.MX_USART3_UART_Init)
    MemManage_Handler                        0x08003185   Thumb Code     4  stm32f1xx_it.o(i.MemManage_Handler)
    NMI_Handler                              0x08003189   Thumb Code     4  stm32f1xx_it.o(i.NMI_Handler)
    SysTick_Handler                          0x080031b5   Thumb Code    46  port.o(i.SysTick_Handler)
    SystemClock_Config                       0x080031e9   Thumb Code   102  main.o(i.SystemClock_Config)
    SystemInit                               0x0800324f   Thumb Code     2  system_stm32f1xx.o(i.SystemInit)
    TIM7_IRQHandler                          0x08003251   Thumb Code    10  stm32f1xx_it.o(i.TIM7_IRQHandler)
    TIM_Base_SetConfig                       0x08003261   Thumb Code   134  stm32f1xx_hal_tim.o(i.TIM_Base_SetConfig)
    TimerISR_Hook                            0x080032fd   Thumb Code    50  soft_timer.o(i.TimerISR_Hook)
    UART_Receive_DMA_No_IT                   0x08003589   Thumb Code   102  drv_t12.o(i.UART_Receive_DMA_No_IT)
    UART_Start_Receive_DMA                   0x080037e9   Thumb Code   186  stm32f1xx_hal_uart.o(i.UART_Start_Receive_DMA)
    USART1_IRQHandler                        0x08003911   Thumb Code    10  stm32f1xx_it.o(i.USART1_IRQHandler)
    USART3_IRQHandler                        0x08003921   Thumb Code    10  stm32f1xx_it.o(i.USART3_IRQHandler)
    USB_HP_CAN1_TX_IRQHandler                0x08003931   Thumb Code    10  stm32f1xx_it.o(i.USB_HP_CAN1_TX_IRQHandler)
    USB_LP_CAN1_RX0_IRQHandler               0x08003941   Thumb Code    10  stm32f1xx_it.o(i.USB_LP_CAN1_RX0_IRQHandler)
    UsageFault_Handler                       0x08003951   Thumb Code     4  stm32f1xx_it.o(i.UsageFault_Handler)
    __0snprintf                              0x08003955   Thumb Code    48  printfa.o(i.__0snprintf)
    __1snprintf                              0x08003955   Thumb Code     0  printfa.o(i.__0snprintf)
    __2snprintf                              0x08003955   Thumb Code     0  printfa.o(i.__0snprintf)
    __c89snprintf                            0x08003955   Thumb Code     0  printfa.o(i.__0snprintf)
    snprintf                                 0x08003955   Thumb Code     0  printfa.o(i.__0snprintf)
    __0vsnprintf                             0x08003989   Thumb Code    46  printfa.o(i.__0vsnprintf)
    __1vsnprintf                             0x08003989   Thumb Code     0  printfa.o(i.__0vsnprintf)
    __2vsnprintf                             0x08003989   Thumb Code     0  printfa.o(i.__0vsnprintf)
    __c89vsnprintf                           0x08003989   Thumb Code     0  printfa.o(i.__0vsnprintf)
    vsnprintf                                0x08003989   Thumb Code     0  printfa.o(i.__0vsnprintf)
    __scatterload_copy                       0x08003a07   Thumb Code    14  handlers.o(i.__scatterload_copy)
    __scatterload_null                       0x08003a15   Thumb Code     2  handlers.o(i.__scatterload_null)
    __scatterload_zeroinit                   0x08003a17   Thumb Code    14  handlers.o(i.__scatterload_zeroinit)
    board_config                             0x080042cd   Thumb Code    70  board.o(i.board_config)
    can_fifo0_rx_callback_register           0x080043d5   Thumb Code     8  drv_can.o(i.can_fifo0_rx_callback_register)
    can_manage_init                          0x080043dd   Thumb Code   146  drv_can.o(i.can_manage_init)
    can_msg_bytes_send                       0x0800447d   Thumb Code   204  drv_can.o(i.can_msg_bytes_send)
    can_rx_callback                          0x08004551   Thumb Code   314  board.o(i.can_rx_callback)
    can_std_transmit                         0x080046e9   Thumb Code    22  drv_can.o(i.can_std_transmit)
    caterpillar_set_speed                    0x0800477f   Thumb Code    10  caterpillar.o(i.caterpillar_set_speed)
    chassisTask                              0x08004789   Thumb Code   152  chassis_task.o(i.chassisTask)
    chassis_init                             0x0800485d   Thumb Code   180  chassis_task.o(i.chassis_init)
    device_init                              0x0800494d   Thumb Code   382  device.o(i.device_init)
    fifo_get                                 0x08004b61   Thumb Code    90  fifo.o(i.fifo_get)
    fifo_get_noprotect                       0x08004bbb   Thumb Code    62  fifo.o(i.fifo_get_noprotect)
    fifo_init                                0x08004bf9   Thumb Code    34  fifo.o(i.fifo_init)
    fifo_is_empty                            0x08004c1b   Thumb Code    14  fifo.o(i.fifo_is_empty)
    fifo_is_full                             0x08004c29   Thumb Code    14  fifo.o(i.fifo_is_full)
    fifo_put                                 0x08004c37   Thumb Code    90  fifo.o(i.fifo_put)
    fifo_s_gets                              0x08004c91   Thumb Code   160  fifo.o(i.fifo_s_gets)
    fifo_s_init                              0x08004d31   Thumb Code    28  fifo.o(i.fifo_s_init)
    fifo_s_puts                              0x08004d4d   Thumb Code   166  fifo.o(i.fifo_s_puts)
    get_global_log_level                     0x08004df5   Thumb Code     6  log.o(i.get_global_log_level)
    get_time_ms                              0x080050a7   Thumb Code     8  sys.o(i.get_time_ms)
    hw_init                                  0x080050af   Thumb Code     8  init.o(i.hw_init)
    log_printf                               0x080050b7   Thumb Code    52  log.o(i.log_printf)
    log_printf_to_buffer                     0x080050eb   Thumb Code    40  log.o(i.log_printf_to_buffer)
    main                                     0x08005113   Thumb Code    48  main.o(i.main)
    motor_can_send_register                  0x08005145   Thumb Code   162  motor.o(i.motor_can_send_register)
    motor_canstd_send                        0x08005255   Thumb Code    22  motor.o(i.motor_canstd_send)
    motor_register                           0x0800526d   Thumb Code   332  motor.o(i.motor_register)
    osDelay                                  0x08005439   Thumb Code    50  cmsis_os2.o(i.osDelay)
    osDelayUntil                             0x08005471   Thumb Code    58  cmsis_os2.o(i.osDelayUntil)
    osKernelInitialize                       0x080054b1   Thumb Code    58  cmsis_os2.o(i.osKernelInitialize)
    osKernelStart                            0x080054f1   Thumb Code    64  cmsis_os2.o(i.osKernelStart)
    osThreadNew                              0x08005535   Thumb Code   216  cmsis_os2.o(i.osThreadNew)
    pvPortMalloc                             0x08005fdd   Thumb Code   296  heap_4.o(i.pvPortMalloc)
    pxPortInitialiseStack                    0x08006119   Thumb Code    30  port.o(i.pxPortInitialiseStack)
    rc_device_date_update                    0x0800613d   Thumb Code    34  sbus.o(i.rc_device_date_update)
    rc_device_get_info                       0x08006161   Thumb Code   162  sbus.o(i.rc_device_get_info)
    rc_device_register                       0x08006271   Thumb Code   190  sbus.o(i.rc_device_register)
    soft_timer_FreeRTOS_init                 0x080063a5   Thumb Code    18  os_timer.o(i.soft_timer_FreeRTOS_init)
    soft_timer_check                         0x080063c5   Thumb Code    66  soft_timer.o(i.soft_timer_check)
    soft_timer_init                          0x0800640d   Thumb Code    32  soft_timer.o(i.soft_timer_init)
    soft_timer_update                        0x08006431   Thumb Code    74  soft_timer.o(i.soft_timer_update)
    sys_init                                 0x08006481   Thumb Code     8  init.o(i.sys_init)
    system_service_task                      0x08006489   Thumb Code    24  init.o(i.system_service_task)
    t12_rx_data_by_uart                      0x080064a1   Thumb Code    18  board.o(i.t12_rx_data_by_uart)
    t12_uart_init                            0x080064b9   Thumb Code    42  drv_t12.o(i.t12_uart_init)
    task_init                                0x080064f5   Thumb Code     8  init.o(i.task_init)
    timer_task                               0x080064fd   Thumb Code    98  os_timer.o(i.timer_task)
    usart1_manage_init                       0x08006565   Thumb Code    92  drv_uart.o(i.usart1_manage_init)
    usart1_transmit                          0x080065d9   Thumb Code    18  drv_uart.o(i.usart1_transmit)
    usart3_manage_init                       0x080065f1   Thumb Code    92  drv_uart.o(i.usart3_manage_init)
    usart_transmit                           0x080066d3   Thumb Code   148  drv_uart.o(i.usart_transmit)
    uxListRemove                             0x080067a7   Thumb Code    40  list.o(i.uxListRemove)
    vApplicationGetIdleTaskMemory            0x080067d1   Thumb Code    14  cmsis_os2.o(i.vApplicationGetIdleTaskMemory)
    vApplicationGetTimerTaskMemory           0x080067e9   Thumb Code    16  cmsis_os2.o(i.vApplicationGetTimerTaskMemory)
    vListInitialise                          0x08006801   Thumb Code    26  list.o(i.vListInitialise)
    vListInitialiseItem                      0x0800681b   Thumb Code     6  list.o(i.vListInitialiseItem)
    vListInsert                              0x08006821   Thumb Code    52  list.o(i.vListInsert)
    vListInsertEnd                           0x08006855   Thumb Code    24  list.o(i.vListInsertEnd)
    vPortEnterCritical                       0x0800686d   Thumb Code    76  port.o(i.vPortEnterCritical)
    vPortExitCritical                        0x080068c1   Thumb Code    56  port.o(i.vPortExitCritical)
    vPortFree                                0x080068fd   Thumb Code   140  heap_4.o(i.vPortFree)
    vPortSetupTimerInterrupt                 0x08006991   Thumb Code    36  port.o(i.vPortSetupTimerInterrupt)
    vPortValidateInterruptPriority           0x080069b9   Thumb Code   106  port.o(i.vPortValidateInterruptPriority)
    vQueueAddToRegistry                      0x08006a31   Thumb Code    38  queue.o(i.vQueueAddToRegistry)
    vQueueWaitForMessageRestricted           0x08006a5d   Thumb Code    74  queue.o(i.vQueueWaitForMessageRestricted)
    vTaskDelay                               0x08006aa9   Thumb Code    82  tasks.o(i.vTaskDelay)
    vTaskDelayUntil                          0x08006b05   Thumb Code   200  tasks.o(i.vTaskDelayUntil)
    vTaskInternalSetTimeOutState             0x08006bd9   Thumb Code    14  tasks.o(i.vTaskInternalSetTimeOutState)
    vTaskMissedYield                         0x08006bf1   Thumb Code     8  tasks.o(i.vTaskMissedYield)
    vTaskPlaceOnEventList                    0x08006bfd   Thumb Code    52  tasks.o(i.vTaskPlaceOnEventList)
    vTaskPlaceOnEventListRestricted          0x08006c35   Thumb Code    60  tasks.o(i.vTaskPlaceOnEventListRestricted)
    vTaskStartScheduler                      0x08006c75   Thumb Code   156  tasks.o(i.vTaskStartScheduler)
    vTaskSuspendAll                          0x08006d2d   Thumb Code    12  tasks.o(i.vTaskSuspendAll)
    vTaskSwitchContext                       0x08006d3d   Thumb Code   122  tasks.o(i.vTaskSwitchContext)
    xPortStartScheduler                      0x08006dcd   Thumb Code   228  port.o(i.xPortStartScheduler)
    xQueueGenericCreateStatic                0x08006ec5   Thumb Code   222  queue.o(i.xQueueGenericCreateStatic)
    xQueueGenericReset                       0x08006fa5   Thumb Code   146  queue.o(i.xQueueGenericReset)
    xQueueGenericSend                        0x0800703d   Thumb Code   420  queue.o(i.xQueueGenericSend)
    xQueueGenericSendFromISR                 0x080071e5   Thumb Code   248  queue.o(i.xQueueGenericSendFromISR)
    xQueueReceive                            0x080072dd   Thumb Code   356  queue.o(i.xQueueReceive)
    xTaskCheckForTimeOut                     0x08007445   Thumb Code   132  tasks.o(i.xTaskCheckForTimeOut)
    xTaskCreate                              0x080074d1   Thumb Code   100  tasks.o(i.xTaskCreate)
    xTaskCreateStatic                        0x08007535   Thumb Code   184  tasks.o(i.xTaskCreateStatic)
    xTaskGetSchedulerState                   0x080075ed   Thumb Code    24  tasks.o(i.xTaskGetSchedulerState)
    xTaskGetTickCount                        0x0800760d   Thumb Code     6  tasks.o(i.xTaskGetTickCount)
    xTaskIncrementTick                       0x08007619   Thumb Code   280  tasks.o(i.xTaskIncrementTick)
    xTaskPriorityDisinherit                  0x0800775d   Thumb Code   152  tasks.o(i.xTaskPriorityDisinherit)
    xTaskRemoveFromEventList                 0x08007801   Thumb Code   126  tasks.o(i.xTaskRemoveFromEventList)
    xTaskResumeAll                           0x08007899   Thumb Code   222  tasks.o(i.xTaskResumeAll)
    xTimerCreateTimerTask                    0x0800799d   Thumb Code   100  timers.o(i.xTimerCreateTimerTask)
    xTimerGenericCommand                     0x08007a15   Thumb Code   128  timers.o(i.xTimerGenericCommand)
    system_service_attributes                0x08007a98   Data          36  freertos.o(.constdata)
    AHBPrescTable                            0x08007ace   Data          16  system_stm32f1xx.o(.constdata)
    APBPrescTable                            0x08007ade   Data           8  system_stm32f1xx.o(.constdata)
    chassTask_attr                           0x08007ae8   Data          36  chassis_task.o(.constdata)
    timer_task_attributes                    0x08007b18   Data          36  os_timer.o(.constdata)
    Region$$Table$$Base                      0x08007bb4   Number         0  anon$$obj.o(Region$$Table)
    Region$$Table$$Limit                     0x08007bd4   Number         0  anon$$obj.o(Region$$Table)
    system_serviceHandle                     0x20000000   Data           4  freertos.o(.data)
    uwTick                                   0x20000004   Data           4  stm32f1xx_hal.o(.data)
    uwTickPrio                               0x20000008   Data           4  stm32f1xx_hal.o(.data)
    uwTickFreq                               0x2000000c   Data           1  stm32f1xx_hal.o(.data)
    SystemCoreClock                          0x20000010   Data           4  system_stm32f1xx.o(.data)
    pxCurrentTCB                             0x20000014   Data           4  tasks.o(.data)
    chassisTaskHandle                        0x2000008c   Data           4  chassis_task.o(.data)
    p_rc_info                                0x20000090   Data           4  chassis_task.o(.data)
    vx                                       0x20000094   Data           4  chassis_task.o(.data)
    vy                                       0x20000098   Data           4  chassis_task.o(.data)
    vw                                       0x2000009c   Data           4  chassis_task.o(.data)
    device_name                              0x200000a0   Data          20  device.o(.data)
    t12_rx_callback                          0x200000c0   Data           4  drv_t12.o(.data)
    t12_forword_callback                     0x200000c4   Data           4  drv_t12.o(.data)
    timer_task_t                             0x200000c8   Data           4  os_timer.o(.data)
    LOG_LEVEL_TAGS                           0x200000cc   Data          24  log.o(.data)
    log_level                                0x200000e4   Data           1  log.o(.data)
    hcan                                     0x200000e8   Data          40  can.o(.bss)
    huart1                                   0x20000110   Data          72  usart.o(.bss)
    huart2                                   0x20000158   Data          72  usart.o(.bss)
    huart3                                   0x200001a0   Data          72  usart.o(.bss)
    hdma_usart1_rx                           0x200001e8   Data          68  usart.o(.bss)
    hdma_usart1_tx                           0x2000022c   Data          68  usart.o(.bss)
    hdma_usart3_rx                           0x20000270   Data          68  usart.o(.bss)
    htim7                                    0x200002b4   Data          72  stm32f1xx_hal_timebase_tim.o(.bss)
    xQueueRegistry                           0x200002fc   Data          64  queue.o(.bss)
    chassis                                  0x200037d0   Data         256  chassis_task.o(.bss)
    chassis_rc                               0x200038d0   Data         132  chassis_task.o(.bss)
    catp                                     0x20003954   Data          20  chassis_task.o(.bss)
    can_manage                               0x20003968   Data          48  drv_can.o(.bss)
    usart1_manage_obj                        0x20005dcc   Data          68  drv_uart.o(.bss)
    usart3_manage_obj                        0x20005e10   Data          68  drv_uart.o(.bss)
    soft_timer                               0x20005e54   Data         336  os_timer.o(.bss)
    SoftTimer                                0x20005fa4   Data         168  soft_timer.o(.bss)
    __initial_sp                             0x20006450   Data           0  startup_stm32f103xe.o(STACK)



==============================================================================

Memory Map of the image

  Image Entry point : 0x08000131

  Load Region LR_IROM1 (Base: 0x08000000, Size: 0x00007cbc, Max: 0x00040000, ABSOLUTE)

    Execution Region ER_IROM1 (Exec base: 0x08000000, Load base: 0x08000000, Size: 0x00007bd4, Max: 0x00040000, ABSOLUTE)

    Exec Addr    Load Addr    Size         Type   Attr      Idx    E Section Name        Object

    0x08000000   0x08000000   0x00000130   Data   RO            3    RESET               startup_stm32f103xe.o
    0x08000130   0x08000130   0x00000000   Code   RO         6254  * .ARM.Collect$$$$00000000  mc_w.l(entry.o)
    0x08000130   0x08000130   0x00000004   Code   RO         6616    .ARM.Collect$$$$00000001  mc_w.l(entry2.o)
    0x08000134   0x08000134   0x00000004   Code   RO         6619    .ARM.Collect$$$$00000004  mc_w.l(entry5.o)
    0x08000138   0x08000138   0x00000000   Code   RO         6621    .ARM.Collect$$$$00000008  mc_w.l(entry7b.o)
    0x08000138   0x08000138   0x00000000   Code   RO         6623    .ARM.Collect$$$$0000000A  mc_w.l(entry8b.o)
    0x08000138   0x08000138   0x00000008   Code   RO         6624    .ARM.Collect$$$$0000000B  mc_w.l(entry9a.o)
    0x08000140   0x08000140   0x00000004   Code   RO         6631    .ARM.Collect$$$$0000000E  mc_w.l(entry12b.o)
    0x08000144   0x08000144   0x00000000   Code   RO         6626    .ARM.Collect$$$$0000000F  mc_w.l(entry10a.o)
    0x08000144   0x08000144   0x00000000   Code   RO         6628    .ARM.Collect$$$$00000011  mc_w.l(entry11a.o)
    0x08000144   0x08000144   0x00000004   Code   RO         6617    .ARM.Collect$$$$00002712  mc_w.l(entry2.o)
    0x08000148   0x08000148   0x00000096   Code   RO         4887    .emb_text           port.o
    0x080001de   0x080001de   0x00000002   PAD
    0x080001e0   0x080001e0   0x00000024   Code   RO            4    .text               startup_stm32f103xe.o
    0x08000204   0x08000204   0x00000020   Code   RO         6257    .text               mc_w.l(llushr.o)
    0x08000224   0x08000224   0x00000024   Code   RO         6259    .text               mc_w.l(memcpya.o)
    0x08000248   0x08000248   0x00000024   Code   RO         6263    .text               mc_w.l(memseta.o)
    0x0800026c   0x0800026c   0x0000000e   Code   RO         6265    .text               mc_w.l(strlen.o)
    0x0800027a   0x0800027a   0x00000012   Code   RO         6267    .text               mc_w.l(strcpy.o)
    0x0800028c   0x0800028c   0x0000014e   Code   RO         6568    .text               mf_w.l(dadd.o)
    0x080003da   0x080003da   0x000000e4   Code   RO         6570    .text               mf_w.l(dmul.o)
    0x080004be   0x080004be   0x000000de   Code   RO         6572    .text               mf_w.l(ddiv.o)
    0x0800059c   0x0800059c   0x0000002c   Code   RO         6635    .text               mc_w.l(uidiv.o)
    0x080005c8   0x080005c8   0x00000062   Code   RO         6637    .text               mc_w.l(uldiv.o)
    0x0800062a   0x0800062a   0x0000001e   Code   RO         6639    .text               mc_w.l(llshl.o)
    0x08000648   0x08000648   0x00000024   Code   RO         6641    .text               mc_w.l(llsshr.o)
    0x0800066c   0x0800066c   0x00000000   Code   RO         6652    .text               mc_w.l(iusefp.o)
    0x0800066c   0x0800066c   0x000000ba   Code   RO         6655    .text               mf_w.l(depilogue.o)
    0x08000726   0x08000726   0x00000030   Code   RO         6657    .text               mf_w.l(dfixul.o)
    0x08000756   0x08000756   0x00000002   PAD
    0x08000758   0x08000758   0x00000030   Code   RO         6659    .text               mf_w.l(cdrcmple.o)
    0x08000788   0x08000788   0x00000024   Code   RO         6665    .text               mc_w.l(init.o)
    0x080007ac   0x080007ac   0x00000004   Code   RO          449    i.BusFault_Handler  stm32f1xx_it.o
    0x080007b0   0x080007b0   0x00000010   Code   RO          450    i.CAN1_RX1_IRQHandler  stm32f1xx_it.o
    0x080007c0   0x080007c0   0x00000010   Code   RO          451    i.CAN1_SCE_IRQHandler  stm32f1xx_it.o
    0x080007d0   0x080007d0   0x00000010   Code   RO          452    i.DMA1_Channel3_IRQHandler  stm32f1xx_it.o
    0x080007e0   0x080007e0   0x00000010   Code   RO          453    i.DMA1_Channel4_IRQHandler  stm32f1xx_it.o
    0x080007f0   0x080007f0   0x00000010   Code   RO          454    i.DMA1_Channel5_IRQHandler  stm32f1xx_it.o
    0x08000800   0x08000800   0x0000002c   Code   RO         1285    i.DMA_SetConfig     stm32f1xx_hal_dma.o
    0x0800082c   0x0800082c   0x00000002   Code   RO          455    i.DebugMon_Handler  stm32f1xx_it.o
    0x0800082e   0x0800082e   0x00000006   Code   RO           13    i.Error_Handler     main.o
    0x08000834   0x08000834   0x0000002a   Code   RO          667    i.HAL_CAN_ActivateNotification  stm32f1xx_hal_can.o
    0x0800085e   0x0800085e   0x0000014a   Code   RO          668    i.HAL_CAN_AddTxMessage  stm32f1xx_hal_can.o
    0x080009a8   0x080009a8   0x0000010a   Code   RO          669    i.HAL_CAN_ConfigFilter  stm32f1xx_hal_can.o
    0x08000ab2   0x08000ab2   0x00000002   PAD
    0x08000ab4   0x08000ab4   0x0000001c   Code   RO         5380    i.HAL_CAN_ErrorCallback  drv_can.o
    0x08000ad0   0x08000ad0   0x00000194   Code   RO          675    i.HAL_CAN_GetRxMessage  stm32f1xx_hal_can.o
    0x08000c64   0x08000c64   0x00000036   Code   RO          677    i.HAL_CAN_GetTxMailboxesFreeLevel  stm32f1xx_hal_can.o
    0x08000c9a   0x08000c9a   0x0000024e   Code   RO          679    i.HAL_CAN_IRQHandler  stm32f1xx_hal_can.o
    0x08000ee8   0x08000ee8   0x00000174   Code   RO          680    i.HAL_CAN_Init      stm32f1xx_hal_can.o
    0x0800105c   0x0800105c   0x000000c8   Code   RO          330    i.HAL_CAN_MspInit   can.o
    0x08001124   0x08001124   0x00000002   Code   RO          687    i.HAL_CAN_RxFifo0FullCallback  stm32f1xx_hal_can.o
    0x08001126   0x08001126   0x00000002   PAD
    0x08001128   0x08001128   0x00000034   Code   RO         5381    i.HAL_CAN_RxFifo0MsgPendingCallback  drv_can.o
    0x0800115c   0x0800115c   0x00000002   Code   RO          689    i.HAL_CAN_RxFifo1FullCallback  stm32f1xx_hal_can.o
    0x0800115e   0x0800115e   0x00000002   Code   RO          690    i.HAL_CAN_RxFifo1MsgPendingCallback  stm32f1xx_hal_can.o
    0x08001160   0x08001160   0x00000002   Code   RO          691    i.HAL_CAN_SleepCallback  stm32f1xx_hal_can.o
    0x08001162   0x08001162   0x0000005e   Code   RO          692    i.HAL_CAN_Start     stm32f1xx_hal_can.o
    0x080011c0   0x080011c0   0x00000002   Code   RO          694    i.HAL_CAN_TxMailbox0AbortCallback  stm32f1xx_hal_can.o
    0x080011c2   0x080011c2   0x00000002   PAD
    0x080011c4   0x080011c4   0x0000001c   Code   RO         5382    i.HAL_CAN_TxMailbox0CompleteCallback  drv_can.o
    0x080011e0   0x080011e0   0x00000002   Code   RO          696    i.HAL_CAN_TxMailbox1AbortCallback  stm32f1xx_hal_can.o
    0x080011e2   0x080011e2   0x00000002   PAD
    0x080011e4   0x080011e4   0x0000001c   Code   RO         5383    i.HAL_CAN_TxMailbox1CompleteCallback  drv_can.o
    0x08001200   0x08001200   0x00000002   Code   RO          698    i.HAL_CAN_TxMailbox2AbortCallback  stm32f1xx_hal_can.o
    0x08001202   0x08001202   0x00000002   PAD
    0x08001204   0x08001204   0x0000001c   Code   RO         5384    i.HAL_CAN_TxMailbox2CompleteCallback  drv_can.o
    0x08001220   0x08001220   0x00000002   Code   RO          701    i.HAL_CAN_WakeUpFromRxMsgCallback  stm32f1xx_hal_can.o
    0x08001222   0x08001222   0x00000056   Code   RO         1286    i.HAL_DMA_Abort     stm32f1xx_hal_dma.o
    0x08001278   0x08001278   0x000001a8   Code   RO         1287    i.HAL_DMA_Abort_IT  stm32f1xx_hal_dma.o
    0x08001420   0x08001420   0x00000398   Code   RO         1291    i.HAL_DMA_IRQHandler  stm32f1xx_hal_dma.o
    0x080017b8   0x080017b8   0x0000008c   Code   RO         1292    i.HAL_DMA_Init      stm32f1xx_hal_dma.o
    0x08001844   0x08001844   0x00000072   Code   RO         1295    i.HAL_DMA_Start     stm32f1xx_hal_dma.o
    0x080018b6   0x080018b6   0x0000009c   Code   RO         1296    i.HAL_DMA_Start_IT  stm32f1xx_hal_dma.o
    0x08001952   0x08001952   0x00000002   PAD
    0x08001954   0x08001954   0x00000340   Code   RO         1222    i.HAL_GPIO_Init     stm32f1xx_hal_gpio.o
    0x08001c94   0x08001c94   0x0000000c   Code   RO         1226    i.HAL_GPIO_WritePin  stm32f1xx_hal_gpio.o
    0x08001ca0   0x08001ca0   0x0000000c   Code   RO          911    i.HAL_GetTick       stm32f1xx_hal.o
    0x08001cac   0x08001cac   0x00000018   Code   RO          917    i.HAL_IncTick       stm32f1xx_hal.o
    0x08001cc4   0x08001cc4   0x00000028   Code   RO          918    i.HAL_Init          stm32f1xx_hal.o
    0x08001cec   0x08001cec   0x000000b4   Code   RO          591    i.HAL_InitTick      stm32f1xx_hal_timebase_tim.o
    0x08001da0   0x08001da0   0x00000060   Code   RO          567    i.HAL_MspInit       stm32f1xx_hal_msp.o
    0x08001e00   0x08001e00   0x00000020   Code   RO         1382    i.HAL_NVIC_EnableIRQ  stm32f1xx_hal_cortex.o
    0x08001e20   0x08001e20   0x0000007c   Code   RO         1388    i.HAL_NVIC_SetPriority  stm32f1xx_hal_cortex.o
    0x08001e9c   0x08001e9c   0x00000028   Code   RO         1389    i.HAL_NVIC_SetPriorityGrouping  stm32f1xx_hal_cortex.o
    0x08001ec4   0x08001ec4   0x0000018c   Code   RO         1075    i.HAL_RCC_ClockConfig  stm32f1xx_hal_rcc.o
    0x08002050   0x08002050   0x00000044   Code   RO         1079    i.HAL_RCC_GetClockConfig  stm32f1xx_hal_rcc.o
    0x08002094   0x08002094   0x0000000c   Code   RO         1080    i.HAL_RCC_GetHCLKFreq  stm32f1xx_hal_rcc.o
    0x080020a0   0x080020a0   0x00000020   Code   RO         1082    i.HAL_RCC_GetPCLK1Freq  stm32f1xx_hal_rcc.o
    0x080020c0   0x080020c0   0x00000020   Code   RO         1083    i.HAL_RCC_GetPCLK2Freq  stm32f1xx_hal_rcc.o
    0x080020e0   0x080020e0   0x00000070   Code   RO         1084    i.HAL_RCC_GetSysClockFreq  stm32f1xx_hal_rcc.o
    0x08002150   0x08002150   0x00000464   Code   RO         1087    i.HAL_RCC_OscConfig  stm32f1xx_hal_rcc.o
    0x080025b4   0x080025b4   0x00000002   Code   RO         2625    i.HAL_TIMEx_BreakCallback  stm32f1xx_hal_tim_ex.o
    0x080025b6   0x080025b6   0x00000002   Code   RO         2626    i.HAL_TIMEx_CommutCallback  stm32f1xx_hal_tim_ex.o
    0x080025b8   0x080025b8   0x00000066   Code   RO         1910    i.HAL_TIM_Base_Init  stm32f1xx_hal_tim.o
    0x0800261e   0x0800261e   0x00000002   Code   RO         1912    i.HAL_TIM_Base_MspInit  stm32f1xx_hal_tim.o
    0x08002620   0x08002620   0x00000090   Code   RO         1915    i.HAL_TIM_Base_Start_IT  stm32f1xx_hal_tim.o
    0x080026b0   0x080026b0   0x00000002   Code   RO         1944    i.HAL_TIM_IC_CaptureCallback  stm32f1xx_hal_tim.o
    0x080026b2   0x080026b2   0x00000196   Code   RO         1958    i.HAL_TIM_IRQHandler  stm32f1xx_hal_tim.o
    0x08002848   0x08002848   0x00000002   Code   RO         1961    i.HAL_TIM_OC_DelayElapsedCallback  stm32f1xx_hal_tim.o
    0x0800284a   0x0800284a   0x00000002   Code   RO         1988    i.HAL_TIM_PWM_PulseFinishedCallback  stm32f1xx_hal_tim.o
    0x0800284c   0x0800284c   0x00000018   Code   RO           14    i.HAL_TIM_PeriodElapsedCallback  main.o
    0x08002864   0x08002864   0x00000002   Code   RO         2001    i.HAL_TIM_TriggerCallback  stm32f1xx_hal_tim.o
    0x08002866   0x08002866   0x00000002   Code   RO         2904    i.HAL_UARTEx_RxEventCallback  stm32f1xx_hal_uart.o
    0x08002868   0x08002868   0x00000002   Code   RO         2918    i.HAL_UART_ErrorCallback  stm32f1xx_hal_uart.o
    0x0800286a   0x0800286a   0x00000002   PAD
    0x0800286c   0x0800286c   0x000002e4   Code   RO         2921    i.HAL_UART_IRQHandler  stm32f1xx_hal_uart.o
    0x08002b50   0x08002b50   0x00000076   Code   RO         2922    i.HAL_UART_Init     stm32f1xx_hal_uart.o
    0x08002bc6   0x08002bc6   0x00000002   PAD
    0x08002bc8   0x08002bc8   0x00000234   Code   RO          396    i.HAL_UART_MspInit  usart.o
    0x08002dfc   0x08002dfc   0x0000002c   Code   RO         2926    i.HAL_UART_Receive_DMA  stm32f1xx_hal_uart.o
    0x08002e28   0x08002e28   0x00000034   Code   RO         5503    i.HAL_UART_RxCpltCallback  drv_uart.o
    0x08002e5c   0x08002e5c   0x00000034   Code   RO         5504    i.HAL_UART_RxHalfCpltCallback  drv_uart.o
    0x08002e90   0x08002e90   0x0000008c   Code   RO         2931    i.HAL_UART_Transmit_DMA  stm32f1xx_hal_uart.o
    0x08002f1c   0x08002f1c   0x00000030   Code   RO         5505    i.HAL_UART_TxCpltCallback  drv_uart.o
    0x08002f4c   0x08002f4c   0x00000002   Code   RO         2934    i.HAL_UART_TxHalfCpltCallback  stm32f1xx_hal_uart.o
    0x08002f4e   0x08002f4e   0x00000004   Code   RO          456    i.HardFault_Handler  stm32f1xx_it.o
    0x08002f52   0x08002f52   0x00000002   PAD
    0x08002f54   0x08002f54   0x00000044   Code   RO          331    i.MX_CAN_Init       can.o
    0x08002f98   0x08002f98   0x00000054   Code   RO          371    i.MX_DMA_Init       dma.o
    0x08002fec   0x08002fec   0x00000020   Code   RO          286    i.MX_FREERTOS_Init  freertos.o
    0x0800300c   0x0800300c   0x000000d0   Code   RO          262    i.MX_GPIO_Init      gpio.o
    0x080030dc   0x080030dc   0x00000038   Code   RO          397    i.MX_USART1_UART_Init  usart.o
    0x08003114   0x08003114   0x00000038   Code   RO          398    i.MX_USART2_UART_Init  usart.o
    0x0800314c   0x0800314c   0x00000038   Code   RO          399    i.MX_USART3_UART_Init  usart.o
    0x08003184   0x08003184   0x00000004   Code   RO          457    i.MemManage_Handler  stm32f1xx_it.o
    0x08003188   0x08003188   0x00000004   Code   RO          458    i.NMI_Handler       stm32f1xx_it.o
    0x0800318c   0x0800318c   0x00000028   Code   RO         1088    i.RCC_Delay         stm32f1xx_hal_rcc.o
    0x080031b4   0x080031b4   0x00000034   Code   RO         4888    i.SysTick_Handler   port.o
    0x080031e8   0x080031e8   0x00000066   Code   RO           15    i.SystemClock_Config  main.o
    0x0800324e   0x0800324e   0x00000002   Code   RO         3266    i.SystemInit        system_stm32f1xx.o
    0x08003250   0x08003250   0x00000010   Code   RO          459    i.TIM7_IRQHandler   stm32f1xx_it.o
    0x08003260   0x08003260   0x0000009c   Code   RO         2003    i.TIM_Base_SetConfig  stm32f1xx_hal_tim.o
    0x080032fc   0x080032fc   0x00000038   Code   RO         5721    i.TimerISR_Hook     soft_timer.o
    0x08003334   0x08003334   0x00000014   Code   RO         2935    i.UART_DMAAbortOnError  stm32f1xx_hal_uart.o
    0x08003348   0x08003348   0x00000050   Code   RO         2936    i.UART_DMAError     stm32f1xx_hal_uart.o
    0x08003398   0x08003398   0x000000b4   Code   RO         2937    i.UART_DMAReceiveCplt  stm32f1xx_hal_uart.o
    0x0800344c   0x0800344c   0x00000024   Code   RO         2939    i.UART_DMARxHalfCplt  stm32f1xx_hal_uart.o
    0x08003470   0x08003470   0x00000058   Code   RO         2941    i.UART_DMATransmitCplt  stm32f1xx_hal_uart.o
    0x080034c8   0x080034c8   0x0000000e   Code   RO         2943    i.UART_DMATxHalfCplt  stm32f1xx_hal_uart.o
    0x080034d6   0x080034d6   0x0000006c   Code   RO         2945    i.UART_EndRxTransfer  stm32f1xx_hal_uart.o
    0x08003542   0x08003542   0x00000020   Code   RO         2946    i.UART_EndTransmit_IT  stm32f1xx_hal_uart.o
    0x08003562   0x08003562   0x00000026   Code   RO         2947    i.UART_EndTxTransfer  stm32f1xx_hal_uart.o
    0x08003588   0x08003588   0x00000066   Code   RO         5463    i.UART_Receive_DMA_No_IT  drv_t12.o
    0x080035ee   0x080035ee   0x000000fc   Code   RO         2948    i.UART_Receive_IT   stm32f1xx_hal_uart.o
    0x080036ea   0x080036ea   0x00000002   PAD
    0x080036ec   0x080036ec   0x000000fc   Code   RO         2949    i.UART_SetConfig    stm32f1xx_hal_uart.o
    0x080037e8   0x080037e8   0x000000c8   Code   RO         2950    i.UART_Start_Receive_DMA  stm32f1xx_hal_uart.o
    0x080038b0   0x080038b0   0x00000060   Code   RO         2952    i.UART_Transmit_IT  stm32f1xx_hal_uart.o
    0x08003910   0x08003910   0x00000010   Code   RO          460    i.USART1_IRQHandler  stm32f1xx_it.o
    0x08003920   0x08003920   0x00000010   Code   RO          461    i.USART3_IRQHandler  stm32f1xx_it.o
    0x08003930   0x08003930   0x00000010   Code   RO          462    i.USB_HP_CAN1_TX_IRQHandler  stm32f1xx_it.o
    0x08003940   0x08003940   0x00000010   Code   RO          463    i.USB_LP_CAN1_RX0_IRQHandler  stm32f1xx_it.o
    0x08003950   0x08003950   0x00000004   Code   RO          464    i.UsageFault_Handler  stm32f1xx_it.o
    0x08003954   0x08003954   0x00000034   Code   RO         6507    i.__0snprintf       mc_w.l(printfa.o)
    0x08003988   0x08003988   0x00000034   Code   RO         6511    i.__0vsnprintf      mc_w.l(printfa.o)
    0x080039bc   0x080039bc   0x00000010   Code   RO         1395    i.__NVIC_GetPriorityGrouping  stm32f1xx_hal_cortex.o
    0x080039cc   0x080039cc   0x00000028   Code   RO         1396    i.__NVIC_SetPriority  stm32f1xx_hal_cortex.o
    0x080039f4   0x080039f4   0x00000006   Code   RO         4402    i.__get_BASEPRI     cmsis_os2.o
    0x080039fa   0x080039fa   0x00000006   Code   RO         4403    i.__get_IPSR        cmsis_os2.o
    0x08003a00   0x08003a00   0x00000006   Code   RO         4404    i.__get_PRIMASK     cmsis_os2.o
    0x08003a06   0x08003a06   0x0000000e   Code   RO         6677    i.__scatterload_copy  mc_w.l(handlers.o)
    0x08003a14   0x08003a14   0x00000002   Code   RO         6678    i.__scatterload_null  mc_w.l(handlers.o)
    0x08003a16   0x08003a16   0x0000000e   Code   RO         6679    i.__scatterload_zeroinit  mc_w.l(handlers.o)
    0x08003a24   0x08003a24   0x00000006   Code   RO         5083    i.__set_PRIMASK     device.o
    0x08003a2a   0x08003a2a   0x00000002   PAD
    0x08003a2c   0x08003a2c   0x00000184   Code   RO         6513    i._fp_digits        mc_w.l(printfa.o)
    0x08003bb0   0x08003bb0   0x000006b4   Code   RO         6514    i._printf_core      mc_w.l(printfa.o)
    0x08004264   0x08004264   0x00000024   Code   RO         6515    i._printf_post_padding  mc_w.l(printfa.o)
    0x08004288   0x08004288   0x0000002e   Code   RO         6516    i._printf_pre_padding  mc_w.l(printfa.o)
    0x080042b6   0x080042b6   0x00000016   Code   RO         6517    i._snputc           mc_w.l(printfa.o)
    0x080042cc   0x080042cc   0x00000108   Code   RO         5329    i.board_config      board.o
    0x080043d4   0x080043d4   0x00000008   Code   RO         5385    i.can_fifo0_rx_callback_register  drv_can.o
    0x080043dc   0x080043dc   0x000000a0   Code   RO         5386    i.can_manage_init   drv_can.o
    0x0800447c   0x0800447c   0x000000d4   Code   RO         5387    i.can_msg_bytes_send  drv_can.o
    0x08004550   0x08004550   0x00000198   Code   RO         5330    i.can_rx_callback   board.o
    0x080046e8   0x080046e8   0x0000001c   Code   RO         5388    i.can_std_transmit  drv_can.o
    0x08004704   0x08004704   0x0000007a   Code   RO         5389    i.can_tx_mailbox_complete_handle  drv_can.o
    0x0800477e   0x0800477e   0x0000000a   Code   RO         5841    i.caterpillar_set_speed  caterpillar.o
    0x08004788   0x08004788   0x000000d4   Code   RO         5025    i.chassisTask       chassis_task.o
    0x0800485c   0x0800485c   0x000000f0   Code   RO         5026    i.chassis_init      chassis_task.o
    0x0800494c   0x0800494c   0x00000214   Code   RO         5086    i.device_init       device.o
    0x08004b60   0x08004b60   0x0000005a   Code   RO         5877    i.fifo_get          fifo.o
    0x08004bba   0x08004bba   0x0000003e   Code   RO         5878    i.fifo_get_noprotect  fifo.o
    0x08004bf8   0x08004bf8   0x00000022   Code   RO         5879    i.fifo_init         fifo.o
    0x08004c1a   0x08004c1a   0x0000000e   Code   RO         5880    i.fifo_is_empty     fifo.o
    0x08004c28   0x08004c28   0x0000000e   Code   RO         5881    i.fifo_is_full      fifo.o
    0x08004c36   0x08004c36   0x0000005a   Code   RO         5883    i.fifo_put          fifo.o
    0x08004c90   0x08004c90   0x000000a0   Code   RO         5891    i.fifo_s_gets       fifo.o
    0x08004d30   0x08004d30   0x0000001c   Code   RO         5893    i.fifo_s_init       fifo.o
    0x08004d4c   0x08004d4c   0x000000a6   Code   RO         5899    i.fifo_s_puts       fifo.o
    0x08004df2   0x08004df2   0x00000002   PAD
    0x08004df4   0x08004df4   0x0000000c   Code   RO         5778    i.get_global_log_level  log.o
    0x08004e00   0x08004e00   0x000000ee   Code   RO         5221    i.get_t12_data      sbus.o
    0x08004eee   0x08004eee   0x000001b8   Code   RO         5222    i.get_t12_state     sbus.o
    0x080050a6   0x080050a6   0x00000008   Code   RO         6213    i.get_time_ms       sys.o
    0x080050ae   0x080050ae   0x00000008   Code   RO         4967    i.hw_init           init.o
    0x080050b6   0x080050b6   0x00000034   Code   RO         5779    i.log_printf        log.o
    0x080050ea   0x080050ea   0x00000028   Code   RO         5780    i.log_printf_to_buffer  log.o
    0x08005112   0x08005112   0x00000030   Code   RO           16    i.main              main.o
    0x08005142   0x08005142   0x00000002   PAD
    0x08005144   0x08005144   0x00000110   Code   RO         5144    i.motor_can_send_register  motor.o
    0x08005254   0x08005254   0x00000016   Code   RO         5145    i.motor_canstd_send  motor.o
    0x0800526a   0x0800526a   0x00000002   PAD
    0x0800526c   0x0800526c   0x000001cc   Code   RO         5148    i.motor_register    motor.o
    0x08005438   0x08005438   0x00000038   Code   RO         4405    i.osDelay           cmsis_os2.o
    0x08005470   0x08005470   0x00000040   Code   RO         4406    i.osDelayUntil      cmsis_os2.o
    0x080054b0   0x080054b0   0x00000040   Code   RO         4419    i.osKernelInitialize  cmsis_os2.o
    0x080054f0   0x080054f0   0x00000044   Code   RO         4422    i.osKernelStart     cmsis_os2.o
    0x08005534   0x08005534   0x000000dc   Code   RO         4456    i.osThreadNew       cmsis_os2.o
    0x08005610   0x08005610   0x0000007c   Code   RO         3877    i.prvAddCurrentTaskToDelayedList  tasks.o
    0x0800568c   0x0800568c   0x000000b8   Code   RO         3878    i.prvAddNewTaskToReadyList  tasks.o
    0x08005744   0x08005744   0x00000074   Code   RO         4238    i.prvCheckForValidListAndQueue  timers.o
    0x080057b8   0x080057b8   0x00000048   Code   RO         3879    i.prvCheckTasksWaitingTermination  tasks.o
    0x08005800   0x08005800   0x0000002a   Code   RO         3470    i.prvCopyDataFromQueue  queue.o
    0x0800582a   0x0800582a   0x0000007c   Code   RO         3471    i.prvCopyDataToQueue  queue.o
    0x080058a6   0x080058a6   0x00000050   Code   RO         3880    i.prvDeleteTCB      tasks.o
    0x080058f6   0x080058f6   0x00000002   PAD
    0x080058f8   0x080058f8   0x00000028   Code   RO         4239    i.prvGetNextExpireTime  timers.o
    0x08005920   0x08005920   0x0000007c   Code   RO         4838    i.prvHeapInit       heap_4.o
    0x0800599c   0x0800599c   0x00000028   Code   RO         3881    i.prvIdleTask       tasks.o
    0x080059c4   0x080059c4   0x0000002a   Code   RO         3474    i.prvInitialiseNewQueue  queue.o
    0x080059ee   0x080059ee   0x000000b4   Code   RO         3882    i.prvInitialiseNewTask  tasks.o
    0x08005aa2   0x08005aa2   0x00000002   PAD
    0x08005aa4   0x08005aa4   0x00000068   Code   RO         3883    i.prvInitialiseTaskLists  tasks.o
    0x08005b0c   0x08005b0c   0x00000068   Code   RO         4839    i.prvInsertBlockIntoFreeList  heap_4.o
    0x08005b74   0x08005b74   0x00000058   Code   RO         4241    i.prvInsertTimerInActiveList  timers.o
    0x08005bcc   0x08005bcc   0x0000001a   Code   RO         3475    i.prvIsQueueEmpty   queue.o
    0x08005be6   0x08005be6   0x0000001e   Code   RO         3476    i.prvIsQueueFull    queue.o
    0x08005c04   0x08005c04   0x00000064   Code   RO         4242    i.prvProcessExpiredTimer  timers.o
    0x08005c68   0x08005c68   0x00000128   Code   RO         4243    i.prvProcessReceivedCommands  timers.o
    0x08005d90   0x08005d90   0x00000074   Code   RO         4244    i.prvProcessTimerOrBlockTask  timers.o
    0x08005e04   0x08005e04   0x00000034   Code   RO         3885    i.prvResetNextTaskUnblockTime  tasks.o
    0x08005e38   0x08005e38   0x0000002c   Code   RO         4245    i.prvSampleTimeNow  timers.o
    0x08005e64   0x08005e64   0x000000a0   Code   RO         4246    i.prvSwitchTimerLists  timers.o
    0x08005f04   0x08005f04   0x00000040   Code   RO         4889    i.prvTaskExitError  port.o
    0x08005f44   0x08005f44   0x0000001a   Code   RO         4247    i.prvTimerTask      timers.o
    0x08005f5e   0x08005f5e   0x0000007e   Code   RO         3477    i.prvUnlockQueue    queue.o
    0x08005fdc   0x08005fdc   0x0000013c   Code   RO         4840    i.pvPortMalloc      heap_4.o
    0x08006118   0x08006118   0x00000024   Code   RO         4890    i.pxPortInitialiseStack  port.o
    0x0800613c   0x0800613c   0x00000022   Code   RO         5223    i.rc_device_date_update  sbus.o
    0x0800615e   0x0800615e   0x00000002   PAD
    0x08006160   0x08006160   0x00000110   Code   RO         5224    i.rc_device_get_info  sbus.o
    0x08006270   0x08006270   0x00000134   Code   RO         5226    i.rc_device_register  sbus.o
    0x080063a4   0x080063a4   0x00000020   Code   RO         5632    i.soft_timer_FreeRTOS_init  os_timer.o
    0x080063c4   0x080063c4   0x00000048   Code   RO         5722    i.soft_timer_check  soft_timer.o
    0x0800640c   0x0800640c   0x00000024   Code   RO         5724    i.soft_timer_init   soft_timer.o
    0x08006430   0x08006430   0x00000050   Code   RO         5726    i.soft_timer_update  soft_timer.o
    0x08006480   0x08006480   0x00000008   Code   RO         4968    i.sys_init          init.o
    0x08006488   0x08006488   0x00000018   Code   RO         4969    i.system_service_task  init.o
    0x080064a0   0x080064a0   0x00000018   Code   RO         5331    i.t12_rx_data_by_uart  board.o
    0x080064b8   0x080064b8   0x0000003c   Code   RO         5464    i.t12_uart_init     drv_t12.o
    0x080064f4   0x080064f4   0x00000008   Code   RO         4970    i.task_init         init.o
    0x080064fc   0x080064fc   0x00000068   Code   RO         5634    i.timer_task        os_timer.o
    0x08006564   0x08006564   0x00000074   Code   RO         5508    i.usart1_manage_init  drv_uart.o
    0x080065d8   0x080065d8   0x00000018   Code   RO         5511    i.usart1_transmit   drv_uart.o
    0x080065f0   0x080065f0   0x00000074   Code   RO         5513    i.usart3_manage_init  drv_uart.o
    0x08006664   0x08006664   0x0000006e   Code   RO         5516    i.usart_rec_to_buff  drv_uart.o
    0x080066d2   0x080066d2   0x00000094   Code   RO         5518    i.usart_transmit    drv_uart.o
    0x08006766   0x08006766   0x00000040   Code   RO         5519    i.usart_transmit_hook  drv_uart.o
    0x080067a6   0x080067a6   0x00000028   Code   RO         3430    i.uxListRemove      list.o
    0x080067ce   0x080067ce   0x00000002   PAD
    0x080067d0   0x080067d0   0x00000018   Code   RO         4468    i.vApplicationGetIdleTaskMemory  cmsis_os2.o
    0x080067e8   0x080067e8   0x00000018   Code   RO         4469    i.vApplicationGetTimerTaskMemory  cmsis_os2.o
    0x08006800   0x08006800   0x0000001a   Code   RO         3431    i.vListInitialise   list.o
    0x0800681a   0x0800681a   0x00000006   Code   RO         3432    i.vListInitialiseItem  list.o
    0x08006820   0x08006820   0x00000034   Code   RO         3433    i.vListInsert       list.o
    0x08006854   0x08006854   0x00000018   Code   RO         3434    i.vListInsertEnd    list.o
    0x0800686c   0x0800686c   0x00000054   Code   RO         4892    i.vPortEnterCritical  port.o
    0x080068c0   0x080068c0   0x0000003c   Code   RO         4893    i.vPortExitCritical  port.o
    0x080068fc   0x080068fc   0x00000094   Code   RO         4841    i.vPortFree         heap_4.o
    0x08006990   0x08006990   0x00000028   Code   RO         4894    i.vPortSetupTimerInterrupt  port.o
    0x080069b8   0x080069b8   0x00000078   Code   RO         4895    i.vPortValidateInterruptPriority  port.o
    0x08006a30   0x08006a30   0x0000002c   Code   RO         3483    i.vQueueAddToRegistry  queue.o
    0x08006a5c   0x08006a5c   0x0000004a   Code   RO         3487    i.vQueueWaitForMessageRestricted  queue.o
    0x08006aa6   0x08006aa6   0x00000002   PAD
    0x08006aa8   0x08006aa8   0x0000005c   Code   RO         3897    i.vTaskDelay        tasks.o
    0x08006b04   0x08006b04   0x000000d4   Code   RO         3898    i.vTaskDelayUntil   tasks.o
    0x08006bd8   0x08006bd8   0x00000018   Code   RO         3902    i.vTaskInternalSetTimeOutState  tasks.o
    0x08006bf0   0x08006bf0   0x0000000c   Code   RO         3903    i.vTaskMissedYield  tasks.o
    0x08006bfc   0x08006bfc   0x00000038   Code   RO         3905    i.vTaskPlaceOnEventList  tasks.o
    0x08006c34   0x08006c34   0x00000040   Code   RO         3906    i.vTaskPlaceOnEventListRestricted  tasks.o
    0x08006c74   0x08006c74   0x000000b8   Code   RO         3914    i.vTaskStartScheduler  tasks.o
    0x08006d2c   0x08006d2c   0x00000010   Code   RO         3916    i.vTaskSuspendAll   tasks.o
    0x08006d3c   0x08006d3c   0x00000090   Code   RO         3917    i.vTaskSwitchContext  tasks.o
    0x08006dcc   0x08006dcc   0x000000f8   Code   RO         4896    i.xPortStartScheduler  port.o
    0x08006ec4   0x08006ec4   0x000000de   Code   RO         3493    i.xQueueGenericCreateStatic  queue.o
    0x08006fa2   0x08006fa2   0x00000002   PAD
    0x08006fa4   0x08006fa4   0x00000098   Code   RO         3494    i.xQueueGenericReset  queue.o
    0x0800703c   0x0800703c   0x000001a8   Code   RO         3495    i.xQueueGenericSend  queue.o
    0x080071e4   0x080071e4   0x000000f8   Code   RO         3496    i.xQueueGenericSendFromISR  queue.o
    0x080072dc   0x080072dc   0x00000168   Code   RO         3505    i.xQueueReceive     queue.o
    0x08007444   0x08007444   0x0000008c   Code   RO         3918    i.xTaskCheckForTimeOut  tasks.o
    0x080074d0   0x080074d0   0x00000064   Code   RO         3919    i.xTaskCreate       tasks.o
    0x08007534   0x08007534   0x000000b8   Code   RO         3920    i.xTaskCreateStatic  tasks.o
    0x080075ec   0x080075ec   0x00000020   Code   RO         3924    i.xTaskGetSchedulerState  tasks.o
    0x0800760c   0x0800760c   0x0000000c   Code   RO         3925    i.xTaskGetTickCount  tasks.o
    0x08007618   0x08007618   0x00000144   Code   RO         3927    i.xTaskIncrementTick  tasks.o
    0x0800775c   0x0800775c   0x000000a4   Code   RO         3930    i.xTaskPriorityDisinherit  tasks.o
    0x08007800   0x08007800   0x00000098   Code   RO         3932    i.xTaskRemoveFromEventList  tasks.o
    0x08007898   0x08007898   0x00000104   Code   RO         3933    i.xTaskResumeAll    tasks.o
    0x0800799c   0x0800799c   0x00000078   Code   RO         4254    i.xTimerCreateTimerTask  timers.o
    0x08007a14   0x08007a14   0x00000084   Code   RO         4255    i.xTimerGenericCommand  timers.o
    0x08007a98   0x08007a98   0x00000024   Data   RO          288    .constdata          freertos.o
    0x08007abc   0x08007abc   0x00000012   Data   RO         1089    .constdata          stm32f1xx_hal_rcc.o
    0x08007ace   0x08007ace   0x00000018   Data   RO         3267    .constdata          system_stm32f1xx.o
    0x08007ae6   0x08007ae6   0x00000002   PAD
    0x08007ae8   0x08007ae8   0x00000030   Data   RO         5028    .constdata          chassis_task.o
    0x08007b18   0x08007b18   0x00000024   Data   RO         5636    .constdata          os_timer.o
    0x08007b3c   0x08007b3c   0x0000000f   Data   RO          289    .conststring        freertos.o
    0x08007b4b   0x08007b4b   0x00000001   PAD
    0x08007b4c   0x08007b4c   0x0000000c   Data   RO         5029    .conststring        chassis_task.o
    0x08007b58   0x08007b58   0x00000025   Data   RO         5089    .conststring        device.o
    0x08007b7d   0x08007b7d   0x00000003   PAD
    0x08007b80   0x08007b80   0x0000000a   Data   RO         5637    .conststring        os_timer.o
    0x08007b8a   0x08007b8a   0x00000002   PAD
    0x08007b8c   0x08007b8c   0x00000027   Data   RO         5782    .conststring        log.o
    0x08007bb3   0x08007bb3   0x00000001   PAD
    0x08007bb4   0x08007bb4   0x00000020   Data   RO         6675    Region$$Table       anon$$obj.o


    Execution Region RW_IRAM1 (Exec base: 0x20000000, Load base: 0x08007bd4, Size: 0x00006450, Max: 0x0000c000, ABSOLUTE)

    Exec Addr    Load Addr    Size         Type   Attr      Idx    E Section Name        Object

    0x20000000   0x08007bd4   0x00000004   Data   RW          290    .data               freertos.o
    0x20000004   0x08007bd8   0x00000009   Data   RW          925    .data               stm32f1xx_hal.o
    0x2000000d   0x08007be1   0x00000003   PAD
    0x20000010   0x08007be4   0x00000004   Data   RW         3268    .data               system_stm32f1xx.o
    0x20000014   0x08007be8   0x0000003c   Data   RW         3936    .data               tasks.o
    0x20000050   0x08007c24   0x00000014   Data   RW         4263    .data               timers.o
    0x20000064   0x08007c38   0x00000004   Data   RW         4471    .data               cmsis_os2.o
    0x20000068   0x08007c3c   0x00000018   Data   RW         4846    .data               heap_4.o
    0x20000080   0x08007c54   0x0000000c   Data   RW         4897    .data               port.o
    0x2000008c   0x08007c60   0x00000014   Data   RW         5030    .data               chassis_task.o
    0x200000a0   0x08007c74   0x0000001c   Data   RW         5090    .data               device.o
    0x200000bc   0x08007c90   0x00000004   Data   RW         5154    .data               motor.o
    0x200000c0   0x08007c94   0x00000008   Data   RW         5467    .data               drv_t12.o
    0x200000c8   0x08007c9c   0x00000004   Data   RW         5638    .data               os_timer.o
    0x200000cc   0x08007ca0   0x00000019   Data   RW         5783    .data               log.o
    0x200000e5   0x08007cb9   0x00000003   PAD
    0x200000e8        -       0x00000028   Zero   RW          332    .bss                can.o
    0x20000110        -       0x000001a4   Zero   RW          400    .bss                usart.o
    0x200002b4        -       0x00000048   Zero   RW          594    .bss                stm32f1xx_hal_timebase_tim.o
    0x200002fc        -       0x00000040   Zero   RW         3509    .bss                queue.o
    0x2000033c        -       0x000004c4   Zero   RW         3935    .bss                tasks.o
    0x20000800        -       0x00000118   Zero   RW         4262    .bss                timers.o
    0x20000918        -       0x000006b8   Zero   RW         4470    .bss                cmsis_os2.o
    0x20000fd0        -       0x00002800   Zero   RW         4845    .bss                heap_4.o
    0x200037d0        -       0x00000198   Zero   RW         5027    .bss                chassis_task.o
    0x20003968        -       0x00001030   Zero   RW         5390    .bss                drv_can.o
    0x20004998        -       0x00000032   Zero   RW         5466    .bss                drv_t12.o
    0x200049ca   0x08007cb9   0x00000002   PAD
    0x200049cc        -       0x00001488   Zero   RW         5520    .bss                drv_uart.o
    0x20005e54        -       0x00000150   Zero   RW         5635    .bss                os_timer.o
    0x20005fa4        -       0x000000a8   Zero   RW         5727    .bss                soft_timer.o
    0x2000604c   0x08007cb9   0x00000004   PAD
    0x20006050        -       0x00000400   Zero   RW            1    STACK               startup_stm32f103xe.o


==============================================================================

Image component sizes


      Code (inc. data)   RO Data    RW Data    ZI Data      Debug   Object Name

       696        294          0          0          0       3760   board.o
       268         24          0          0         40       1587   can.o
        10          0          0          0          0       1800   caterpillar.o
       452        120         60         20        408       2831   chassis_task.o
       538         44          0          4       1720      15421   cmsis_os2.o
       538        150         37         28          0       8852   device.o
        84          4          0          0          0        722   dma.o
       694         76          0          0       4144       7731   drv_can.o
       162         18          0          8         50       1964   drv_t12.o
       730        102          0          0       5256       7091   drv_uart.o
         0          0          0          0          0      20084   event_groups.o
       658          0          0          0          0       7108   fifo.o
        32         14         51          4          0       1176   freertos.o
       208         12          0          0          0        927   gpio.o
       692         62          0         24      10240       4563   heap_4.o
        48          0          0          0          0       1731   init.o
         0          0          0          0          0       3548   linear_actuator.o
       148          0          0          0          0       3314   list.o
       104          6         39         25          0       2246   log.o
       180          6          0          0          0     515852   main.o
       754        238          0          4          0       4763   motor.o
       136         20         46          4        336       2752   os_timer.o
       854         78          0         12          0      10681   port.o
      1914         20          0          0         64      16464   queue.o
      1292        228          0          0          0       4738   sbus.o
       244         22          0          0        168       3269   soft_timer.o
        36          8        304          0       1024        784   startup_stm32f103xe.o
        76         20          0          9          0       5138   stm32f1xx_hal.o
      2168          0          0          0          0      11874   stm32f1xx_hal_can.o
       252         22          0          0          0      28566   stm32f1xx_hal_cortex.o
      1884         28          0          0          0       6010   stm32f1xx_hal_dma.o
       844         40          0          0          0       2636   stm32f1xx_hal_gpio.o
        96         10          0          0          0        858   stm32f1xx_hal_msp.o
      1816        108         18          0          0       6425   stm32f1xx_hal_rcc.o
       818         44          0          0          0       6022   stm32f1xx_hal_tim.o
         4          0          0          0          0       1497   stm32f1xx_hal_tim_ex.o
       180         22          0          0         72       1415   stm32f1xx_hal_timebase_tim.o
      2444         34          0          0          0      14638   stm32f1xx_hal_uart.o
       182         60          0          0          0       7041   stm32f1xx_it.o
         0          0          0          0          0       8876   stream_buffer.o
         8          0          0          0          0        458   sys.o
         2          0         24          4          0       1067   system_stm32f1xx.o
      3008        358          0         60       1220      24396   tasks.o
      1238        124          0         20        280      26319   timers.o
       732         72          0          0        420       3105   usart.o

    ----------------------------------------------------------------------
     27266       2488        620        232      25448     812100   Object Totals
         0          0         32          0          0          0   (incl. Generated)
        42          0          9          6          6          0   (incl. Padding)

    ----------------------------------------------------------------------

      Code (inc. data)   RO Data    RW Data    ZI Data      Debug   Library Member Name

         0          0          0          0          0          0   entry.o
         0          0          0          0          0          0   entry10a.o
         0          0          0          0          0          0   entry11a.o
         4          0          0          0          0          0   entry12b.o
         8          4          0          0          0          0   entry2.o
         4          0          0          0          0          0   entry5.o
         0          0          0          0          0          0   entry7b.o
         0          0          0          0          0          0   entry8b.o
         8          4          0          0          0          0   entry9a.o
        30          0          0          0          0          0   handlers.o
        36          8          0          0          0         68   init.o
         0          0          0          0          0          0   iusefp.o
        30          0          0          0          0         68   llshl.o
        36          0          0          0          0         68   llsshr.o
        32          0          0          0          0         68   llushr.o
        36          0          0          0          0         68   memcpya.o
        36          0          0          0          0        108   memseta.o
      2312         90          0          0          0        616   printfa.o
        18          0          0          0          0         68   strcpy.o
        14          0          0          0          0         68   strlen.o
        44          0          0          0          0         80   uidiv.o
        98          0          0          0          0         92   uldiv.o
        48          0          0          0          0         68   cdrcmple.o
       334          0          0          0          0        148   dadd.o
       222          0          0          0          0        100   ddiv.o
       186          0          0          0          0        176   depilogue.o
        48          0          0          0          0         68   dfixul.o
       228          0          0          0          0         96   dmul.o

    ----------------------------------------------------------------------
      3814        106          0          0          0       2028   Library Totals
         2          0          0          0          0          0   (incl. Padding)

    ----------------------------------------------------------------------

      Code (inc. data)   RO Data    RW Data    ZI Data      Debug   Library Name

      2746        106          0          0          0       1372   mc_w.l
      1066          0          0          0          0        656   mf_w.l

    ----------------------------------------------------------------------
      3814        106          0          0          0       2028   Library Totals

    ----------------------------------------------------------------------

==============================================================================


      Code (inc. data)   RO Data    RW Data    ZI Data      Debug   

     31080       2594        620        232      25448     800864   Grand Totals
     31080       2594        620        232      25448     800864   ELF Image Totals
     31080       2594        620        232          0          0   ROM Totals

==============================================================================

    Total RO  Size (Code + RO Data)                31700 (  30.96kB)
    Total RW  Size (RW Data + ZI Data)             25680 (  25.08kB)
    Total ROM Size (Code + RO Data + RW Data)      31932 (  31.18kB)

==============================================================================

