Component: ARM Compiler 5.06 update 7 (build 960) Tool: armlink [4d3601]

==============================================================================

Section Cross References

    startup_stm32f103xe.o(RESET) refers to startup_stm32f103xe.o(STACK) for __initial_sp
    startup_stm32f103xe.o(RESET) refers to startup_stm32f103xe.o(.text) for Reset_Handler
    startup_stm32f103xe.o(RESET) refers to stm32f1xx_it.o(i.NMI_Handler) for NMI_Handler
    startup_stm32f103xe.o(RESET) refers to stm32f1xx_it.o(i.HardFault_Handler) for HardFault_Handler
    startup_stm32f103xe.o(RESET) refers to stm32f1xx_it.o(i.MemManage_Handler) for MemManage_Handler
    startup_stm32f103xe.o(RESET) refers to stm32f1xx_it.o(i.BusFault_Handler) for BusFault_Handler
    startup_stm32f103xe.o(RESET) refers to stm32f1xx_it.o(i.UsageFault_Handler) for UsageFault_Handler
    startup_stm32f103xe.o(RESET) refers to port.o(.emb_text) for SVC_Handler
    startup_stm32f103xe.o(RESET) refers to stm32f1xx_it.o(i.DebugMon_Handler) for DebugMon_Handler
    startup_stm32f103xe.o(RESET) refers to port.o(i.SysTick_Handler) for SysTick_Handler
    startup_stm32f103xe.o(RESET) refers to stm32f1xx_it.o(i.DMA1_Channel3_IRQHandler) for DMA1_Channel3_IRQHandler
    startup_stm32f103xe.o(RESET) refers to stm32f1xx_it.o(i.DMA1_Channel4_IRQHandler) for DMA1_Channel4_IRQHandler
    startup_stm32f103xe.o(RESET) refers to stm32f1xx_it.o(i.DMA1_Channel5_IRQHandler) for DMA1_Channel5_IRQHandler
    startup_stm32f103xe.o(RESET) refers to stm32f1xx_it.o(i.USB_HP_CAN1_TX_IRQHandler) for USB_HP_CAN1_TX_IRQHandler
    startup_stm32f103xe.o(RESET) refers to stm32f1xx_it.o(i.USB_LP_CAN1_RX0_IRQHandler) for USB_LP_CAN1_RX0_IRQHandler
    startup_stm32f103xe.o(RESET) refers to stm32f1xx_it.o(i.CAN1_RX1_IRQHandler) for CAN1_RX1_IRQHandler
    startup_stm32f103xe.o(RESET) refers to stm32f1xx_it.o(i.CAN1_SCE_IRQHandler) for CAN1_SCE_IRQHandler
    startup_stm32f103xe.o(RESET) refers to stm32f1xx_it.o(i.USART1_IRQHandler) for USART1_IRQHandler
    startup_stm32f103xe.o(RESET) refers to stm32f1xx_it.o(i.USART3_IRQHandler) for USART3_IRQHandler
    startup_stm32f103xe.o(RESET) refers to stm32f1xx_it.o(i.TIM7_IRQHandler) for TIM7_IRQHandler
    startup_stm32f103xe.o(.text) refers to system_stm32f1xx.o(i.SystemInit) for SystemInit
    startup_stm32f103xe.o(.text) refers to entry.o(.ARM.Collect$$$$00000000) for __main
    main.o(i.HAL_TIM_PeriodElapsedCallback) refers to stm32f1xx_hal.o(i.HAL_IncTick) for HAL_IncTick
    main.o(i.SystemClock_Config) refers to memseta.o(.text) for __aeabi_memclr4
    main.o(i.SystemClock_Config) refers to stm32f1xx_hal_rcc.o(i.HAL_RCC_OscConfig) for HAL_RCC_OscConfig
    main.o(i.SystemClock_Config) refers to main.o(i.Error_Handler) for Error_Handler
    main.o(i.SystemClock_Config) refers to stm32f1xx_hal_rcc.o(i.HAL_RCC_ClockConfig) for HAL_RCC_ClockConfig
    main.o(i.main) refers to stm32f1xx_hal.o(i.HAL_Init) for HAL_Init
    main.o(i.main) refers to main.o(i.SystemClock_Config) for SystemClock_Config
    main.o(i.main) refers to gpio.o(i.MX_GPIO_Init) for MX_GPIO_Init
    main.o(i.main) refers to dma.o(i.MX_DMA_Init) for MX_DMA_Init
    main.o(i.main) refers to usart.o(i.MX_USART1_UART_Init) for MX_USART1_UART_Init
    main.o(i.main) refers to usart.o(i.MX_USART2_UART_Init) for MX_USART2_UART_Init
    main.o(i.main) refers to usart.o(i.MX_USART3_UART_Init) for MX_USART3_UART_Init
    main.o(i.main) refers to can.o(i.MX_CAN_Init) for MX_CAN_Init
    main.o(i.main) refers to init.o(i.system_service) for system_service
    main.o(i.main) refers to cmsis_os2.o(i.osKernelInitialize) for osKernelInitialize
    main.o(i.main) refers to freertos.o(i.MX_FREERTOS_Init) for MX_FREERTOS_Init
    main.o(i.main) refers to cmsis_os2.o(i.osKernelStart) for osKernelStart
    gpio.o(i.MX_GPIO_Init) refers to stm32f1xx_hal_gpio.o(i.HAL_GPIO_WritePin) for HAL_GPIO_WritePin
    gpio.o(i.MX_GPIO_Init) refers to stm32f1xx_hal_gpio.o(i.HAL_GPIO_Init) for HAL_GPIO_Init
    freertos.o(i.MX_FREERTOS_Init) refers to cmsis_os2.o(i.osThreadNew) for osThreadNew
    freertos.o(i.MX_FREERTOS_Init) refers to freertos.o(.constdata) for system_service_attributes
    freertos.o(i.MX_FREERTOS_Init) refers to freertos.o(i.system_service_task) for system_service_task
    freertos.o(i.MX_FREERTOS_Init) refers to freertos.o(.data) for system_serviceHandle
    freertos.o(i.system_service_task) refers to cmsis_os2.o(i.osDelay) for osDelay
    freertos.o(.constdata) refers to freertos.o(.conststring) for .conststring
    can.o(i.HAL_CAN_MspDeInit) refers to stm32f1xx_hal_gpio.o(i.HAL_GPIO_DeInit) for HAL_GPIO_DeInit
    can.o(i.HAL_CAN_MspDeInit) refers to stm32f1xx_hal_cortex.o(i.HAL_NVIC_DisableIRQ) for HAL_NVIC_DisableIRQ
    can.o(i.HAL_CAN_MspInit) refers to stm32f1xx_hal_gpio.o(i.HAL_GPIO_Init) for HAL_GPIO_Init
    can.o(i.HAL_CAN_MspInit) refers to stm32f1xx_hal_cortex.o(i.HAL_NVIC_SetPriority) for HAL_NVIC_SetPriority
[...]
    prvCheckTasksWaitingTermination          0x08004bcd   Thumb Code    60  tasks.o(i.prvCheckTasksWaitingTermination)
    i.prvCopyDataFromQueue                   0x08004c14   Section        0  queue.o(i.prvCopyDataFromQueue)
    prvCopyDataFromQueue                     0x08004c15   Thumb Code    42  queue.o(i.prvCopyDataFromQueue)
    i.prvCopyDataToQueue                     0x08004c3e   Section        0  queue.o(i.prvCopyDataToQueue)
    prvCopyDataToQueue                       0x08004c3f   Thumb Code   124  queue.o(i.prvCopyDataToQueue)
    i.prvDeleteTCB                           0x08004cba   Section        0  tasks.o(i.prvDeleteTCB)
    prvDeleteTCB                             0x08004cbb   Thumb Code    80  tasks.o(i.prvDeleteTCB)
    i.prvGetNextExpireTime                   0x08004d0c   Section        0  timers.o(i.prvGetNextExpireTime)
    prvGetNextExpireTime                     0x08004d0d   Thumb Code    36  timers.o(i.prvGetNextExpireTime)
    i.prvHeapInit                            0x08004d34   Section        0  heap_4.o(i.prvHeapInit)
    prvHeapInit                              0x08004d35   Thumb Code    98  heap_4.o(i.prvHeapInit)
    i.prvIdleTask                            0x08004db0   Section        0  tasks.o(i.prvIdleTask)
    prvIdleTask                              0x08004db1   Thumb Code    32  tasks.o(i.prvIdleTask)
    i.prvInitialiseNewQueue                  0x08004dd8   Section        0  queue.o(i.prvInitialiseNewQueue)
    prvInitialiseNewQueue                    0x08004dd9   Thumb Code    42  queue.o(i.prvInitialiseNewQueue)
    i.prvInitialiseNewTask                   0x08004e02   Section        0  tasks.o(i.prvInitialiseNewTask)
    prvInitialiseNewTask                     0x08004e03   Thumb Code   180  tasks.o(i.prvInitialiseNewTask)
    i.prvInitialiseTaskLists                 0x08004eb8   Section        0  tasks.o(i.prvInitialiseTaskLists)
    prvInitialiseTaskLists                   0x08004eb9   Thumb Code    70  tasks.o(i.prvInitialiseTaskLists)
    i.prvInsertBlockIntoFreeList             0x08004f20   Section        0  heap_4.o(i.prvInsertBlockIntoFreeList)
    prvInsertBlockIntoFreeList               0x08004f21   Thumb Code    96  heap_4.o(i.prvInsertBlockIntoFreeList)
    i.prvInsertTimerInActiveList             0x08004f88   Section        0  timers.o(i.prvInsertTimerInActiveList)
    prvInsertTimerInActiveList               0x08004f89   Thumb Code    80  timers.o(i.prvInsertTimerInActiveList)
    i.prvIsQueueEmpty                        0x08004fe0   Section        0  queue.o(i.prvIsQueueEmpty)
    prvIsQueueEmpty                          0x08004fe1   Thumb Code    26  queue.o(i.prvIsQueueEmpty)
    i.prvIsQueueFull                         0x08004ffa   Section        0  queue.o(i.prvIsQueueFull)
    prvIsQueueFull                           0x08004ffb   Thumb Code    30  queue.o(i.prvIsQueueFull)
    i.prvProcessExpiredTimer                 0x08005018   Section        0  timers.o(i.prvProcessExpiredTimer)
    prvProcessExpiredTimer                   0x08005019   Thumb Code    94  timers.o(i.prvProcessExpiredTimer)
    i.prvProcessReceivedCommands             0x0800507c   Section        0  timers.o(i.prvProcessReceivedCommands)
    prvProcessReceivedCommands               0x0800507d   Thumb Code   290  timers.o(i.prvProcessReceivedCommands)
    i.prvProcessTimerOrBlockTask             0x080051a4   Section        0  timers.o(i.prvProcessTimerOrBlockTask)
    prvProcessTimerOrBlockTask               0x080051a5   Thumb Code   102  timers.o(i.prvProcessTimerOrBlockTask)
    i.prvResetNextTaskUnblockTime            0x08005218   Section        0  tasks.o(i.prvResetNextTaskUnblockTime)
    prvResetNextTaskUnblockTime              0x08005219   Thumb Code    42  tasks.o(i.prvResetNextTaskUnblockTime)
    i.prvSampleTimeNow                       0x0800524c   Section        0  timers.o(i.prvSampleTimeNow)
    prvSampleTimeNow                         0x0800524d   Thumb Code    40  timers.o(i.prvSampleTimeNow)
    i.prvSwitchTimerLists                    0x08005278   Section        0  timers.o(i.prvSwitchTimerLists)
    prvSwitchTimerLists                      0x08005279   Thumb Code   150  timers.o(i.prvSwitchTimerLists)
    i.prvTaskExitError                       0x08005318   Section        0  port.o(i.prvTaskExitError)
    prvTaskExitError                         0x08005319   Thumb Code    60  port.o(i.prvTaskExitError)
    i.prvTimerTask                           0x08005358   Section        0  timers.o(i.prvTimerTask)
    prvTimerTask                             0x08005359   Thumb Code    26  timers.o(i.prvTimerTask)
    i.prvUnlockQueue                         0x08005372   Section        0  queue.o(i.prvUnlockQueue)
    prvUnlockQueue                           0x08005373   Thumb Code   126  queue.o(i.prvUnlockQueue)
    i.pvPortMalloc                           0x080053f0   Section        0  heap_4.o(i.pvPortMalloc)
    i.pxPortInitialiseStack                  0x0800552c   Section        0  port.o(i.pxPortInitialiseStack)
    i.rc_device_date_update                  0x08005550   Section        0  sbus.o(i.rc_device_date_update)
    i.rc_device_register                     0x08005574   Section        0  sbus.o(i.rc_device_register)
    i.system_service                         0x080056a8   Section        0  init.o(i.system_service)
    i.system_service_task                    0x080057d0   Section        0  freertos.o(i.system_service_task)
    i.t12_rx_data_by_uart                    0x080057dc   Section        0  board.o(i.t12_rx_data_by_uart)
    i.t12_uart_init                          0x080057f4   Section        0  drv_t12.o(i.t12_uart_init)
    i.usart1_manage_init                     0x08005830   Section        0  drv_uart_1.o(i.usart1_manage_init)
    i.usart1_transmit                        0x080058a4   Section        0  drv_uart_1.o(i.usart1_transmit)
    i.usart_rec_to_buff                      0x080058bc   Section        0  drv_uart_1.o(i.usart_rec_to_buff)
    usart_rec_to_buff                        0x080058bd   Thumb Code   110  drv_uart_1.o(i.usart_rec_to_buff)
    i.usart_transmit                         0x0800592a   Section        0  drv_uart_1.o(i.usart_transmit)
    i.usart_transmit_hook                    0x080059be   Section        0  drv_uart_1.o(i.usart_transmit_hook)
    usart_transmit_hook                      0x080059bf   Thumb Code    64  drv_uart_1.o(i.usart_transmit_hook)
    i.uxListRemove                           0x080059fe   Section        0  list.o(i.uxListRemove)
    i.vApplicationGetIdleTaskMemory          0x08005a28   Section        0  cmsis_os2.o(i.vApplicationGetIdleTaskMemory)
    i.vApplicationGetTimerTaskMemory         0x08005a40   Section        0  cmsis_os2.o(i.vApplicationGetTimerTaskMemory)
    i.vListInitialise                        0x08005a58   Section        0  list.o(i.vListInitialise)
    i.vListInitialiseItem                    0x08005a72   Section        0  list.o(i.vListInitialiseItem)
    i.vListInsert                            0x08005a78   Section        0  list.o(i.vListInsert)
    i.vListInsertEnd                         0x08005aac   Section        0  list.o(i.vListInsertEnd)
    i.vPortEnterCritical                     0x08005ac4   Section        0  port.o(i.vPortEnterCritical)
    i.vPortExitCritical                      0x08005b18   Section        0  port.o(i.vPortExitCritical)
    i.vPortFree                              0x08005b54   Section        0  heap_4.o(i.vPortFree)
    i.vPortSetupTimerInterrupt               0x08005be8   Section        0  port.o(i.vPortSetupTimerInterrupt)
    i.vPortValidateInterruptPriority         0x08005c10   Section        0  port.o(i.vPortValidateInterruptPriority)
    i.vQueueAddToRegistry                    0x08005c88   Section        0  queue.o(i.vQueueAddToRegistry)
    i.vQueueWaitForMessageRestricted         0x08005cb4   Section        0  queue.o(i.vQueueWaitForMessageRestricted)
    i.vTaskDelay                             0x08005d00   Section        0  tasks.o(i.vTaskDelay)
    i.vTaskInternalSetTimeOutState           0x08005d5c   Section        0  tasks.o(i.vTaskInternalSetTimeOutState)
    i.vTaskMissedYield                       0x08005d74   Section        0  tasks.o(i.vTaskMissedYield)
    i.vTaskPlaceOnEventList                  0x08005d80   Section        0  tasks.o(i.vTaskPlaceOnEventList)
    i.vTaskPlaceOnEventListRestricted        0x08005db8   Section        0  tasks.o(i.vTaskPlaceOnEventListRestricted)
    i.vTaskStartScheduler                    0x08005df8   Section        0  tasks.o(i.vTaskStartScheduler)
    i.vTaskSuspendAll                        0x08005eb0   Section        0  tasks.o(i.vTaskSuspendAll)
    i.vTaskSwitchContext                     0x08005ec0   Section        0  tasks.o(i.vTaskSwitchContext)
    i.xPortStartScheduler                    0x08005f50   Section        0  port.o(i.xPortStartScheduler)
    i.xQueueGenericCreateStatic              0x08006048   Section        0  queue.o(i.xQueueGenericCreateStatic)
    i.xQueueGenericReset                     0x08006128   Section        0  queue.o(i.xQueueGenericReset)
    i.xQueueGenericSend                      0x080061c0   Section        0  queue.o(i.xQueueGenericSend)
    i.xQueueGenericSendFromISR               0x08006368   Section        0  queue.o(i.xQueueGenericSendFromISR)
    i.xQueueReceive                          0x08006460   Section        0  queue.o(i.xQueueReceive)
    i.xTaskCheckForTimeOut                   0x080065c8   Section        0  tasks.o(i.xTaskCheckForTimeOut)
    i.xTaskCreate                            0x08006654   Section        0  tasks.o(i.xTaskCreate)
    i.xTaskCreateStatic                      0x080066b8   Section        0  tasks.o(i.xTaskCreateStatic)
    i.xTaskGetSchedulerState                 0x08006770   Section        0  tasks.o(i.xTaskGetSchedulerState)
    i.xTaskGetTickCount                      0x08006790   Section        0  tasks.o(i.xTaskGetTickCount)
    i.xTaskIncrementTick                     0x0800679c   Section        0  tasks.o(i.xTaskIncrementTick)
    i.xTaskPriorityDisinherit                0x080068e0   Section        0  tasks.o(i.xTaskPriorityDisinherit)
    i.xTaskRemoveFromEventList               0x08006984   Section        0  tasks.o(i.xTaskRemoveFromEventList)
    i.xTaskResumeAll                         0x08006a1c   Section        0  tasks.o(i.xTaskResumeAll)
    i.xTimerCreateTimerTask                  0x08006b20   Section        0  timers.o(i.xTimerCreateTimerTask)
    i.xTimerGenericCommand                   0x08006b98   Section        0  timers.o(i.xTimerGenericCommand)
    .constdata                               0x08006c1c   Section       36  freertos.o(.constdata)
    .constdata                               0x08006c40   Section       18  stm32f1xx_hal_rcc.o(.constdata)
    aPLLMULFactorTable                       0x08006c40   Data          16  stm32f1xx_hal_rcc.o(.constdata)
    aPredivFactorTable                       0x08006c50   Data           2  stm32f1xx_hal_rcc.o(.constdata)
    .constdata                               0x08006c52   Section       24  system_stm32f1xx.o(.constdata)
    .conststring                             0x08006c6c   Section       15  freertos.o(.conststring)
    .conststring                             0x08006c7c   Section       37  device.o(.conststring)
    .conststring                             0x08006ca4   Section       39  log.o(.conststring)
    .data                                    0x20000000   Section        4  freertos.o(.data)
    .data                                    0x20000004   Section        9  stm32f1xx_hal.o(.data)
    .data                                    0x20000010   Section        4  system_stm32f1xx.o(.data)
    .data                                    0x20000014   Section       28  device.o(.data)
    object_container                         0x20000028   Data           8  device.o(.data)
    .data                                    0x20000030   Section        8  drv_t12.o(.data)
    .data                                    0x20000038   Section       25  log.o(.data)
    .data                                    0x20000054   Section       60  tasks.o(.data)
    pxDelayedTaskList                        0x20000058   Data           4  tasks.o(.data)
    pxOverflowDelayedTaskList                0x2000005c   Data           4  tasks.o(.data)
    uxDeletedTasksWaitingCleanUp             0x20000060   Data           4  tasks.o(.data)
    uxCurrentNumberOfTasks                   0x20000064   Data           4  tasks.o(.data)
    xTickCount                               0x20000068   Data           4  tasks.o(.data)
    uxTopReadyPriority                       0x2000006c   Data           4  tasks.o(.data)
    xSchedulerRunning                        0x20000070   Data           4  tasks.o(.data)
    uxPendedTicks                            0x20000074   Data           4  tasks.o(.data)
    xYieldPending                            0x20000078   Data           4  tasks.o(.data)
    xNumOfOverflows                          0x2000007c   Data           4  tasks.o(.data)
    uxTaskNumber                             0x20000080   Data           4  tasks.o(.data)
    xNextTaskUnblockTime                     0x20000084   Data           4  tasks.o(.data)
    xIdleTaskHandle                          0x20000088   Data           4  tasks.o(.data)
    uxSchedulerSuspended                     0x2000008c   Data           4  tasks.o(.data)
    .data                                    0x20000090   Section       20  timers.o(.data)
    pxCurrentTimerList                       0x20000090   Data           4  timers.o(.data)
    pxOverflowTimerList                      0x20000094   Data           4  timers.o(.data)
    xTimerQueue                              0x20000098   Data           4  timers.o(.data)
    xTimerTaskHandle                         0x2000009c   Data           4  timers.o(.data)
    xLastTime                                0x200000a0   Data           4  timers.o(.data)
    .data                                    0x200000a4   Section        4  cmsis_os2.o(.data)
    KernelState                              0x200000a4   Data           4  cmsis_os2.o(.data)
    .data                                    0x200000a8   Section       24  heap_4.o(.data)
    xStart                                   0x200000a8   Data           8  heap_4.o(.data)
    pxEnd                                    0x200000b0   Data           4  heap_4.o(.data)
    xFreeBytesRemaining                      0x200000b4   Data           4  heap_4.o(.data)
    xMinimumEverFreeBytesRemaining           0x200000b8   Data           4  heap_4.o(.data)
    xBlockAllocatedBit                       0x200000bc   Data           4  heap_4.o(.data)
    .data                                    0x200000c0   Section       12  port.o(.data)
    uxCriticalNesting                        0x200000c0   Data           4  port.o(.data)
    ucMaxSysCallPriority                     0x200000c4   Data           1  port.o(.data)
    ulMaxPRIGROUPValue                       0x200000c8   Data           4  port.o(.data)
    .bss                                     0x200000cc   Section       40  can.o(.bss)
    .bss                                     0x200000f4   Section      420  usart.o(.bss)
    .bss                                     0x20000298   Section       72  stm32f1xx_hal_timebase_tim.o(.bss)
    .bss                                     0x200002e0   Section      132  init.o(.bss)
    .bss                                     0x20000364   Section     4144  drv_can.o(.bss)
    can_tx_fifo_buff                         0x20000394   Data        4096  drv_can.o(.bss)
    .bss                                     0x20001394   Section       50  drv_t12.o(.bss)
    t12_uart_rx_buff                         0x20001394   Data          50  drv_t12.o(.bss)
    .bss                                     0x200013c8   Section     5256  drv_uart_1.o(.bss)
    usart3_rx_buff                           0x200013c8   Data         512  drv_uart_1.o(.bss)
    usart3_tx_buff                           0x200015c8   Data         512  drv_uart_1.o(.bss)
    usart3_tx_fifo_buff                      0x200017c8   Data        1024  drv_uart_1.o(.bss)
    usart1_rx_buff                           0x20001bc8   Data         512  drv_uart_1.o(.bss)
    usart1_tx_buff                           0x20001dc8   Data         512  drv_uart_1.o(.bss)
    usart1_tx_fifo_buff                      0x20001fc8   Data        2048  drv_uart_1.o(.bss)
    .bss                                     0x20002850   Section       64  queue.o(.bss)
    .bss                                     0x20002890   Section     1220  tasks.o(.bss)
    pxReadyTasksLists                        0x20002890   Data        1120  tasks.o(.bss)
    xDelayedTaskList1                        0x20002cf0   Data          20  tasks.o(.bss)
    xDelayedTaskList2                        0x20002d04   Data          20  tasks.o(.bss)
    xPendingReadyList                        0x20002d18   Data          20  tasks.o(.bss)
    xTasksWaitingTermination                 0x20002d2c   Data          20  tasks.o(.bss)
    xSuspendedTaskList                       0x20002d40   Data          20  tasks.o(.bss)
    .bss                                     0x20002d54   Section      280  timers.o(.bss)
    xActiveTimerList1                        0x20002d54   Data          20  timers.o(.bss)
    xActiveTimerList2                        0x20002d68   Data          20  timers.o(.bss)
    xStaticTimerQueue                        0x20002d7c   Data          80  timers.o(.bss)
    ucStaticTimerQueueStorage                0x20002dcc   Data         160  timers.o(.bss)
    .bss                                     0x20002e6c   Section     1720  cmsis_os2.o(.bss)
    Idle_TCB                                 0x20002e6c   Data          92  cmsis_os2.o(.bss)
    Idle_Stack                               0x20002ec8   Data         512  cmsis_os2.o(.bss)
    Timer_TCB                                0x200030c8   Data          92  cmsis_os2.o(.bss)
    Timer_Stack                              0x20003124   Data        1024  cmsis_os2.o(.bss)
    .bss                                     0x20003524   Section    10240  heap_4.o(.bss)
    ucHeap                                   0x20003524   Data       10240  heap_4.o(.bss)
    STACK                                    0x20005d28   Section     1024  startup_stm32f103xe.o(STACK)

    Global Symbols

    Symbol Name                              Value     Ov Type        Size  Object(Section)

    BuildAttributes$$THM_ISAv4$P$D$K$B$S$PE$A:L22UL41UL21$X:L11$S22US41US21$IEEE1$IW$USESV6$~STKCKD$USESV7$~SHL$OTIME$ROPI$IEEEX$EBA8$MICROLIB$REQ8$PRES8$EABIv2 0x00000000   Number         0  anon$$obj.o ABSOLUTE
    __ARM_use_no_argv                        0x00000000   Number         0  main.o ABSOLUTE
    _printf_a                                0x00000000   Number         0  stubs.o ABSOLUTE
    _printf_c                                0x00000000   Number         0  stubs.o ABSOLUTE
    _printf_charcount                        0x00000000   Number         0  stubs.o ABSOLUTE
    _printf_d                                0x00000000   Number         0  stubs.o ABSOLUTE
    _printf_e                                0x00000000   Number         0  stubs.o ABSOLUTE
    _printf_f                                0x00000000   Number         0  stubs.o ABSOLUTE
    _printf_flags                            0x00000000   Number         0  stubs.o ABSOLUTE
    _printf_fp_dec                           0x00000000   Number         0  stubs.o ABSOLUTE
    _printf_fp_hex                           0x00000000   Number         0  stubs.o ABSOLUTE
    _printf_g                                0x00000000   Number         0  stubs.o ABSOLUTE
    _printf_i                                0x00000000   Number         0  stubs.o ABSOLUTE
    _printf_int_dec                          0x00000000   Number         0  stubs.o ABSOLUTE
    _printf_l                                0x00000000   Number         0  stubs.o ABSOLUTE
    _printf_lc                               0x00000000   Number         0  stubs.o ABSOLUTE
    _printf_ll                               0x00000000   Number         0  stubs.o ABSOLUTE
    _printf_lld                              0x00000000   Number         0  stubs.o ABSOLUTE
    _printf_lli                              0x00000000   Number         0  stubs.o ABSOLUTE
    _printf_llo                              0x00000000   Number         0  stubs.o ABSOLUTE
    _printf_llu                              0x00000000   Number         0  stubs.o ABSOLUTE
    _printf_llx                              0x00000000   Number         0  stubs.o ABSOLUTE
    _printf_longlong_dec                     0x00000000   Number         0  stubs.o ABSOLUTE
    _printf_longlong_hex                     0x00000000   Number         0  stubs.o ABSOLUTE
    _printf_longlong_oct                     0x00000000   Number         0  stubs.o ABSOLUTE
    _printf_ls                               0x00000000   Number         0  stubs.o ABSOLUTE
    _printf_mbtowc                           0x00000000   Number         0  stubs.o ABSOLUTE
    _printf_n                                0x00000000   Number         0  stubs.o ABSOLUTE
    _printf_o                                0x00000000   Number         0  stubs.o ABSOLUTE
    _printf_p                                0x00000000   Number         0  stubs.o ABSOLUTE
    _printf_percent                          0x00000000   Number         0  stubs.o ABSOLUTE
    _printf_pre_padding                      0x00000000   Number         0  stubs.o ABSOLUTE
    _printf_return_value                     0x00000000   Number         0  stubs.o ABSOLUTE
    _printf_s                                0x00000000   Number         0  stubs.o ABSOLUTE
    _printf_sizespec                         0x00000000   Number         0  stubs.o ABSOLUTE
    _printf_str                              0x00000000   Number         0  stubs.o ABSOLUTE
    _printf_truncate_signed                  0x00000000   Number         0  stubs.o ABSOLUTE
    _printf_truncate_unsigned                0x00000000   Number         0  stubs.o ABSOLUTE
    _printf_u                                0x00000000   Number         0  stubs.o ABSOLUTE
    _printf_wc                               0x00000000   Number         0  stubs.o ABSOLUTE
    _printf_wctomb                           0x00000000   Number         0  stubs.o ABSOLUTE
    _printf_widthprec                        0x00000000   Number         0  stubs.o ABSOLUTE
    _printf_x                                0x00000000   Number         0  stubs.o ABSOLUTE
    __arm_fini_                               - Undefined Weak Reference
    __cpp_initialize__aeabi_                  - Undefined Weak Reference
    __cxa_finalize                            - Undefined Weak Reference
    __decompress                              - Undefined Weak Reference
    _clock_init                               - Undefined Weak Reference
    _microlib_exit                            - Undefined Weak Reference
    __Vectors_Size                           0x00000130   Number         0  startup_stm32f103xe.o ABSOLUTE
    __Vectors                                0x08000000   Data           4  startup_stm32f103xe.o(RESET)
    __Vectors_End                            0x08000130   Data           0  startup_stm32f103xe.o(RESET)
    __main                                   0x08000131   Thumb Code     0  entry.o(.ARM.Collect$$$$00000000)
    _main_stk                                0x08000131   Thumb Code     0  entry2.o(.ARM.Collect$$$$00000001)
    _main_scatterload                        0x08000135   Thumb Code     0  entry5.o(.ARM.Collect$$$$00000004)
    __main_after_scatterload                 0x08000139   Thumb Code     0  entry5.o(.ARM.Collect$$$$00000004)
    _main_clock                              0x08000139   Thumb Code     0  entry7b.o(.ARM.Collect$$$$00000008)
    _main_cpp_init                           0x08000139   Thumb Code     0  entry8b.o(.ARM.Collect$$$$0000000A)
    _main_init                               0x08000139   Thumb Code     0  entry9a.o(.ARM.Collect$$$$0000000B)
    __rt_lib_shutdown_fini                   0x08000141   Thumb Code     0  entry12b.o(.ARM.Collect$$$$0000000E)
    __rt_final_cpp                           0x08000145   Thumb Code     0  entry10a.o(.ARM.Collect$$$$0000000F)
    __rt_final_exit                          0x08000145   Thumb Code     0  entry11a.o(.ARM.Collect$$$$00000011)
    SVC_Handler                              0x08000149   Thumb Code    32  port.o(.emb_text)
    __asm___6_port_c_39a90d8d__prvStartFirstTask 0x0800016d   Thumb Code    28  port.o(.emb_text)
    PendSV_Handler                           0x0800018d   Thumb Code    72  port.o(.emb_text)
    vPortGetIPSR                             0x080001d9   Thumb Code     6  port.o(.emb_text)
    Reset_Handler                            0x080001e1   Thumb Code     8  startup_stm32f103xe.o(.text)
    ADC1_2_IRQHandler                        0x080001fb   Thumb Code     0  startup_stm32f103xe.o(.text)
    ADC3_IRQHandler                          0x080001fb   Thumb Code     0  startup_stm32f103xe.o(.text)
    DMA1_Channel1_IRQHandler                 0x080001fb   Thumb Code     0  startup_stm32f103xe.o(.text)
    DMA1_Channel2_IRQHandler                 0x080001fb   Thumb Code     0  startup_stm32f103xe.o(.text)
    DMA1_Channel6_IRQHandler                 0x080001fb   Thumb Code     0  startup_stm32f103xe.o(.text)
    DMA1_Channel7_IRQHandler                 0x080001fb   Thumb Code     0  startup_stm32f103xe.o(.text)
    DMA2_Channel1_IRQHandler                 0x080001fb   Thumb Code     0  startup_stm32f103xe.o(.text)
    DMA2_Channel2_IRQHandler                 0x080001fb   Thumb Code     0  startup_stm32f103xe.o(.text)
    DMA2_Channel3_IRQHandler                 0x080001fb   Thumb Code     0  startup_stm32f103xe.o(.text)
    DMA2_Channel4_5_IRQHandler               0x080001fb   Thumb Code     0  startup_stm32f103xe.o(.text)
    EXTI0_IRQHandler                         0x080001fb   Thumb Code     0  startup_stm32f103xe.o(.text)
    EXTI15_10_IRQHandler                     0x080001fb   Thumb Code     0  startup_stm32f103xe.o(.text)
    EXTI1_IRQHandler                         0x080001fb   Thumb Code     0  startup_stm32f103xe.o(.text)
    EXTI2_IRQHandler                         0x080001fb   Thumb Code     0  startup_stm32f103xe.o(.text)
    EXTI3_IRQHandler                         0x080001fb   Thumb Code     0  startup_stm32f103xe.o(.text)
    EXTI4_IRQHandler                         0x080001fb   Thumb Code     0  startup_stm32f103xe.o(.text)
    EXTI9_5_IRQHandler                       0x080001fb   Thumb Code     0  startup_stm32f103xe.o(.text)
    FLASH_IRQHandler                         0x080001fb   Thumb Code     0  startup_stm32f103xe.o(.text)
    FSMC_IRQHandler                          0x080001fb   Thumb Code     0  startup_stm32f103xe.o(.text)
    I2C1_ER_IRQHandler                       0x080001fb   Thumb Code     0  startup_stm32f103xe.o(.text)
    I2C1_EV_IRQHandler                       0x080001fb   Thumb Code     0  startup_stm32f103xe.o(.text)
    I2C2_ER_IRQHandler                       0x080001fb   Thumb Code     0  startup_stm32f103xe.o(.text)
    I2C2_EV_IRQHandler                       0x080001fb   Thumb Code     0  startup_stm32f103xe.o(.text)
    PVD_IRQHandler                           0x080001fb   Thumb Code     0  startup_stm32f103xe.o(.text)
    RCC_IRQHandler                           0x080001fb   Thumb Code     0  startup_stm32f103xe.o(.text)
    RTC_Alarm_IRQHandler                     0x080001fb   Thumb Code     0  startup_stm32f103xe.o(.text)
    RTC_IRQHandler                           0x080001fb   Thumb Code     0  startup_stm32f103xe.o(.text)
    SDIO_IRQHandler                          0x080001fb   Thumb Code     0  startup_stm32f103xe.o(.text)
    SPI1_IRQHandler                          0x080001fb   Thumb Code     0  startup_stm32f103xe.o(.text)
    SPI2_IRQHandler                          0x080001fb   Thumb Code     0  startup_stm32f103xe.o(.text)
    SPI3_IRQHandler                          0x080001fb   Thumb Code     0  startup_stm32f103xe.o(.text)
    TAMPER_IRQHandler                        0x080001fb   Thumb Code     0  startup_stm32f103xe.o(.text)
    TIM1_BRK_IRQHandler                      0x080001fb   Thumb Code     0  startup_stm32f103xe.o(.text)
    TIM1_CC_IRQHandler                       0x080001fb   Thumb Code     0  startup_stm32f103xe.o(.text)
    TIM1_TRG_COM_IRQHandler                  0x080001fb   Thumb Code     0  startup_stm32f103xe.o(.text)
    TIM1_UP_IRQHandler                       0x080001fb   Thumb Code     0  startup_stm32f103xe.o(.text)
    TIM2_IRQHandler                          0x080001fb   Thumb Code     0  startup_stm32f103xe.o(.text)
    TIM3_IRQHandler                          0x080001fb   Thumb Code     0  startup_stm32f103xe.o(.text)
    TIM4_IRQHandler                          0x080001fb   Thumb Code     0  startup_stm32f103xe.o(.text)
    TIM5_IRQHandler                          0x080001fb   Thumb Code     0  startup_stm32f103xe.o(.text)
    TIM6_IRQHandler                          0x080001fb   Thumb Code     0  startup_stm32f103xe.o(.text)
    TIM8_BRK_IRQHandler                      0x080001fb   Thumb Code     0  startup_stm32f103xe.o(.text)
    TIM8_CC_IRQHandler                       0x080001fb   Thumb Code     0  startup_stm32f103xe.o(.text)
    TIM8_TRG_COM_IRQHandler                  0x080001fb   Thumb Code     0  startup_stm32f103xe.o(.text)
    TIM8_UP_IRQHandler                       0x080001fb   Thumb Code     0  startup_stm32f103xe.o(.text)
    UART4_IRQHandler                         0x080001fb   Thumb Code     0  startup_stm32f103xe.o(.text)
    UART5_IRQHandler                         0x080001fb   Thumb Code     0  startup_stm32f103xe.o(.text)
    USART2_IRQHandler                        0x080001fb   Thumb Code     0  startup_stm32f103xe.o(.text)
    USBWakeUp_IRQHandler                     0x080001fb   Thumb Code     0  startup_stm32f103xe.o(.text)
    WWDG_IRQHandler                          0x080001fb   Thumb Code     0  startup_stm32f103xe.o(.text)
    __aeabi_llsr                             0x08000205   Thumb Code    32  llushr.o(.text)
    _ll_ushift_r                             0x08000205   Thumb Code     0  llushr.o(.text)
    __aeabi_memcpy                           0x08000225   Thumb Code    36  memcpya.o(.text)
    __aeabi_memcpy4                          0x08000225   Thumb Code     0  memcpya.o(.text)
    __aeabi_memcpy8                          0x08000225   Thumb Code     0  memcpya.o(.text)
    __aeabi_memset                           0x08000249   Thumb Code    14  memseta.o(.text)
    __aeabi_memset4                          0x08000249   Thumb Code     0  memseta.o(.text)
    __aeabi_memset8                          0x08000249   Thumb Code     0  memseta.o(.text)
    __aeabi_memclr                           0x08000257   Thumb Code     4  memseta.o(.text)
    __aeabi_memclr4                          0x08000257   Thumb Code     0  memseta.o(.text)
    __aeabi_memclr8                          0x08000257   Thumb Code     0  memseta.o(.text)
    memset                                   0x0800025b   Thumb Code    18  memseta.o(.text)
    strlen                                   0x0800026d   Thumb Code    14  strlen.o(.text)
    strcpy                                   0x0800027b   Thumb Code    18  strcpy.o(.text)
    __aeabi_dadd                             0x0800028d   Thumb Code   322  dadd.o(.text)
    __aeabi_dsub                             0x080003cf   Thumb Code     6  dadd.o(.text)
    __aeabi_drsub                            0x080003d5   Thumb Code     6  dadd.o(.text)
    __aeabi_dmul                             0x080003db   Thumb Code   228  dmul.o(.text)
    __aeabi_ddiv                             0x080004bf   Thumb Code   222  ddiv.o(.text)
    __aeabi_uidiv                            0x0800059d   Thumb Code     0  uidiv.o(.text)
    __aeabi_uidivmod                         0x0800059d   Thumb Code    44  uidiv.o(.text)
    __aeabi_uldivmod                         0x080005c9   Thumb Code    98  uldiv.o(.text)
    __aeabi_llsl                             0x0800062b   Thumb Code    30  llshl.o(.text)
    _ll_shift_l                              0x0800062b   Thumb Code     0  llshl.o(.text)
    __aeabi_lasr                             0x08000649   Thumb Code    36  llsshr.o(.text)
    _ll_sshift_r                             0x08000649   Thumb Code     0  llsshr.o(.text)
    __I$use$fp                               0x0800066d   Thumb Code     0  iusefp.o(.text)
    _double_round                            0x0800066d   Thumb Code    30  depilogue.o(.text)
    _double_epilogue                         0x0800068b   Thumb Code   156  depilogue.o(.text)
    __aeabi_d2ulz                            0x08000727   Thumb Code    48  dfixul.o(.text)
    __aeabi_cdrcmple                         0x08000759   Thumb Code    48  cdrcmple.o(.text)
    __scatterload                            0x08000789   Thumb Code    28  init.o(.text)
    __scatterload_rt2                        0x08000789   Thumb Code     0  init.o(.text)
    BusFault_Handler                         0x080007ad   Thumb Code     4  stm32f1xx_it.o(i.BusFault_Handler)
    CAN1_RX1_IRQHandler                      0x080007b1   Thumb Code    10  stm32f1xx_it.o(i.CAN1_RX1_IRQHandler)
    CAN1_SCE_IRQHandler                      0x080007c1   Thumb Code    10  stm32f1xx_it.o(i.CAN1_SCE_IRQHandler)
    DMA1_Channel3_IRQHandler                 0x080007d1   Thumb Code    10  stm32f1xx_it.o(i.DMA1_Channel3_IRQHandler)
    DMA1_Channel4_IRQHandler                 0x080007e1   Thumb Code    10  stm32f1xx_it.o(i.DMA1_Channel4_IRQHandler)
    DMA1_Channel5_IRQHandler                 0x080007f1   Thumb Code    10  stm32f1xx_it.o(i.DMA1_Channel5_IRQHandler)
    DebugMon_Handler                         0x0800082d   Thumb Code     2  stm32f1xx_it.o(i.DebugMon_Handler)
    Error_Handler                            0x0800082f   Thumb Code     6  main.o(i.Error_Handler)
    HAL_CAN_AddTxMessage                     0x08000835   Thumb Code   330  stm32f1xx_hal_can.o(i.HAL_CAN_AddTxMessage)
    HAL_CAN_ErrorCallback                    0x08000981   Thumb Code    18  drv_can.o(i.HAL_CAN_ErrorCallback)
    HAL_CAN_GetRxMessage                     0x0800099d   Thumb Code   404  stm32f1xx_hal_can.o(i.HAL_CAN_GetRxMessage)
    HAL_CAN_GetTxMailboxesFreeLevel          0x08000b31   Thumb Code    54  stm32f1xx_hal_can.o(i.HAL_CAN_GetTxMailboxesFreeLevel)
    HAL_CAN_IRQHandler                       0x08000b67   Thumb Code   590  stm32f1xx_hal_can.o(i.HAL_CAN_IRQHandler)
    HAL_CAN_Init                             0x08000db5   Thumb Code   372  stm32f1xx_hal_can.o(i.HAL_CAN_Init)
    HAL_CAN_MspInit                          0x08000f29   Thumb Code   186  can.o(i.HAL_CAN_MspInit)
    HAL_CAN_RxFifo0FullCallback              0x08000ff1   Thumb Code     2  stm32f1xx_hal_can.o(i.HAL_CAN_RxFifo0FullCallback)
    HAL_CAN_RxFifo0MsgPendingCallback        0x08000ff5   Thumb Code    44  drv_can.o(i.HAL_CAN_RxFifo0MsgPendingCallback)
    HAL_CAN_RxFifo1FullCallback              0x08001029   Thumb Code     2  stm32f1xx_hal_can.o(i.HAL_CAN_RxFifo1FullCallback)
    HAL_CAN_RxFifo1MsgPendingCallback        0x0800102b   Thumb Code     2  stm32f1xx_hal_can.o(i.HAL_CAN_RxFifo1MsgPendingCallback)
    HAL_CAN_SleepCallback                    0x0800102d   Thumb Code     2  stm32f1xx_hal_can.o(i.HAL_CAN_SleepCallback)
    HAL_CAN_TxMailbox0AbortCallback          0x0800102f   Thumb Code     2  stm32f1xx_hal_can.o(i.HAL_CAN_TxMailbox0AbortCallback)
    HAL_CAN_TxMailbox0CompleteCallback       0x08001031   Thumb Code    18  drv_can.o(i.HAL_CAN_TxMailbox0CompleteCallback)
    HAL_CAN_TxMailbox1AbortCallback          0x0800104d   Thumb Code     2  stm32f1xx_hal_can.o(i.HAL_CAN_TxMailbox1AbortCallback)
    HAL_CAN_TxMailbox1CompleteCallback       0x08001051   Thumb Code    18  drv_can.o(i.HAL_CAN_TxMailbox1CompleteCallback)
    HAL_CAN_TxMailbox2AbortCallback          0x0800106d   Thumb Code     2  stm32f1xx_hal_can.o(i.HAL_CAN_TxMailbox2AbortCallback)
    HAL_CAN_TxMailbox2CompleteCallback       0x08001071   Thumb Code    18  drv_can.o(i.HAL_CAN_TxMailbox2CompleteCallback)
    HAL_CAN_WakeUpFromRxMsgCallback          0x0800108d   Thumb Code     2  stm32f1xx_hal_can.o(i.HAL_CAN_WakeUpFromRxMsgCallback)
    HAL_DMA_Abort                            0x0800108f   Thumb Code    86  stm32f1xx_hal_dma.o(i.HAL_DMA_Abort)
    HAL_DMA_Abort_IT                         0x080010e5   Thumb Code   414  stm32f1xx_hal_dma.o(i.HAL_DMA_Abort_IT)
    HAL_DMA_IRQHandler                       0x0800128d   Thumb Code   910  stm32f1xx_hal_dma.o(i.HAL_DMA_IRQHandler)
    HAL_DMA_Init                             0x08001625   Thumb Code   132  stm32f1xx_hal_dma.o(i.HAL_DMA_Init)
    HAL_DMA_Start                            0x080016b1   Thumb Code   114  stm32f1xx_hal_dma.o(i.HAL_DMA_Start)
    HAL_DMA_Start_IT                         0x08001723   Thumb Code   156  stm32f1xx_hal_dma.o(i.HAL_DMA_Start_IT)
    HAL_GPIO_Init                            0x080017c1   Thumb Code   792  stm32f1xx_hal_gpio.o(i.HAL_GPIO_Init)
    HAL_GPIO_WritePin                        0x08001b01   Thumb Code    12  stm32f1xx_hal_gpio.o(i.HAL_GPIO_WritePin)
    HAL_GetTick                              0x08001b0d   Thumb Code     6  stm32f1xx_hal.o(i.HAL_GetTick)
    HAL_IncTick                              0x08001b19   Thumb Code    16  stm32f1xx_hal.o(i.HAL_IncTick)
    HAL_Init                                 0x08001b31   Thumb Code    34  stm32f1xx_hal.o(i.HAL_Init)
    HAL_InitTick                             0x08001b59   Thumb Code   158  stm32f1xx_hal_timebase_tim.o(i.HAL_InitTick)
    HAL_MspInit                              0x08001c0d   Thumb Code    86  stm32f1xx_hal_msp.o(i.HAL_MspInit)
    HAL_NVIC_EnableIRQ                       0x08001c6d   Thumb Code    32  stm32f1xx_hal_cortex.o(i.HAL_NVIC_EnableIRQ)
    HAL_NVIC_SetPriority                     0x08001c8d   Thumb Code   124  stm32f1xx_hal_cortex.o(i.HAL_NVIC_SetPriority)
    HAL_NVIC_SetPriorityGrouping             0x08001d09   Thumb Code    32  stm32f1xx_hal_cortex.o(i.HAL_NVIC_SetPriorityGrouping)
    HAL_RCC_ClockConfig                      0x08001d31   Thumb Code   376  stm32f1xx_hal_rcc.o(i.HAL_RCC_ClockConfig)
    HAL_RCC_GetClockConfig                   0x08001ebd   Thumb Code    58  stm32f1xx_hal_rcc.o(i.HAL_RCC_GetClockConfig)
    HAL_RCC_GetHCLKFreq                      0x08001f01   Thumb Code     6  stm32f1xx_hal_rcc.o(i.HAL_RCC_GetHCLKFreq)
    HAL_RCC_GetPCLK1Freq                     0x08001f0d   Thumb Code    22  stm32f1xx_hal_rcc.o(i.HAL_RCC_GetPCLK1Freq)
    HAL_RCC_GetPCLK2Freq                     0x08001f2d   Thumb Code    22  stm32f1xx_hal_rcc.o(i.HAL_RCC_GetPCLK2Freq)
    HAL_RCC_GetSysClockFreq                  0x08001f4d   Thumb Code    92  stm32f1xx_hal_rcc.o(i.HAL_RCC_GetSysClockFreq)
    HAL_RCC_OscConfig                        0x08001fbd   Thumb Code  1114  stm32f1xx_hal_rcc.o(i.HAL_RCC_OscConfig)
    HAL_TIMEx_BreakCallback                  0x08002421   Thumb Code     2  stm32f1xx_hal_tim_ex.o(i.HAL_TIMEx_BreakCallback)
    HAL_TIMEx_CommutCallback                 0x08002423   Thumb Code     2  stm32f1xx_hal_tim_ex.o(i.HAL_TIMEx_CommutCallback)
    HAL_TIM_Base_Init                        0x08002425   Thumb Code   102  stm32f1xx_hal_tim.o(i.HAL_TIM_Base_Init)
    HAL_TIM_Base_MspInit                     0x0800248b   Thumb Code     2  stm32f1xx_hal_tim.o(i.HAL_TIM_Base_MspInit)
    HAL_TIM_Base_Start_IT                    0x0800248d   Thumb Code   122  stm32f1xx_hal_tim.o(i.HAL_TIM_Base_Start_IT)
    HAL_TIM_IC_CaptureCallback               0x0800251d   Thumb Code     2  stm32f1xx_hal_tim.o(i.HAL_TIM_IC_CaptureCallback)
    HAL_TIM_IRQHandler                       0x0800251f   Thumb Code   406  stm32f1xx_hal_tim.o(i.HAL_TIM_IRQHandler)
    HAL_TIM_OC_DelayElapsedCallback          0x080026b5   Thumb Code     2  stm32f1xx_hal_tim.o(i.HAL_TIM_OC_DelayElapsedCallback)
    HAL_TIM_PWM_PulseFinishedCallback        0x080026b7   Thumb Code     2  stm32f1xx_hal_tim.o(i.HAL_TIM_PWM_PulseFinishedCallback)
    HAL_TIM_PeriodElapsedCallback            0x080026b9   Thumb Code    18  main.o(i.HAL_TIM_PeriodElapsedCallback)
    HAL_TIM_TriggerCallback                  0x080026d1   Thumb Code     2  stm32f1xx_hal_tim.o(i.HAL_TIM_TriggerCallback)
    HAL_UARTEx_RxEventCallback               0x080026d3   Thumb Code     2  stm32f1xx_hal_uart.o(i.HAL_UARTEx_RxEventCallback)
    HAL_UART_ErrorCallback                   0x080026d5   Thumb Code     2  stm32f1xx_hal_uart.o(i.HAL_UART_ErrorCallback)
    HAL_UART_IRQHandler                      0x080026d9   Thumb Code   736  stm32f1xx_hal_uart.o(i.HAL_UART_IRQHandler)
    HAL_UART_Init                            0x080029bd   Thumb Code   118  stm32f1xx_hal_uart.o(i.HAL_UART_Init)
    HAL_UART_MspInit                         0x08002a35   Thumb Code   522  usart.o(i.HAL_UART_MspInit)
    HAL_UART_Receive_DMA                     0x08002c69   Thumb Code    44  stm32f1xx_hal_uart.o(i.HAL_UART_Receive_DMA)
    HAL_UART_RxCpltCallback                  0x08002c95   Thumb Code    36  drv_uart_1.o(i.HAL_UART_RxCpltCallback)
    HAL_UART_RxHalfCpltCallback              0x08002cc9   Thumb Code    36  drv_uart_1.o(i.HAL_UART_RxHalfCpltCallback)
    HAL_UART_Transmit_DMA                    0x08002cfd   Thumb Code   128  stm32f1xx_hal_uart.o(i.HAL_UART_Transmit_DMA)
    HAL_UART_TxCpltCallback                  0x08002d89   Thumb Code    32  drv_uart_1.o(i.HAL_UART_TxCpltCallback)
    HAL_UART_TxHalfCpltCallback              0x08002db9   Thumb Code     2  stm32f1xx_hal_uart.o(i.HAL_UART_TxHalfCpltCallback)
    HardFault_Handler                        0x08002dbb   Thumb Code     4  stm32f1xx_it.o(i.HardFault_Handler)
    MX_CAN_Init                              0x08002dc1   Thumb Code    58  can.o(i.MX_CAN_Init)
    MX_DMA_Init                              0x08002e05   Thumb Code    80  dma.o(i.MX_DMA_Init)
    MX_FREERTOS_Init                         0x08002e59   Thumb Code    18  freertos.o(i.MX_FREERTOS_Init)
    MX_GPIO_Init                             0x08002e79   Thumb Code   196  gpio.o(i.MX_GPIO_Init)
    MX_USART1_UART_Init                      0x08002f49   Thumb Code    46  usart.o(i.MX_USART1_UART_Init)
    MX_USART2_UART_Init                      0x08002f81   Thumb Code    46  usart.o(i.MX_USART2_UART_Init)
    MX_USART3_UART_Init                      0x08002fb9   Thumb Code    46  usart.o(i.MX_USART3_UART_Init)
    MemManage_Handler                        0x08002ff1   Thumb Code     4  stm32f1xx_it.o(i.MemManage_Handler)
    NMI_Handler                              0x08002ff5   Thumb Code     4  stm32f1xx_it.o(i.NMI_Handler)
    SysTick_Handler                          0x08003021   Thumb Code    46  port.o(i.SysTick_Handler)
    SystemClock_Config                       0x08003055   Thumb Code   102  main.o(i.SystemClock_Config)
    SystemInit                               0x080030bb   Thumb Code     2  system_stm32f1xx.o(i.SystemInit)
    TIM7_IRQHandler                          0x080030bd   Thumb Code    10  stm32f1xx_it.o(i.TIM7_IRQHandler)
    TIM_Base_SetConfig                       0x080030cd   Thumb Code   134  stm32f1xx_hal_tim.o(i.TIM_Base_SetConfig)
    UART_Receive_DMA_No_IT                   0x080033bd   Thumb Code   102  drv_t12.o(i.UART_Receive_DMA_No_IT)
    UART_Start_Receive_DMA                   0x0800361d   Thumb Code   186  stm32f1xx_hal_uart.o(i.UART_Start_Receive_DMA)
    USART1_IRQHandler                        0x08003745   Thumb Code    10  stm32f1xx_it.o(i.USART1_IRQHandler)
    USART3_IRQHandler                        0x08003755   Thumb Code    10  stm32f1xx_it.o(i.USART3_IRQHandler)
    USB_HP_CAN1_TX_IRQHandler                0x08003765   Thumb Code    10  stm32f1xx_it.o(i.USB_HP_CAN1_TX_IRQHandler)
    USB_LP_CAN1_RX0_IRQHandler               0x08003775   Thumb Code    10  stm32f1xx_it.o(i.USB_LP_CAN1_RX0_IRQHandler)
    UsageFault_Handler                       0x08003785   Thumb Code     4  stm32f1xx_it.o(i.UsageFault_Handler)
    __0snprintf                              0x08003789   Thumb Code    48  printfa.o(i.__0snprintf)
    __1snprintf                              0x08003789   Thumb Code     0  printfa.o(i.__0snprintf)
    __2snprintf                              0x08003789   Thumb Code     0  printfa.o(i.__0snprintf)
    __c89snprintf                            0x08003789   Thumb Code     0  printfa.o(i.__0snprintf)
    snprintf                                 0x08003789   Thumb Code     0  printfa.o(i.__0snprintf)
    __0vsnprintf                             0x080037bd   Thumb Code    46  printfa.o(i.__0vsnprintf)
    __1vsnprintf                             0x080037bd   Thumb Code     0  printfa.o(i.__0vsnprintf)
    __2vsnprintf                             0x080037bd   Thumb Code     0  printfa.o(i.__0vsnprintf)
    __c89vsnprintf                           0x080037bd   Thumb Code     0  printfa.o(i.__0vsnprintf)
    vsnprintf                                0x080037bd   Thumb Code     0  printfa.o(i.__0vsnprintf)
    __scatterload_copy                       0x0800383b   Thumb Code    14  handlers.o(i.__scatterload_copy)
    __scatterload_null                       0x08003849   Thumb Code     2  handlers.o(i.__scatterload_null)
    __scatterload_zeroinit                   0x0800384b   Thumb Code    14  handlers.o(i.__scatterload_zeroinit)
    device_init                              0x0800417d   Thumb Code   382  device.o(i.device_init)
    fifo_get_noprotect                       0x08004391   Thumb Code    62  fifo.o(i.fifo_get_noprotect)
    fifo_is_empty                            0x080043cf   Thumb Code    14  fifo.o(i.fifo_is_empty)
    fifo_s_gets                              0x080043dd   Thumb Code   160  fifo.o(i.fifo_s_gets)
    fifo_s_init                              0x0800447d   Thumb Code    28  fifo.o(i.fifo_s_init)
    fifo_s_puts                              0x08004499   Thumb Code   166  fifo.o(i.fifo_s_puts)
    get_global_log_level                     0x08004541   Thumb Code     6  log.o(i.get_global_log_level)
    get_time_ms                              0x080047f3   Thumb Code     8  sys.o(i.get_time_ms)
    log_printf                               0x080047fb   Thumb Code    52  log.o(i.log_printf)
    log_printf_to_buffer                     0x0800482f   Thumb Code    40  log.o(i.log_printf_to_buffer)
    main                                     0x08004857   Thumb Code    52  main.o(i.main)
    osDelay                                  0x0800488d   Thumb Code    50  cmsis_os2.o(i.osDelay)
    osKernelInitialize                       0x080048c5   Thumb Code    58  cmsis_os2.o(i.osKernelInitialize)
    osKernelStart                            0x08004905   Thumb Code    64  cmsis_os2.o(i.osKernelStart)
    osThreadNew                              0x08004949   Thumb Code   216  cmsis_os2.o(i.osThreadNew)
    pvPortMalloc                             0x080053f1   Thumb Code   296  heap_4.o(i.pvPortMalloc)
    pxPortInitialiseStack                    0x0800552d   Thumb Code    30  port.o(i.pxPortInitialiseStack)
    rc_device_date_update                    0x08005551   Thumb Code    34  sbus.o(i.rc_device_date_update)
    rc_device_register                       0x08005575   Thumb Code   190  sbus.o(i.rc_device_register)
    system_service                           0x080056a9   Thumb Code   164  init.o(i.system_service)
    system_service_task                      0x080057d1   Thumb Code    12  freertos.o(i.system_service_task)
    t12_rx_data_by_uart                      0x080057dd   Thumb Code    18  board.o(i.t12_rx_data_by_uart)
    t12_uart_init                            0x080057f5   Thumb Code    42  drv_t12.o(i.t12_uart_init)
    usart1_manage_init                       0x08005831   Thumb Code    92  drv_uart_1.o(i.usart1_manage_init)
    usart1_transmit                          0x080058a5   Thumb Code    18  drv_uart_1.o(i.usart1_transmit)
    usart_transmit                           0x0800592b   Thumb Code   148  drv_uart_1.o(i.usart_transmit)
    uxListRemove                             0x080059ff   Thumb Code    40  list.o(i.uxListRemove)
    vApplicationGetIdleTaskMemory            0x08005a29   Thumb Code    14  cmsis_os2.o(i.vApplicationGetIdleTaskMemory)
    vApplicationGetTimerTaskMemory           0x08005a41   Thumb Code    16  cmsis_os2.o(i.vApplicationGetTimerTaskMemory)
    vListInitialise                          0x08005a59   Thumb Code    26  list.o(i.vListInitialise)
    vListInitialiseItem                      0x08005a73   Thumb Code     6  list.o(i.vListInitialiseItem)
    vListInsert                              0x08005a79   Thumb Code    52  list.o(i.vListInsert)
    vListInsertEnd                           0x08005aad   Thumb Code    24  list.o(i.vListInsertEnd)
    vPortEnterCritical                       0x08005ac5   Thumb Code    76  port.o(i.vPortEnterCritical)
    vPortExitCritical                        0x08005b19   Thumb Code    56  port.o(i.vPortExitCritical)
    vPortFree                                0x08005b55   Thumb Code   140  heap_4.o(i.vPortFree)
    vPortSetupTimerInterrupt                 0x08005be9   Thumb Code    36  port.o(i.vPortSetupTimerInterrupt)
    vPortValidateInterruptPriority           0x08005c11   Thumb Code   106  port.o(i.vPortValidateInterruptPriority)
    vQueueAddToRegistry                      0x08005c89   Thumb Code    38  queue.o(i.vQueueAddToRegistry)
    vQueueWaitForMessageRestricted           0x08005cb5   Thumb Code    74  queue.o(i.vQueueWaitForMessageRestricted)
    vTaskDelay                               0x08005d01   Thumb Code    82  tasks.o(i.vTaskDelay)
    vTaskInternalSetTimeOutState             0x08005d5d   Thumb Code    14  tasks.o(i.vTaskInternalSetTimeOutState)
    vTaskMissedYield                         0x08005d75   Thumb Code     8  tasks.o(i.vTaskMissedYield)
    vTaskPlaceOnEventList                    0x08005d81   Thumb Code    52  tasks.o(i.vTaskPlaceOnEventList)
    vTaskPlaceOnEventListRestricted          0x08005db9   Thumb Code    60  tasks.o(i.vTaskPlaceOnEventListRestricted)
    vTaskStartScheduler                      0x08005df9   Thumb Code   156  tasks.o(i.vTaskStartScheduler)
    vTaskSuspendAll                          0x08005eb1   Thumb Code    12  tasks.o(i.vTaskSuspendAll)
    vTaskSwitchContext                       0x08005ec1   Thumb Code   122  tasks.o(i.vTaskSwitchContext)
    xPortStartScheduler                      0x08005f51   Thumb Code   228  port.o(i.xPortStartScheduler)
    xQueueGenericCreateStatic                0x08006049   Thumb Code   222  queue.o(i.xQueueGenericCreateStatic)
    xQueueGenericReset                       0x08006129   Thumb Code   146  queue.o(i.xQueueGenericReset)
    xQueueGenericSend                        0x080061c1   Thumb Code   420  queue.o(i.xQueueGenericSend)
    xQueueGenericSendFromISR                 0x08006369   Thumb Code   248  queue.o(i.xQueueGenericSendFromISR)
    xQueueReceive                            0x08006461   Thumb Code   356  queue.o(i.xQueueReceive)
    xTaskCheckForTimeOut                     0x080065c9   Thumb Code   132  tasks.o(i.xTaskCheckForTimeOut)
    xTaskCreate                              0x08006655   Thumb Code   100  tasks.o(i.xTaskCreate)
    xTaskCreateStatic                        0x080066b9   Thumb Code   184  tasks.o(i.xTaskCreateStatic)
    xTaskGetSchedulerState                   0x08006771   Thumb Code    24  tasks.o(i.xTaskGetSchedulerState)
    xTaskGetTickCount                        0x08006791   Thumb Code     6  tasks.o(i.xTaskGetTickCount)
    xTaskIncrementTick                       0x0800679d   Thumb Code   280  tasks.o(i.xTaskIncrementTick)
    xTaskPriorityDisinherit                  0x080068e1   Thumb Code   152  tasks.o(i.xTaskPriorityDisinherit)
    xTaskRemoveFromEventList                 0x08006985   Thumb Code   126  tasks.o(i.xTaskRemoveFromEventList)
    xTaskResumeAll                           0x08006a1d   Thumb Code   222  tasks.o(i.xTaskResumeAll)
    xTimerCreateTimerTask                    0x08006b21   Thumb Code   100  timers.o(i.xTimerCreateTimerTask)
    xTimerGenericCommand                     0x08006b99   Thumb Code   128  timers.o(i.xTimerGenericCommand)
    system_service_attributes                0x08006c1c   Data          36  freertos.o(.constdata)
    AHBPrescTable                            0x08006c52   Data          16  system_stm32f1xx.o(.constdata)
    APBPrescTable                            0x08006c62   Data           8  system_stm32f1xx.o(.constdata)
    Region$$Table$$Base                      0x08006ccc   Number         0  anon$$obj.o(Region$$Table)
    Region$$Table$$Limit                     0x08006cec   Number         0  anon$$obj.o(Region$$Table)
    system_serviceHandle                     0x20000000   Data           4  freertos.o(.data)
    uwTick                                   0x20000004   Data           4  stm32f1xx_hal.o(.data)
    uwTickPrio                               0x20000008   Data           4  stm32f1xx_hal.o(.data)
    uwTickFreq                               0x2000000c   Data           1  stm32f1xx_hal.o(.data)
    SystemCoreClock                          0x20000010   Data           4  system_stm32f1xx.o(.data)
    device_name                              0x20000014   Data          20  device.o(.data)
    t12_rx_callback                          0x20000030   Data           4  drv_t12.o(.data)
    t12_forword_callback                     0x20000034   Data           4  drv_t12.o(.data)
    LOG_LEVEL_TAGS                           0x20000038   Data          24  log.o(.data)
    log_level                                0x20000050   Data           1  log.o(.data)
    pxCurrentTCB                             0x20000054   Data           4  tasks.o(.data)
    hcan                                     0x200000cc   Data          40  can.o(.bss)
    huart1                                   0x200000f4   Data          72  usart.o(.bss)
    huart2                                   0x2000013c   Data          72  usart.o(.bss)
    huart3                                   0x20000184   Data          72  usart.o(.bss)
    hdma_usart1_rx                           0x200001cc   Data          68  usart.o(.bss)
    hdma_usart1_tx                           0x20000210   Data          68  usart.o(.bss)
    hdma_usart3_rx                           0x20000254   Data          68  usart.o(.bss)
    htim7                                    0x20000298   Data          72  stm32f1xx_hal_timebase_tim.o(.bss)
    chassis_rc                               0x200002e0   Data         132  init.o(.bss)
    can_manage                               0x20000364   Data          48  drv_can.o(.bss)
    usart1_manage_obj                        0x200027c8   Data          68  drv_uart_1.o(.bss)
    usart3_manage_obj                        0x2000280c   Data          68  drv_uart_1.o(.bss)
    xQueueRegistry                           0x20002850   Data          64  queue.o(.bss)
    __initial_sp                             0x20006128   Data           0  startup_stm32f103xe.o(STACK)



==============================================================================

Memory Map of the image

  Image Entry point : 0x08000131

  Load Region LR_IROM1 (Base: 0x08000000, Size: 0x00006db8, Max: 0x00040000, ABSOLUTE)

    Execution Region ER_IROM1 (Exec base: 0x08000000, Load base: 0x08000000, Size: 0x00006cec, Max: 0x00040000, ABSOLUTE)

    Exec Addr    Load Addr    Size         Type   Attr      Idx    E Section Name        Object

    0x08000000   0x08000000   0x00000130   Data   RO            3    RESET               startup_stm32f103xe.o
    0x08000130   0x08000130   0x00000000   Code   RO         6078  * .ARM.Collect$$$$00000000  mc_w.l(entry.o)
    0x08000130   0x08000130   0x00000004   Code   RO         6432    .ARM.Collect$$$$00000001  mc_w.l(entry2.o)
    0x08000134   0x08000134   0x00000004   Code   RO         6435    .ARM.Collect$$$$00000004  mc_w.l(entry5.o)
    0x08000138   0x08000138   0x00000000   Code   RO         6437    .ARM.Collect$$$$00000008  mc_w.l(entry7b.o)
    0x08000138   0x08000138   0x00000000   Code   RO         6439    .ARM.Collect$$$$0000000A  mc_w.l(entry8b.o)
    0x08000138   0x08000138   0x00000008   Code   RO         6440    .ARM.Collect$$$$0000000B  mc_w.l(entry9a.o)
    0x08000140   0x08000140   0x00000004   Code   RO         6447    .ARM.Collect$$$$0000000E  mc_w.l(entry12b.o)
    0x08000144   0x08000144   0x00000000   Code   RO         6442    .ARM.Collect$$$$0000000F  mc_w.l(entry10a.o)
    0x08000144   0x08000144   0x00000000   Code   RO         6444    .ARM.Collect$$$$00000011  mc_w.l(entry11a.o)
    0x08000144   0x08000144   0x00000004   Code   RO         6433    .ARM.Collect$$$$00002712  mc_w.l(entry2.o)
    0x08000148   0x08000148   0x00000096   Code   RO         5993    .emb_text           port.o
    0x080001de   0x080001de   0x00000002   PAD
    0x080001e0   0x080001e0   0x00000024   Code   RO            4    .text               startup_stm32f103xe.o
    0x08000204   0x08000204   0x00000020   Code   RO         6081    .text               mc_w.l(llushr.o)
    0x08000224   0x08000224   0x00000024   Code   RO         6083    .text               mc_w.l(memcpya.o)
    0x08000248   0x08000248   0x00000024   Code   RO         6087    .text               mc_w.l(memseta.o)
    0x0800026c   0x0800026c   0x0000000e   Code   RO         6089    .text               mc_w.l(strlen.o)
    0x0800027a   0x0800027a   0x00000012   Code   RO         6091    .text               mc_w.l(strcpy.o)
    0x0800028c   0x0800028c   0x0000014e   Code   RO         6390    .text               mf_w.l(dadd.o)
    0x080003da   0x080003da   0x000000e4   Code   RO         6392    .text               mf_w.l(dmul.o)
    0x080004be   0x080004be   0x000000de   Code   RO         6394    .text               mf_w.l(ddiv.o)
    0x0800059c   0x0800059c   0x0000002c   Code   RO         6451    .text               mc_w.l(uidiv.o)
    0x080005c8   0x080005c8   0x00000062   Code   RO         6453    .text               mc_w.l(uldiv.o)
    0x0800062a   0x0800062a   0x0000001e   Code   RO         6455    .text               mc_w.l(llshl.o)
    0x08000648   0x08000648   0x00000024   Code   RO         6457    .text               mc_w.l(llsshr.o)
    0x0800066c   0x0800066c   0x00000000   Code   RO         6468    .text               mc_w.l(iusefp.o)
    0x0800066c   0x0800066c   0x000000ba   Code   RO         6471    .text               mf_w.l(depilogue.o)
    0x08000726   0x08000726   0x00000030   Code   RO         6473    .text               mf_w.l(dfixul.o)
    0x08000756   0x08000756   0x00000002   PAD
    0x08000758   0x08000758   0x00000030   Code   RO         6475    .text               mf_w.l(cdrcmple.o)
    0x08000788   0x08000788   0x00000024   Code   RO         6481    .text               mc_w.l(init.o)
    0x080007ac   0x080007ac   0x00000004   Code   RO          431    i.BusFault_Handler  stm32f1xx_it.o
    0x080007b0   0x080007b0   0x00000010   Code   RO          432    i.CAN1_RX1_IRQHandler  stm32f1xx_it.o
    0x080007c0   0x080007c0   0x00000010   Code   RO          433    i.CAN1_SCE_IRQHandler  stm32f1xx_it.o
    0x080007d0   0x080007d0   0x00000010   Code   RO          434    i.DMA1_Channel3_IRQHandler  stm32f1xx_it.o
    0x080007e0   0x080007e0   0x00000010   Code   RO          435    i.DMA1_Channel4_IRQHandler  stm32f1xx_it.o
    0x080007f0   0x080007f0   0x00000010   Code   RO          436    i.DMA1_Channel5_IRQHandler  stm32f1xx_it.o
    0x08000800   0x08000800   0x0000002c   Code   RO         1267    i.DMA_SetConfig     stm32f1xx_hal_dma.o
    0x0800082c   0x0800082c   0x00000002   Code   RO          437    i.DebugMon_Handler  stm32f1xx_it.o
    0x0800082e   0x0800082e   0x00000006   Code   RO           13    i.Error_Handler     main.o
    0x08000834   0x08000834   0x0000014a   Code   RO          650    i.HAL_CAN_AddTxMessage  stm32f1xx_hal_can.o
    0x0800097e   0x0800097e   0x00000002   PAD
    0x08000980   0x08000980   0x0000001c   Code   RO         3572    i.HAL_CAN_ErrorCallback  drv_can.o
    0x0800099c   0x0800099c   0x00000194   Code   RO          657    i.HAL_CAN_GetRxMessage  stm32f1xx_hal_can.o
    0x08000b30   0x08000b30   0x00000036   Code   RO          659    i.HAL_CAN_GetTxMailboxesFreeLevel  stm32f1xx_hal_can.o
    0x08000b66   0x08000b66   0x0000024e   Code   RO          661    i.HAL_CAN_IRQHandler  stm32f1xx_hal_can.o
    0x08000db4   0x08000db4   0x00000174   Code   RO          662    i.HAL_CAN_Init      stm32f1xx_hal_can.o
    0x08000f28   0x08000f28   0x000000c8   Code   RO          312    i.HAL_CAN_MspInit   can.o
    0x08000ff0   0x08000ff0   0x00000002   Code   RO          669    i.HAL_CAN_RxFifo0FullCallback  stm32f1xx_hal_can.o
    0x08000ff2   0x08000ff2   0x00000002   PAD
    0x08000ff4   0x08000ff4   0x00000034   Code   RO         3573    i.HAL_CAN_RxFifo0MsgPendingCallback  drv_can.o
    0x08001028   0x08001028   0x00000002   Code   RO          671    i.HAL_CAN_RxFifo1FullCallback  stm32f1xx_hal_can.o
    0x0800102a   0x0800102a   0x00000002   Code   RO          672    i.HAL_CAN_RxFifo1MsgPendingCallback  stm32f1xx_hal_can.o
    0x0800102c   0x0800102c   0x00000002   Code   RO          673    i.HAL_CAN_SleepCallback  stm32f1xx_hal_can.o
    0x0800102e   0x0800102e   0x00000002   Code   RO          676    i.HAL_CAN_TxMailbox0AbortCallback  stm32f1xx_hal_can.o
    0x08001030   0x08001030   0x0000001c   Code   RO         3574    i.HAL_CAN_TxMailbox0CompleteCallback  drv_can.o
    0x0800104c   0x0800104c   0x00000002   Code   RO          678    i.HAL_CAN_TxMailbox1AbortCallback  stm32f1xx_hal_can.o
    0x0800104e   0x0800104e   0x00000002   PAD
    0x08001050   0x08001050   0x0000001c   Code   RO         3575    i.HAL_CAN_TxMailbox1CompleteCallback  drv_can.o
    0x0800106c   0x0800106c   0x00000002   Code   RO          680    i.HAL_CAN_TxMailbox2AbortCallback  stm32f1xx_hal_can.o
    0x0800106e   0x0800106e   0x00000002   PAD
    0x08001070   0x08001070   0x0000001c   Code   RO         3576    i.HAL_CAN_TxMailbox2CompleteCallback  drv_can.o
    0x0800108c   0x0800108c   0x00000002   Code   RO          683    i.HAL_CAN_WakeUpFromRxMsgCallback  stm32f1xx_hal_can.o
    0x0800108e   0x0800108e   0x00000056   Code   RO         1268    i.HAL_DMA_Abort     stm32f1xx_hal_dma.o
    0x080010e4   0x080010e4   0x000001a8   Code   RO         1269    i.HAL_DMA_Abort_IT  stm32f1xx_hal_dma.o
    0x0800128c   0x0800128c   0x00000398   Code   RO         1273    i.HAL_DMA_IRQHandler  stm32f1xx_hal_dma.o
    0x08001624   0x08001624   0x0000008c   Code   RO         1274    i.HAL_DMA_Init      stm32f1xx_hal_dma.o
    0x080016b0   0x080016b0   0x00000072   Code   RO         1277    i.HAL_DMA_Start     stm32f1xx_hal_dma.o
    0x08001722   0x08001722   0x0000009c   Code   RO         1278    i.HAL_DMA_Start_IT  stm32f1xx_hal_dma.o
    0x080017be   0x080017be   0x00000002   PAD
    0x080017c0   0x080017c0   0x00000340   Code   RO         1204    i.HAL_GPIO_Init     stm32f1xx_hal_gpio.o
    0x08001b00   0x08001b00   0x0000000c   Code   RO         1208    i.HAL_GPIO_WritePin  stm32f1xx_hal_gpio.o
    0x08001b0c   0x08001b0c   0x0000000c   Code   RO          893    i.HAL_GetTick       stm32f1xx_hal.o
    0x08001b18   0x08001b18   0x00000018   Code   RO          899    i.HAL_IncTick       stm32f1xx_hal.o
    0x08001b30   0x08001b30   0x00000028   Code   RO          900    i.HAL_Init          stm32f1xx_hal.o
    0x08001b58   0x08001b58   0x000000b4   Code   RO          573    i.HAL_InitTick      stm32f1xx_hal_timebase_tim.o
    0x08001c0c   0x08001c0c   0x00000060   Code   RO          549    i.HAL_MspInit       stm32f1xx_hal_msp.o
    0x08001c6c   0x08001c6c   0x00000020   Code   RO         1364    i.HAL_NVIC_EnableIRQ  stm32f1xx_hal_cortex.o
    0x08001c8c   0x08001c8c   0x0000007c   Code   RO         1370    i.HAL_NVIC_SetPriority  stm32f1xx_hal_cortex.o
    0x08001d08   0x08001d08   0x00000028   Code   RO         1371    i.HAL_NVIC_SetPriorityGrouping  stm32f1xx_hal_cortex.o
    0x08001d30   0x08001d30   0x0000018c   Code   RO         1057    i.HAL_RCC_ClockConfig  stm32f1xx_hal_rcc.o
    0x08001ebc   0x08001ebc   0x00000044   Code   RO         1061    i.HAL_RCC_GetClockConfig  stm32f1xx_hal_rcc.o
    0x08001f00   0x08001f00   0x0000000c   Code   RO         1062    i.HAL_RCC_GetHCLKFreq  stm32f1xx_hal_rcc.o
    0x08001f0c   0x08001f0c   0x00000020   Code   RO         1064    i.HAL_RCC_GetPCLK1Freq  stm32f1xx_hal_rcc.o
    0x08001f2c   0x08001f2c   0x00000020   Code   RO         1065    i.HAL_RCC_GetPCLK2Freq  stm32f1xx_hal_rcc.o
    0x08001f4c   0x08001f4c   0x00000070   Code   RO         1066    i.HAL_RCC_GetSysClockFreq  stm32f1xx_hal_rcc.o
    0x08001fbc   0x08001fbc   0x00000464   Code   RO         1069    i.HAL_RCC_OscConfig  stm32f1xx_hal_rcc.o
    0x08002420   0x08002420   0x00000002   Code   RO         2607    i.HAL_TIMEx_BreakCallback  stm32f1xx_hal_tim_ex.o
    0x08002422   0x08002422   0x00000002   Code   RO         2608    i.HAL_TIMEx_CommutCallback  stm32f1xx_hal_tim_ex.o
    0x08002424   0x08002424   0x00000066   Code   RO         1892    i.HAL_TIM_Base_Init  stm32f1xx_hal_tim.o
    0x0800248a   0x0800248a   0x00000002   Code   RO         1894    i.HAL_TIM_Base_MspInit  stm32f1xx_hal_tim.o
    0x0800248c   0x0800248c   0x00000090   Code   RO         1897    i.HAL_TIM_Base_Start_IT  stm32f1xx_hal_tim.o
    0x0800251c   0x0800251c   0x00000002   Code   RO         1926    i.HAL_TIM_IC_CaptureCallback  stm32f1xx_hal_tim.o
    0x0800251e   0x0800251e   0x00000196   Code   RO         1940    i.HAL_TIM_IRQHandler  stm32f1xx_hal_tim.o
    0x080026b4   0x080026b4   0x00000002   Code   RO         1943    i.HAL_TIM_OC_DelayElapsedCallback  stm32f1xx_hal_tim.o
    0x080026b6   0x080026b6   0x00000002   Code   RO         1970    i.HAL_TIM_PWM_PulseFinishedCallback  stm32f1xx_hal_tim.o
    0x080026b8   0x080026b8   0x00000018   Code   RO           14    i.HAL_TIM_PeriodElapsedCallback  main.o
    0x080026d0   0x080026d0   0x00000002   Code   RO         1983    i.HAL_TIM_TriggerCallback  stm32f1xx_hal_tim.o
    0x080026d2   0x080026d2   0x00000002   Code   RO         2886    i.HAL_UARTEx_RxEventCallback  stm32f1xx_hal_uart.o
    0x080026d4   0x080026d4   0x00000002   Code   RO         2900    i.HAL_UART_ErrorCallback  stm32f1xx_hal_uart.o
    0x080026d6   0x080026d6   0x00000002   PAD
    0x080026d8   0x080026d8   0x000002e4   Code   RO         2903    i.HAL_UART_IRQHandler  stm32f1xx_hal_uart.o
    0x080029bc   0x080029bc   0x00000076   Code   RO         2904    i.HAL_UART_Init     stm32f1xx_hal_uart.o
    0x08002a32   0x08002a32   0x00000002   PAD
    0x08002a34   0x08002a34   0x00000234   Code   RO          378    i.HAL_UART_MspInit  usart.o
    0x08002c68   0x08002c68   0x0000002c   Code   RO         2908    i.HAL_UART_Receive_DMA  stm32f1xx_hal_uart.o
    0x08002c94   0x08002c94   0x00000034   Code   RO         3698    i.HAL_UART_RxCpltCallback  drv_uart_1.o
    0x08002cc8   0x08002cc8   0x00000034   Code   RO         3699    i.HAL_UART_RxHalfCpltCallback  drv_uart_1.o
    0x08002cfc   0x08002cfc   0x0000008c   Code   RO         2913    i.HAL_UART_Transmit_DMA  stm32f1xx_hal_uart.o
    0x08002d88   0x08002d88   0x00000030   Code   RO         3700    i.HAL_UART_TxCpltCallback  drv_uart_1.o
    0x08002db8   0x08002db8   0x00000002   Code   RO         2916    i.HAL_UART_TxHalfCpltCallback  stm32f1xx_hal_uart.o
    0x08002dba   0x08002dba   0x00000004   Code   RO          438    i.HardFault_Handler  stm32f1xx_it.o
    0x08002dbe   0x08002dbe   0x00000002   PAD
    0x08002dc0   0x08002dc0   0x00000044   Code   RO          313    i.MX_CAN_Init       can.o
    0x08002e04   0x08002e04   0x00000054   Code   RO          353    i.MX_DMA_Init       dma.o
    0x08002e58   0x08002e58   0x00000020   Code   RO          262    i.MX_FREERTOS_Init  freertos.o
    0x08002e78   0x08002e78   0x000000d0   Code   RO          238    i.MX_GPIO_Init      gpio.o
    0x08002f48   0x08002f48   0x00000038   Code   RO          379    i.MX_USART1_UART_Init  usart.o
    0x08002f80   0x08002f80   0x00000038   Code   RO          380    i.MX_USART2_UART_Init  usart.o
    0x08002fb8   0x08002fb8   0x00000038   Code   RO          381    i.MX_USART3_UART_Init  usart.o
    0x08002ff0   0x08002ff0   0x00000004   Code   RO          439    i.MemManage_Handler  stm32f1xx_it.o
    0x08002ff4   0x08002ff4   0x00000004   Code   RO          440    i.NMI_Handler       stm32f1xx_it.o
    0x08002ff8   0x08002ff8   0x00000028   Code   RO         1070    i.RCC_Delay         stm32f1xx_hal_rcc.o
    0x08003020   0x08003020   0x00000034   Code   RO         5994    i.SysTick_Handler   port.o
    0x08003054   0x08003054   0x00000066   Code   RO           15    i.SystemClock_Config  main.o
    0x080030ba   0x080030ba   0x00000002   Code   RO         3248    i.SystemInit        system_stm32f1xx.o
    0x080030bc   0x080030bc   0x00000010   Code   RO          441    i.TIM7_IRQHandler   stm32f1xx_it.o
    0x080030cc   0x080030cc   0x0000009c   Code   RO         1985    i.TIM_Base_SetConfig  stm32f1xx_hal_tim.o
    0x08003168   0x08003168   0x00000014   Code   RO         2917    i.UART_DMAAbortOnError  stm32f1xx_hal_uart.o
    0x0800317c   0x0800317c   0x00000050   Code   RO         2918    i.UART_DMAError     stm32f1xx_hal_uart.o
    0x080031cc   0x080031cc   0x000000b4   Code   RO         2919    i.UART_DMAReceiveCplt  stm32f1xx_hal_uart.o
    0x08003280   0x08003280   0x00000024   Code   RO         2921    i.UART_DMARxHalfCplt  stm32f1xx_hal_uart.o
    0x080032a4   0x080032a4   0x00000058   Code   RO         2923    i.UART_DMATransmitCplt  stm32f1xx_hal_uart.o
    0x080032fc   0x080032fc   0x0000000e   Code   RO         2925    i.UART_DMATxHalfCplt  stm32f1xx_hal_uart.o
    0x0800330a   0x0800330a   0x0000006c   Code   RO         2927    i.UART_EndRxTransfer  stm32f1xx_hal_uart.o
    0x08003376   0x08003376   0x00000020   Code   RO         2928    i.UART_EndTransmit_IT  stm32f1xx_hal_uart.o
    0x08003396   0x08003396   0x00000026   Code   RO         2929    i.UART_EndTxTransfer  stm32f1xx_hal_uart.o
    0x080033bc   0x080033bc   0x00000066   Code   RO         3658    i.UART_Receive_DMA_No_IT  drv_t12.o
    0x08003422   0x08003422   0x000000fc   Code   RO         2930    i.UART_Receive_IT   stm32f1xx_hal_uart.o
    0x0800351e   0x0800351e   0x00000002   PAD
    0x08003520   0x08003520   0x000000fc   Code   RO         2931    i.UART_SetConfig    stm32f1xx_hal_uart.o
    0x0800361c   0x0800361c   0x000000c8   Code   RO         2932    i.UART_Start_Receive_DMA  stm32f1xx_hal_uart.o
    0x080036e4   0x080036e4   0x00000060   Code   RO         2934    i.UART_Transmit_IT  stm32f1xx_hal_uart.o
    0x08003744   0x08003744   0x00000010   Code   RO          442    i.USART1_IRQHandler  stm32f1xx_it.o
    0x08003754   0x08003754   0x00000010   Code   RO          443    i.USART3_IRQHandler  stm32f1xx_it.o
    0x08003764   0x08003764   0x00000010   Code   RO          444    i.USB_HP_CAN1_TX_IRQHandler  stm32f1xx_it.o
    0x08003774   0x08003774   0x00000010   Code   RO          445    i.USB_LP_CAN1_RX0_IRQHandler  stm32f1xx_it.o
    0x08003784   0x08003784   0x00000004   Code   RO          446    i.UsageFault_Handler  stm32f1xx_it.o
    0x08003788   0x08003788   0x00000034   Code   RO         6331    i.__0snprintf       mc_w.l(printfa.o)
    0x080037bc   0x080037bc   0x00000034   Code   RO         6335    i.__0vsnprintf      mc_w.l(printfa.o)
    0x080037f0   0x080037f0   0x00000010   Code   RO         1377    i.__NVIC_GetPriorityGrouping  stm32f1xx_hal_cortex.o
    0x08003800   0x08003800   0x00000028   Code   RO         1378    i.__NVIC_SetPriority  stm32f1xx_hal_cortex.o
    0x08003828   0x08003828   0x00000006   Code   RO         5511    i.__get_BASEPRI     cmsis_os2.o
    0x0800382e   0x0800382e   0x00000006   Code   RO         5512    i.__get_IPSR        cmsis_os2.o
    0x08003834   0x08003834   0x00000006   Code   RO         5513    i.__get_PRIMASK     cmsis_os2.o
    0x0800383a   0x0800383a   0x0000000e   Code   RO         6493    i.__scatterload_copy  mc_w.l(handlers.o)
    0x08003848   0x08003848   0x00000002   Code   RO         6494    i.__scatterload_null  mc_w.l(handlers.o)
    0x0800384a   0x0800384a   0x0000000e   Code   RO         6495    i.__scatterload_zeroinit  mc_w.l(handlers.o)
    0x08003858   0x08003858   0x00000006   Code   RO         3322    i.__set_PRIMASK     device.o
    0x0800385e   0x0800385e   0x00000002   PAD
    0x08003860   0x08003860   0x00000184   Code   RO         6337    i._fp_digits        mc_w.l(printfa.o)
    0x080039e4   0x080039e4   0x000006b4   Code   RO         6338    i._printf_core      mc_w.l(printfa.o)
    0x08004098   0x08004098   0x00000024   Code   RO         6339    i._printf_post_padding  mc_w.l(printfa.o)
    0x080040bc   0x080040bc   0x0000002e   Code   RO         6340    i._printf_pre_padding  mc_w.l(printfa.o)
    0x080040ea   0x080040ea   0x00000016   Code   RO         6341    i._snputc           mc_w.l(printfa.o)
    0x08004100   0x08004100   0x0000007a   Code   RO         3581    i.can_tx_mailbox_complete_handle  drv_can.o
    0x0800417a   0x0800417a   0x00000002   PAD
    0x0800417c   0x0800417c   0x00000214   Code   RO         3325    i.device_init       device.o
    0x08004390   0x08004390   0x0000003e   Code   RO         4040    i.fifo_get_noprotect  fifo.o
    0x080043ce   0x080043ce   0x0000000e   Code   RO         4042    i.fifo_is_empty     fifo.o
    0x080043dc   0x080043dc   0x000000a0   Code   RO         4053    i.fifo_s_gets       fifo.o
    0x0800447c   0x0800447c   0x0000001c   Code   RO         4055    i.fifo_s_init       fifo.o
    0x08004498   0x08004498   0x000000a6   Code   RO         4061    i.fifo_s_puts       fifo.o
    0x0800453e   0x0800453e   0x00000002   PAD
    0x08004540   0x08004540   0x0000000c   Code   RO         3973    i.get_global_log_level  log.o
    0x0800454c   0x0800454c   0x000000ee   Code   RO         3479    i.get_t12_data      sbus.o
    0x0800463a   0x0800463a   0x000001b8   Code   RO         3480    i.get_t12_state     sbus.o
    0x080047f2   0x080047f2   0x00000008   Code   RO         4375    i.get_time_ms       sys.o
    0x080047fa   0x080047fa   0x00000034   Code   RO         3974    i.log_printf        log.o
    0x0800482e   0x0800482e   0x00000028   Code   RO         3975    i.log_printf_to_buffer  log.o
    0x08004856   0x08004856   0x00000034   Code   RO           16    i.main              main.o
    0x0800488a   0x0800488a   0x00000002   PAD
    0x0800488c   0x0800488c   0x00000038   Code   RO         5514    i.osDelay           cmsis_os2.o
    0x080048c4   0x080048c4   0x00000040   Code   RO         5528    i.osKernelInitialize  cmsis_os2.o
    0x08004904   0x08004904   0x00000044   Code   RO         5531    i.osKernelStart     cmsis_os2.o
    0x08004948   0x08004948   0x000000dc   Code   RO         5565    i.osThreadNew       cmsis_os2.o
    0x08004a24   0x08004a24   0x0000007c   Code   RO         4986    i.prvAddCurrentTaskToDelayedList  tasks.o
    0x08004aa0   0x08004aa0   0x000000b8   Code   RO         4987    i.prvAddNewTaskToReadyList  tasks.o
    0x08004b58   0x08004b58   0x00000074   Code   RO         5347    i.prvCheckForValidListAndQueue  timers.o
    0x08004bcc   0x08004bcc   0x00000048   Code   RO         4988    i.prvCheckTasksWaitingTermination  tasks.o
    0x08004c14   0x08004c14   0x0000002a   Code   RO         4579    i.prvCopyDataFromQueue  queue.o
    0x08004c3e   0x08004c3e   0x0000007c   Code   RO         4580    i.prvCopyDataToQueue  queue.o
    0x08004cba   0x08004cba   0x00000050   Code   RO         4989    i.prvDeleteTCB      tasks.o
    0x08004d0a   0x08004d0a   0x00000002   PAD
    0x08004d0c   0x08004d0c   0x00000028   Code   RO         5348    i.prvGetNextExpireTime  timers.o
    0x08004d34   0x08004d34   0x0000007c   Code   RO         5944    i.prvHeapInit       heap_4.o
    0x08004db0   0x08004db0   0x00000028   Code   RO         4990    i.prvIdleTask       tasks.o
    0x08004dd8   0x08004dd8   0x0000002a   Code   RO         4583    i.prvInitialiseNewQueue  queue.o
    0x08004e02   0x08004e02   0x000000b4   Code   RO         4991    i.prvInitialiseNewTask  tasks.o
    0x08004eb6   0x08004eb6   0x00000002   PAD
    0x08004eb8   0x08004eb8   0x00000068   Code   RO         4992    i.prvInitialiseTaskLists  tasks.o
    0x08004f20   0x08004f20   0x00000068   Code   RO         5945    i.prvInsertBlockIntoFreeList  heap_4.o
    0x08004f88   0x08004f88   0x00000058   Code   RO         5350    i.prvInsertTimerInActiveList  timers.o
    0x08004fe0   0x08004fe0   0x0000001a   Code   RO         4584    i.prvIsQueueEmpty   queue.o
    0x08004ffa   0x08004ffa   0x0000001e   Code   RO         4585    i.prvIsQueueFull    queue.o
    0x08005018   0x08005018   0x00000064   Code   RO         5351    i.prvProcessExpiredTimer  timers.o
    0x0800507c   0x0800507c   0x00000128   Code   RO         5352    i.prvProcessReceivedCommands  timers.o
    0x080051a4   0x080051a4   0x00000074   Code   RO         5353    i.prvProcessTimerOrBlockTask  timers.o
    0x08005218   0x08005218   0x00000034   Code   RO         4994    i.prvResetNextTaskUnblockTime  tasks.o
    0x0800524c   0x0800524c   0x0000002c   Code   RO         5354    i.prvSampleTimeNow  timers.o
    0x08005278   0x08005278   0x000000a0   Code   RO         5355    i.prvSwitchTimerLists  timers.o
    0x08005318   0x08005318   0x00000040   Code   RO         5995    i.prvTaskExitError  port.o
    0x08005358   0x08005358   0x0000001a   Code   RO         5356    i.prvTimerTask      timers.o
    0x08005372   0x08005372   0x0000007e   Code   RO         4586    i.prvUnlockQueue    queue.o
    0x080053f0   0x080053f0   0x0000013c   Code   RO         5946    i.pvPortMalloc      heap_4.o
    0x0800552c   0x0800552c   0x00000024   Code   RO         5996    i.pxPortInitialiseStack  port.o
    0x08005550   0x08005550   0x00000022   Code   RO         3481    i.rc_device_date_update  sbus.o
    0x08005572   0x08005572   0x00000002   PAD
    0x08005574   0x08005574   0x00000134   Code   RO         3484    i.rc_device_register  sbus.o
    0x080056a8   0x080056a8   0x00000128   Code   RO         3284    i.system_service    init.o
    0x080057d0   0x080057d0   0x0000000c   Code   RO          263    i.system_service_task  freertos.o
    0x080057dc   0x080057dc   0x00000018   Code   RO         3535    i.t12_rx_data_by_uart  board.o
    0x080057f4   0x080057f4   0x0000003c   Code   RO         3659    i.t12_uart_init     drv_t12.o
    0x08005830   0x08005830   0x00000074   Code   RO         3703    i.usart1_manage_init  drv_uart_1.o
    0x080058a4   0x080058a4   0x00000018   Code   RO         3706    i.usart1_transmit   drv_uart_1.o
    0x080058bc   0x080058bc   0x0000006e   Code   RO         3711    i.usart_rec_to_buff  drv_uart_1.o
    0x0800592a   0x0800592a   0x00000094   Code   RO         3713    i.usart_transmit    drv_uart_1.o
    0x080059be   0x080059be   0x00000040   Code   RO         3714    i.usart_transmit_hook  drv_uart_1.o
    0x080059fe   0x080059fe   0x00000028   Code   RO         4539    i.uxListRemove      list.o
    0x08005a26   0x08005a26   0x00000002   PAD
    0x08005a28   0x08005a28   0x00000018   Code   RO         5577    i.vApplicationGetIdleTaskMemory  cmsis_os2.o
    0x08005a40   0x08005a40   0x00000018   Code   RO         5578    i.vApplicationGetTimerTaskMemory  cmsis_os2.o
    0x08005a58   0x08005a58   0x0000001a   Code   RO         4540    i.vListInitialise   list.o
    0x08005a72   0x08005a72   0x00000006   Code   RO         4541    i.vListInitialiseItem  list.o
    0x08005a78   0x08005a78   0x00000034   Code   RO         4542    i.vListInsert       list.o
    0x08005aac   0x08005aac   0x00000018   Code   RO         4543    i.vListInsertEnd    list.o
    0x08005ac4   0x08005ac4   0x00000054   Code   RO         5998    i.vPortEnterCritical  port.o
    0x08005b18   0x08005b18   0x0000003c   Code   RO         5999    i.vPortExitCritical  port.o
    0x08005b54   0x08005b54   0x00000094   Code   RO         5947    i.vPortFree         heap_4.o
    0x08005be8   0x08005be8   0x00000028   Code   RO         6000    i.vPortSetupTimerInterrupt  port.o
    0x08005c10   0x08005c10   0x00000078   Code   RO         6001    i.vPortValidateInterruptPriority  port.o
    0x08005c88   0x08005c88   0x0000002c   Code   RO         4592    i.vQueueAddToRegistry  queue.o
    0x08005cb4   0x08005cb4   0x0000004a   Code   RO         4596    i.vQueueWaitForMessageRestricted  queue.o
    0x08005cfe   0x08005cfe   0x00000002   PAD
    0x08005d00   0x08005d00   0x0000005c   Code   RO         5006    i.vTaskDelay        tasks.o
    0x08005d5c   0x08005d5c   0x00000018   Code   RO         5011    i.vTaskInternalSetTimeOutState  tasks.o
    0x08005d74   0x08005d74   0x0000000c   Code   RO         5012    i.vTaskMissedYield  tasks.o
    0x08005d80   0x08005d80   0x00000038   Code   RO         5014    i.vTaskPlaceOnEventList  tasks.o
    0x08005db8   0x08005db8   0x00000040   Code   RO         5015    i.vTaskPlaceOnEventListRestricted  tasks.o
    0x08005df8   0x08005df8   0x000000b8   Code   RO         5023    i.vTaskStartScheduler  tasks.o
    0x08005eb0   0x08005eb0   0x00000010   Code   RO         5025    i.vTaskSuspendAll   tasks.o
    0x08005ec0   0x08005ec0   0x00000090   Code   RO         5026    i.vTaskSwitchContext  tasks.o
    0x08005f50   0x08005f50   0x000000f8   Code   RO         6002    i.xPortStartScheduler  port.o
    0x08006048   0x08006048   0x000000de   Code   RO         4602    i.xQueueGenericCreateStatic  queue.o
    0x08006126   0x08006126   0x00000002   PAD
    0x08006128   0x08006128   0x00000098   Code   RO         4603    i.xQueueGenericReset  queue.o
    0x080061c0   0x080061c0   0x000001a8   Code   RO         4604    i.xQueueGenericSend  queue.o
    0x08006368   0x08006368   0x000000f8   Code   RO         4605    i.xQueueGenericSendFromISR  queue.o
    0x08006460   0x08006460   0x00000168   Code   RO         4614    i.xQueueReceive     queue.o
    0x080065c8   0x080065c8   0x0000008c   Code   RO         5027    i.xTaskCheckForTimeOut  tasks.o
    0x08006654   0x08006654   0x00000064   Code   RO         5028    i.xTaskCreate       tasks.o
    0x080066b8   0x080066b8   0x000000b8   Code   RO         5029    i.xTaskCreateStatic  tasks.o
    0x08006770   0x08006770   0x00000020   Code   RO         5033    i.xTaskGetSchedulerState  tasks.o
    0x08006790   0x08006790   0x0000000c   Code   RO         5034    i.xTaskGetTickCount  tasks.o
    0x0800679c   0x0800679c   0x00000144   Code   RO         5036    i.xTaskIncrementTick  tasks.o
    0x080068e0   0x080068e0   0x000000a4   Code   RO         5039    i.xTaskPriorityDisinherit  tasks.o
    0x08006984   0x08006984   0x00000098   Code   RO         5041    i.xTaskRemoveFromEventList  tasks.o
    0x08006a1c   0x08006a1c   0x00000104   Code   RO         5042    i.xTaskResumeAll    tasks.o
    0x08006b20   0x08006b20   0x00000078   Code   RO         5363    i.xTimerCreateTimerTask  timers.o
    0x08006b98   0x08006b98   0x00000084   Code   RO         5364    i.xTimerGenericCommand  timers.o
    0x08006c1c   0x08006c1c   0x00000024   Data   RO          264    .constdata          freertos.o
    0x08006c40   0x08006c40   0x00000012   Data   RO         1071    .constdata          stm32f1xx_hal_rcc.o
    0x08006c52   0x08006c52   0x00000018   Data   RO         3249    .constdata          system_stm32f1xx.o
    0x08006c6a   0x08006c6a   0x00000002   PAD
    0x08006c6c   0x08006c6c   0x0000000f   Data   RO          265    .conststring        freertos.o
    0x08006c7b   0x08006c7b   0x00000001   PAD
    0x08006c7c   0x08006c7c   0x00000025   Data   RO         3328    .conststring        device.o
    0x08006ca1   0x08006ca1   0x00000003   PAD
    0x08006ca4   0x08006ca4   0x00000027   Data   RO         3977    .conststring        log.o
    0x08006ccb   0x08006ccb   0x00000001   PAD
    0x08006ccc   0x08006ccc   0x00000020   Data   RO         6491    Region$$Table       anon$$obj.o


    Execution Region RW_IRAM1 (Exec base: 0x20000000, Load base: 0x08006cec, Size: 0x00006128, Max: 0x0000c000, ABSOLUTE)

    Exec Addr    Load Addr    Size         Type   Attr      Idx    E Section Name        Object

    0x20000000   0x08006cec   0x00000004   Data   RW          266    .data               freertos.o
    0x20000004   0x08006cf0   0x00000009   Data   RW          907    .data               stm32f1xx_hal.o
    0x2000000d   0x08006cf9   0x00000003   PAD
    0x20000010   0x08006cfc   0x00000004   Data   RW         3250    .data               system_stm32f1xx.o
    0x20000014   0x08006d00   0x0000001c   Data   RW         3329    .data               device.o
    0x20000030   0x08006d1c   0x00000008   Data   RW         3662    .data               drv_t12.o
    0x20000038   0x08006d24   0x00000019   Data   RW         3978    .data               log.o
    0x20000051   0x08006d3d   0x00000003   PAD
    0x20000054   0x08006d40   0x0000003c   Data   RW         5045    .data               tasks.o
    0x20000090   0x08006d7c   0x00000014   Data   RW         5372    .data               timers.o
    0x200000a4   0x08006d90   0x00000004   Data   RW         5580    .data               cmsis_os2.o
    0x200000a8   0x08006d94   0x00000018   Data   RW         5952    .data               heap_4.o
    0x200000c0   0x08006dac   0x0000000c   Data   RW         6003    .data               port.o
    0x200000cc        -       0x00000028   Zero   RW          314    .bss                can.o
    0x200000f4        -       0x000001a4   Zero   RW          382    .bss                usart.o
    0x20000298        -       0x00000048   Zero   RW          576    .bss                stm32f1xx_hal_timebase_tim.o
    0x200002e0        -       0x00000084   Zero   RW         3285    .bss                init.o
    0x20000364        -       0x00001030   Zero   RW         3582    .bss                drv_can.o
    0x20001394        -       0x00000032   Zero   RW         3661    .bss                drv_t12.o
    0x200013c6   0x08006db8   0x00000002   PAD
    0x200013c8        -       0x00001488   Zero   RW         3715    .bss                drv_uart_1.o
    0x20002850        -       0x00000040   Zero   RW         4618    .bss                queue.o
    0x20002890        -       0x000004c4   Zero   RW         5044    .bss                tasks.o
    0x20002d54        -       0x00000118   Zero   RW         5371    .bss                timers.o
    0x20002e6c        -       0x000006b8   Zero   RW         5579    .bss                cmsis_os2.o
    0x20003524        -       0x00002800   Zero   RW         5951    .bss                heap_4.o
    0x20005d24   0x08006db8   0x00000004   PAD
    0x20005d28        -       0x00000400   Zero   RW            1    STACK               startup_stm32f103xe.o


==============================================================================

Image component sizes


      Code (inc. data)   RO Data    RW Data    ZI Data      Debug   Object Name

        24          6          0          0          0       2435   board.o
       268         24          0          0         40       1587   can.o
       474         38          0          4       1720      11034   cmsis_os2.o
       538        150         37         28          0      12580   device.o
        84          4          0          0          0        722   dma.o
       286         48          0          0       4144       8464   drv_can.o
       162         18          0          8         50       1964   drv_t12.o
       614         78          0          0       5256       6594   drv_uart_1.o
         0          0          0          0          0      20084   event_groups.o
       430          0          0          0          0       4615   fifo.o
        44         14         51          4          0       4290   freertos.o
       208         12          0          0          0        927   gpio.o
       692         62          0         24      10240       4563   heap_4.o
       296        132          0          0        132        822   init.o
       148          0          0          0          0       3314   list.o
       104          6         39         25          0       2246   log.o
       184          6          0          0          0     511188   main.o
         0          0          0          0          0        724   motor.o
       854         78          0         12          0      10681   port.o
      1914         20          0          0         64      16464   queue.o
      1020        118          0          0          0       4021   sbus.o
        36          8        304          0       1024        784   startup_stm32f103xe.o
        76         20          0          9          0       5138   stm32f1xx_hal.o
      1766          0          0          0          0       9508   stm32f1xx_hal_can.o
       252         22          0          0          0      28566   stm32f1xx_hal_cortex.o
      1884         28          0          0          0       6010   stm32f1xx_hal_dma.o
       844         40          0          0          0       2636   stm32f1xx_hal_gpio.o
        96         10          0          0          0        858   stm32f1xx_hal_msp.o
      1816        108         18          0          0       6425   stm32f1xx_hal_rcc.o
       818         44          0          0          0       6022   stm32f1xx_hal_tim.o
         4          0          0          0          0       1497   stm32f1xx_hal_tim_ex.o
       180         22          0          0         72       1415   stm32f1xx_hal_timebase_tim.o
      2444         34          0          0          0      14638   stm32f1xx_hal_uart.o
       182         60          0          0          0       7041   stm32f1xx_it.o
         0          0          0          0          0       8876   stream_buffer.o
         8          0          0          0          0        458   sys.o
         2          0         24          4          0       1067   system_stm32f1xx.o
      2796        346          0         60       1220      23186   tasks.o
      1238        124          0         20        280      26319   timers.o
       732         72          0          0        420       3105   usart.o

    ----------------------------------------------------------------------
     23558       1752        512        204      24668     782868   Object Totals
         0          0         32          0          0          0   (incl. Generated)
        40          0          7          6          6          0   (incl. Padding)

    ----------------------------------------------------------------------

      Code (inc. data)   RO Data    RW Data    ZI Data      Debug   Library Member Name

         0          0          0          0          0          0   entry.o
         0          0          0          0          0          0   entry10a.o
         0          0          0          0          0          0   entry11a.o
         4          0          0          0          0          0   entry12b.o
         8          4          0          0          0          0   entry2.o
         4          0          0          0          0          0   entry5.o
         0          0          0          0          0          0   entry7b.o
         0          0          0          0          0          0   entry8b.o
         8          4          0          0          0          0   entry9a.o
        30          0          0          0          0          0   handlers.o
        36          8          0          0          0         68   init.o
         0          0          0          0          0          0   iusefp.o
        30          0          0          0          0         68   llshl.o
        36          0          0          0          0         68   llsshr.o
        32          0          0          0          0         68   llushr.o
        36          0          0          0          0         68   memcpya.o
        36          0          0          0          0        108   memseta.o
      2312         90          0          0          0        616   printfa.o
        18          0          0          0          0         68   strcpy.o
        14          0          0          0          0         68   strlen.o
        44          0          0          0          0         80   uidiv.o
        98          0          0          0          0         92   uldiv.o
        48          0          0          0          0         68   cdrcmple.o
       334          0          0          0          0        148   dadd.o
       222          0          0          0          0        100   ddiv.o
       186          0          0          0          0        176   depilogue.o
        48          0          0          0          0         68   dfixul.o
       228          0          0          0          0         96   dmul.o

    ----------------------------------------------------------------------
      3814        106          0          0          0       2028   Library Totals
         2          0          0          0          0          0   (incl. Padding)

    ----------------------------------------------------------------------

      Code (inc. data)   RO Data    RW Data    ZI Data      Debug   Library Name

      2746        106          0          0          0       1372   mc_w.l
      1066          0          0          0          0        656   mf_w.l

    ----------------------------------------------------------------------
      3814        106          0          0          0       2028   Library Totals

    ----------------------------------------------------------------------

==============================================================================


      Code (inc. data)   RO Data    RW Data    ZI Data      Debug   

     27372       1858        512        204      24668     773244   Grand Totals
     27372       1858        512        204      24668     773244   ELF Image Totals
     27372       1858        512        204          0          0   ROM Totals

==============================================================================

    Total RO  Size (Code + RO Data)                27884 (  27.23kB)
    Total RW  Size (RW Data + ZI Data)             24872 (  24.29kB)
    Total ROM Size (Code + RO Data + RW Data)      28088 (  27.43kB)

==============================================================================

